main.c:112:6:HAL_TIM_PeriodElapsedCallback	16	static
main.c:135:6:init_peripherals	4	static
main.c:145:6:HAL_UART_RxCpltCallback	16	static
main.c:161:5:main	16	static
main.c:348:6:SystemClock_Config	88	static
main.c:394:13:MX_SPI1_Init	8	static
main.c:432:13:MX_SPI2_Init	8	static
main.c:470:13:MX_SPI3_Init	8	static
main.c:508:13:MX_SPI4_Init	8	static
main.c:546:13:MX_TIM5_Init	32	static
main.c:591:13:MX_TIM10_Init	8	static
main.c:622:13:MX_TIM11_Init	8	static
main.c:653:13:MX_TIM13_Init	8	static
main.c:684:13:MX_USART1_UART_Init	8	static
main.c:717:13:MX_GPIO_Init	56	static
main.c:819:6:Error_Handler	4	static,ignoring_inline_asm
