main.c:111:6:HAL_TIM_PeriodElapsedCallback	16	static
main.c:134:6:init_peripherals	4	static
main.c:144:6:HAL_UART_RxCpltCallback	16	static
main.c:160:5:main	16	static
main.c:347:6:SystemClock_Config	88	static
main.c:393:13:MX_SPI1_Init	8	static
main.c:431:13:MX_SPI2_Init	8	static
main.c:469:13:MX_SPI3_Init	8	static
main.c:507:13:MX_SPI4_Init	8	static
main.c:545:13:MX_TIM5_Init	32	static
main.c:590:13:MX_TIM10_Init	8	static
main.c:621:13:MX_TIM11_Init	8	static
main.c:652:13:MX_TIM13_Init	8	static
main.c:683:13:MX_USART1_UART_Init	8	static
main.c:716:13:MX_GPIO_Init	56	static
main.c:818:6:Error_Handler	4	static,ignoring_inline_asm
