telem.c:29:6:set_vlv	24	static
telem.c:40:6:set_kp	40	static
telem.c:54:6:set_ki	40	static
telem.c:68:6:set_kd	40	static
telem.c:82:6:set_state	24	static
telem.c:92:6:download_flash	16	static
telem.c:101:6:wipe_flash	16	static
telem.c:110:6:start_logging	16	static
telem.c:121:6:stop_logging	16	static
telem.c:132:6:set_stepper_pos	24	static
telem.c:146:6:set_stepper_zero	24	static
telem.c:160:6:set_control_target_pressure	24	static
telem.c:174:6:ambientize_pressure_transducers	24	static
telem.c:186:6:set_low_toggle_percent	24	static
telem.c:201:6:set_high_toggle_percent	24	static
telem.c:216:6:set_stepper_speed	24	static
telem.c:230:6:set_telem	24	static
telem.c:246:6:set_presstank_status	24	static
telem.c:260:6:ambientize_pot	24	static
telem.c:274:6:led_write	24	static
telem.c:300:6:set_system_clock	24	static
telem.c:310:6:remove_pressure_ambients	24	static
telem.c:322:6:set_fuel_mpv_on_delay	24	static
telem.c:333:6:set_engine_test_duration	24	static
telem.c:344:6:set_pid_start_delay	24	static
telem.c:355:6:set_ignitor_on_delay	24	static
telem.c:366:6:set_ignitor_high_duration	24	static
telem.c:377:6:set_film_cooling_on_delay	24	static
telem.c:388:6:set_init_motor_deg_factor	24	static
telem.c:399:6:clear_status_flags	16	static
telem.c:408:6:start_simulation	16	static
telem.c:417:6:advance_simulation	16	static
telem.c:426:6:stop_simulation	16	static
telem.c:435:6:set_pt_lower_voltage	24	static
telem.c:449:6:set_pt_upper_voltage	24	static
telem.c:463:6:set_pt_upper_pressure	24	static
telem.c:477:6:refresh_calibrations	16	static
telem.c:486:6:send_gse_cmd	24	static
