telem.c:30:6:set_vlv	24	static
telem.c:41:6:set_kp	40	static
telem.c:55:6:set_ki	40	static
telem.c:69:6:set_kd	40	static
telem.c:83:6:set_state	24	static
telem.c:93:6:download_flash	16	static
telem.c:102:6:wipe_flash	16	static
telem.c:111:6:start_logging	16	static
telem.c:122:6:stop_logging	16	static
telem.c:133:6:set_stepper_pos	24	static
telem.c:147:6:set_stepper_zero	24	static
telem.c:161:6:set_control_target_pressure	24	static
telem.c:175:6:ambientize_pressure_transducers	24	static
telem.c:187:6:set_low_toggle_percent	24	static
telem.c:202:6:set_high_toggle_percent	24	static
telem.c:217:6:set_stepper_speed	24	static
telem.c:231:6:set_telem	24	static
telem.c:247:6:set_presstank_status	24	static
telem.c:261:6:ambientize_pot	24	static
telem.c:275:6:led_write	24	static
telem.c:301:6:set_system_clock	24	static
telem.c:311:6:remove_pressure_ambients	24	static
telem.c:323:6:set_fuel_mpv_on_delay	24	static
telem.c:334:6:set_engine_test_duration	24	static
telem.c:345:6:set_pid_start_delay	24	static
telem.c:356:6:set_ignitor_on_delay	24	static
telem.c:367:6:set_ignitor_high_duration	24	static
telem.c:378:6:set_film_cooling_on_delay	24	static
telem.c:389:6:set_init_motor_deg_factor	24	static
telem.c:400:6:clear_status_flags	16	static
telem.c:409:6:start_simulation	16	static
telem.c:418:6:advance_simulation	16	static
telem.c:427:6:stop_simulation	16	static
telem.c:436:6:set_pt_lower_voltage	24	static
telem.c:450:6:set_pt_upper_voltage	24	static
telem.c:464:6:set_pt_upper_pressure	24	static
telem.c:478:6:refresh_calibrations	16	static
telem.c:487:6:send_gse_cmd	24	static
