Archive member included to satisfy reference by file (symbol)

c:/st/stm32cubeide_1.3.0/stm32cubeide/plugins/com.st.stm32cube.ide.mcu.externaltools.gnu-tools-for-stm32.9-2020-q2-update.win32_1.5.0.202011040924/tools/bin/../lib/gcc/arm-none-eabi/9.3.1/../../../../arm-none-eabi/lib/thumb/v7e-m+fp/hard\libc_nano.a(lib_a-errno.o)
                              Core/Src/syscalls.o (__errno)
c:/st/stm32cubeide_1.3.0/stm32cubeide/plugins/com.st.stm32cube.ide.mcu.externaltools.gnu-tools-for-stm32.9-2020-q2-update.win32_1.5.0.202011040924/tools/bin/../lib/gcc/arm-none-eabi/9.3.1/../../../../arm-none-eabi/lib/thumb/v7e-m+fp/hard\libc_nano.a(lib_a-exit.o)
                              c:/st/stm32cubeide_1.3.0/stm32cubeide/plugins/com.st.stm32cube.ide.mcu.externaltools.gnu-tools-for-stm32.9-2020-q2-update.win32_1.5.0.202011040924/tools/bin/../lib/gcc/arm-none-eabi/9.3.1/../../../../arm-none-eabi/lib/thumb/v7e-m+fp/hard/crt0.o (exit)
c:/st/stm32cubeide_1.3.0/stm32cubeide/plugins/com.st.stm32cube.ide.mcu.externaltools.gnu-tools-for-stm32.9-2020-q2-update.win32_1.5.0.202011040924/tools/bin/../lib/gcc/arm-none-eabi/9.3.1/../../../../arm-none-eabi/lib/thumb/v7e-m+fp/hard\libc_nano.a(lib_a-impure.o)
                              c:/st/stm32cubeide_1.3.0/stm32cubeide/plugins/com.st.stm32cube.ide.mcu.externaltools.gnu-tools-for-stm32.9-2020-q2-update.win32_1.5.0.202011040924/tools/bin/../lib/gcc/arm-none-eabi/9.3.1/../../../../arm-none-eabi/lib/thumb/v7e-m+fp/hard\libc_nano.a(lib_a-exit.o) (_global_impure_ptr)
c:/st/stm32cubeide_1.3.0/stm32cubeide/plugins/com.st.stm32cube.ide.mcu.externaltools.gnu-tools-for-stm32.9-2020-q2-update.win32_1.5.0.202011040924/tools/bin/../lib/gcc/arm-none-eabi/9.3.1/../../../../arm-none-eabi/lib/thumb/v7e-m+fp/hard\libc_nano.a(lib_a-init.o)
                              c:/st/stm32cubeide_1.3.0/stm32cubeide/plugins/com.st.stm32cube.ide.mcu.externaltools.gnu-tools-for-stm32.9-2020-q2-update.win32_1.5.0.202011040924/tools/bin/../lib/gcc/arm-none-eabi/9.3.1/../../../../arm-none-eabi/lib/thumb/v7e-m+fp/hard/crt0.o (__libc_init_array)
c:/st/stm32cubeide_1.3.0/stm32cubeide/plugins/com.st.stm32cube.ide.mcu.externaltools.gnu-tools-for-stm32.9-2020-q2-update.win32_1.5.0.202011040924/tools/bin/../lib/gcc/arm-none-eabi/9.3.1/../../../../arm-none-eabi/lib/thumb/v7e-m+fp/hard\libc_nano.a(lib_a-memcpy-stub.o)
                              Core/Src/serial_data.o (memcpy)
c:/st/stm32cubeide_1.3.0/stm32cubeide/plugins/com.st.stm32cube.ide.mcu.externaltools.gnu-tools-for-stm32.9-2020-q2-update.win32_1.5.0.202011040924/tools/bin/../lib/gcc/arm-none-eabi/9.3.1/../../../../arm-none-eabi/lib/thumb/v7e-m+fp/hard\libc_nano.a(lib_a-memset.o)
                              c:/st/stm32cubeide_1.3.0/stm32cubeide/plugins/com.st.stm32cube.ide.mcu.externaltools.gnu-tools-for-stm32.9-2020-q2-update.win32_1.5.0.202011040924/tools/bin/../lib/gcc/arm-none-eabi/9.3.1/../../../../arm-none-eabi/lib/thumb/v7e-m+fp/hard/crt0.o (memset)
c:/st/stm32cubeide_1.3.0/stm32cubeide/plugins/com.st.stm32cube.ide.mcu.externaltools.gnu-tools-for-stm32.9-2020-q2-update.win32_1.5.0.202011040924/tools/bin/../lib/gcc/arm-none-eabi/9.3.1/../../../../arm-none-eabi/lib/thumb/v7e-m+fp/hard\libm.a(lib_a-s_ceil.o)
                              Core/firmware-libraries/SerialComms/src/comms.o (ceil)
c:/st/stm32cubeide_1.3.0/stm32cubeide/plugins/com.st.stm32cube.ide.mcu.externaltools.gnu-tools-for-stm32.9-2020-q2-update.win32_1.5.0.202011040924/tools/bin/../lib/gcc/arm-none-eabi/9.3.1/../../../../arm-none-eabi/lib/thumb/v7e-m+fp/hard\libm.a(lib_a-w_pow.o)
                              Core/Src/tank_pressure_control.o (pow)
c:/st/stm32cubeide_1.3.0/stm32cubeide/plugins/com.st.stm32cube.ide.mcu.externaltools.gnu-tools-for-stm32.9-2020-q2-update.win32_1.5.0.202011040924/tools/bin/../lib/gcc/arm-none-eabi/9.3.1/../../../../arm-none-eabi/lib/thumb/v7e-m+fp/hard\libm.a(lib_a-w_sqrt.o)
                              Core/Src/tank_pressure_control.o (sqrt)
c:/st/stm32cubeide_1.3.0/stm32cubeide/plugins/com.st.stm32cube.ide.mcu.externaltools.gnu-tools-for-stm32.9-2020-q2-update.win32_1.5.0.202011040924/tools/bin/../lib/gcc/arm-none-eabi/9.3.1/../../../../arm-none-eabi/lib/thumb/v7e-m+fp/hard\libm.a(lib_a-e_pow.o)
                              c:/st/stm32cubeide_1.3.0/stm32cubeide/plugins/com.st.stm32cube.ide.mcu.externaltools.gnu-tools-for-stm32.9-2020-q2-update.win32_1.5.0.202011040924/tools/bin/../lib/gcc/arm-none-eabi/9.3.1/../../../../arm-none-eabi/lib/thumb/v7e-m+fp/hard\libm.a(lib_a-w_pow.o) (__ieee754_pow)
c:/st/stm32cubeide_1.3.0/stm32cubeide/plugins/com.st.stm32cube.ide.mcu.externaltools.gnu-tools-for-stm32.9-2020-q2-update.win32_1.5.0.202011040924/tools/bin/../lib/gcc/arm-none-eabi/9.3.1/../../../../arm-none-eabi/lib/thumb/v7e-m+fp/hard\libm.a(lib_a-e_sqrt.o)
[...]
Memory Configuration

Name             Origin             Length             Attributes
RAM              0x0000000020000000 0x0000000000020000 xrw
FLASH            0x0000000008000000 0x0000000000080000 xr
*default*        0x0000000000000000 0xffffffffffffffff

Linker script and memory map

LOAD c:/st/stm32cubeide_1.3.0/stm32cubeide/plugins/com.st.stm32cube.ide.mcu.externaltools.gnu-tools-for-stm32.9-2020-q2-update.win32_1.5.0.202011040924/tools/bin/../lib/gcc/arm-none-eabi/9.3.1/thumb/v7e-m+fp/hard/crti.o
LOAD c:/st/stm32cubeide_1.3.0/stm32cubeide/plugins/com.st.stm32cube.ide.mcu.externaltools.gnu-tools-for-stm32.9-2020-q2-update.win32_1.5.0.202011040924/tools/bin/../lib/gcc/arm-none-eabi/9.3.1/thumb/v7e-m+fp/hard/crtbegin.o
LOAD c:/st/stm32cubeide_1.3.0/stm32cubeide/plugins/com.st.stm32cube.ide.mcu.externaltools.gnu-tools-for-stm32.9-2020-q2-update.win32_1.5.0.202011040924/tools/bin/../lib/gcc/arm-none-eabi/9.3.1/../../../../arm-none-eabi/lib/thumb/v7e-m+fp/hard/crt0.o
LOAD Core/Src/autosequence.o
LOAD Core/Src/calibrations.o
LOAD Core/Src/channel_cal_constants.o
LOAD Core/Src/globals.o
LOAD Core/Src/main.o
LOAD Core/Src/nonvolatile_memory.o
LOAD Core/Src/pack_cmd_defines.o
LOAD Core/Src/pack_telem_defines.o
LOAD Core/Src/sensor_voting.o
LOAD Core/Src/sensors.o
LOAD Core/Src/serial_data.o
LOAD Core/Src/status_flags.o
LOAD Core/Src/stm32f4xx_hal_msp.o
LOAD Core/Src/stm32f4xx_it.o
LOAD Core/Src/syscalls.o
LOAD Core/Src/sysmem.o
LOAD Core/Src/system_stm32f4xx.o
LOAD Core/Src/tank_pressure_control.o
LOAD Core/Src/telem.o
LOAD Core/Src/threshold_detection.o
LOAD Core/Src/valves.o
LOAD Core/Startup/startup_stm32f446vetx.o
LOAD Core/firmware-libraries/L6470/src/L6470.o
LOAD Core/firmware-libraries/MAX11128/src/MAX11128.o
LOAD Core/firmware-libraries/MAX31856/src/MAX31856.o
LOAD Core/firmware-libraries/SerialComms/src/comms.o
LOAD Core/firmware-libraries/ValveLibs/src/valvelib.o
LOAD Core/firmware-libraries/W25N01GV/src/W25M02GV.o
LOAD Core/firmware-libraries/W25N01GV/src/W25N01GV.o
LOAD Drivers/STM32F4xx_HAL_Driver/Src/stm32f4xx_hal.o
LOAD Drivers/STM32F4xx_HAL_Driver/Src/stm32f4xx_hal_cortex.o
LOAD Drivers/STM32F4xx_HAL_Driver/Src/stm32f4xx_hal_dma.o
LOAD Drivers/STM32F4xx_HAL_Driver/Src/stm32f4xx_hal_dma_ex.o
LOAD Drivers/STM32F4xx_HAL_Driver/Src/stm32f4xx_hal_exti.o
LOAD Drivers/STM32F4xx_HAL_Driver/Src/stm32f4xx_hal_flash.o
LOAD Drivers/STM32F4xx_HAL_Driver/Src/stm32f4xx_hal_flash_ex.o
LOAD Drivers/STM32F4xx_HAL_Driver/Src/stm32f4xx_hal_flash_ramfunc.o
LOAD Drivers/STM32F4xx_HAL_Driver/Src/stm32f4xx_hal_gpio.o
LOAD Drivers/STM32F4xx_HAL_Driver/Src/stm32f4xx_hal_pwr.o
LOAD Drivers/STM32F4xx_HAL_Driver/Src/stm32f4xx_hal_pwr_ex.o
LOAD Drivers/STM32F4xx_HAL_Driver/Src/stm32f4xx_hal_rcc.o
LOAD Drivers/STM32F4xx_HAL_Driver/Src/stm32f4xx_hal_rcc_ex.o
LOAD Drivers/STM32F4xx_HAL_Driver/Src/stm32f4xx_hal_spi.o
LOAD Drivers/STM32F4xx_HAL_Driver/Src/stm32f4xx_hal_tim.o
LOAD Drivers/STM32F4xx_HAL_Driver/Src/stm32f4xx_hal_tim_ex.o
LOAD Drivers/STM32F4xx_HAL_Driver/Src/stm32f4xx_hal_uart.o
START GROUP
LOAD c:/st/stm32cubeide_1.3.0/stm32cubeide/plugins/com.st.stm32cube.ide.mcu.externaltools.gnu-tools-for-stm32.9-2020-q2-update.win32_1.5.0.202011040924/tools/bin/../lib/gcc/arm-none-eabi/9.3.1/../../../../arm-none-eabi/lib/thumb/v7e-m+fp/hard\libc_nano.a
LOAD c:/st/stm32cubeide_1.3.0/stm32cubeide/plugins/com.st.stm32cube.ide.mcu.externaltools.gnu-tools-for-stm32.9-2020-q2-update.win32_1.5.0.202011040924/tools/bin/../lib/gcc/arm-none-eabi/9.3.1/../../../../arm-none-eabi/lib/thumb/v7e-m+fp/hard\libm.a
END GROUP
START GROUP
LOAD c:/st/stm32cubeide_1.3.0/stm32cubeide/plugins/com.st.stm32cube.ide.mcu.externaltools.gnu-tools-for-stm32.9-2020-q2-update.win32_1.5.0.202011040924/tools/bin/../lib/gcc/arm-none-eabi/9.3.1/thumb/v7e-m+fp/hard\libgcc.a
LOAD c:/st/stm32cubeide_1.3.0/stm32cubeide/plugins/com.st.stm32cube.ide.mcu.externaltools.gnu-tools-for-stm32.9-2020-q2-update.win32_1.5.0.202011040924/tools/bin/../lib/gcc/arm-none-eabi/9.3.1/../../../../arm-none-eabi/lib/thumb/v7e-m+fp/hard\libc_nano.a
END GROUP
START GROUP
LOAD c:/st/stm32cubeide_1.3.0/stm32cubeide/plugins/com.st.stm32cube.ide.mcu.externaltools.gnu-tools-for-stm32.9-2020-q2-update.win32_1.5.0.202011040924/tools/bin/../lib/gcc/arm-none-eabi/9.3.1/thumb/v7e-m+fp/hard\libgcc.a
LOAD c:/st/stm32cubeide_1.3.0/stm32cubeide/plugins/com.st.stm32cube.ide.mcu.externaltools.gnu-tools-for-stm32.9-2020-q2-update.win32_1.5.0.202011040924/tools/bin/../lib/gcc/arm-none-eabi/9.3.1/../../../../arm-none-eabi/lib/thumb/v7e-m+fp/hard\libc_nano.a
LOAD c:/st/stm32cubeide_1.3.0/stm32cubeide/plugins/com.st.stm32cube.ide.mcu.externaltools.gnu-tools-for-stm32.9-2020-q2-update.win32_1.5.0.202011040924/tools/bin/../lib/gcc/arm-none-eabi/9.3.1/../../../../arm-none-eabi/lib/thumb/v7e-m+fp/hard\libnosys.a
END GROUP
START GROUP
LOAD c:/st/stm32cubeide_1.3.0/stm32cubeide/plugins/com.st.stm32cube.ide.mcu.externaltools.gnu-tools-for-stm32.9-2020-q2-update.win32_1.5.0.202011040924/tools/bin/../lib/gcc/arm-none-eabi/9.3.1/thumb/v7e-m+fp/hard\libgcc.a
LOAD c:/st/stm32cubeide_1.3.0/stm32cubeide/plugins/com.st.stm32cube.ide.mcu.externaltools.gnu-tools-for-stm32.9-2020-q2-update.win32_1.5.0.202011040924/tools/bin/../lib/gcc/arm-none-eabi/9.3.1/../../../../arm-none-eabi/lib/thumb/v7e-m+fp/hard\libc_nano.a
LOAD c:/st/stm32cubeide_1.3.0/stm32cubeide/plugins/com.st.stm32cube.ide.mcu.externaltools.gnu-tools-for-stm32.9-2020-q2-update.win32_1.5.0.202011040924/tools/bin/../lib/gcc/arm-none-eabi/9.3.1/../../../../arm-none-eabi/lib/thumb/v7e-m+fp/hard\libnosys.a
END GROUP
LOAD c:/st/stm32cubeide_1.3.0/stm32cubeide/plugins/com.st.stm32cube.ide.mcu.externaltools.gnu-tools-for-stm32.9-2020-q2-update.win32_1.5.0.202011040924/tools/bin/../lib/gcc/arm-none-eabi/9.3.1/thumb/v7e-m+fp/hard/crtend.o
LOAD c:/st/stm32cubeide_1.3.0/stm32cubeide/plugins/com.st.stm32cube.ide.mcu.externaltools.gnu-tools-for-stm32.9-2020-q2-update.win32_1.5.0.202011040924/tools/bin/../lib/gcc/arm-none-eabi/9.3.1/thumb/v7e-m+fp/hard/crtn.o
                0x0000000020020000                _estack = (ORIGIN (RAM) + LENGTH (RAM))
                0x0000000000000200                _Min_Heap_Size = 0x200
                0x0000000000000400                _Min_Stack_Size = 0x400

.isr_vector     0x0000000008000000      0x1c4
                0x0000000008000000                . = ALIGN (0x4)
 *(.isr_vector)
 .isr_vector    0x0000000008000000      0x1c4 Core/Startup/startup_stm32f446vetx.o
                0x0000000008000000                g_pfnVectors
                0x00000000080001c4                . = ALIGN (0x4)

.text           0x00000000080001c8     0xa650
                0x00000000080001c8                . = ALIGN (0x4)
 *(.text)
 .text          0x00000000080001c8       0x40 c:/st/stm32cubeide_1.3.0/stm32cubeide/plugins/com.st.stm32cube.ide.mcu.externaltools.gnu-tools-for-stm32.9-2020-q2-update.win32_1.5.0.202011040924/tools/bin/../lib/gcc/arm-none-eabi/9.3.1/thumb/v7e-m+fp/hard/crtbegin.o
 .text          0x0000000008000208      0x378 c:/st/stm32cubeide_1.3.0/stm32cubeide/plugins/com.st.stm32cube.ide.mcu.externaltools.gnu-tools-for-stm32.9-2020-q2-update.win32_1.5.0.202011040924/tools/bin/../lib/gcc/arm-none-eabi/9.3.1/thumb/v7e-m+fp/hard\libgcc.a(_arm_addsubdf3.o)
                0x0000000008000208                __aeabi_drsub
                0x0000000008000210                __aeabi_dsub
                0x0000000008000210                __subdf3
                0x0000000008000214                __aeabi_dadd
                0x0000000008000214                __adddf3
                0x000000000800048c                __floatunsidf
                0x000000000800048c                __aeabi_ui2d
                0x00000000080004ac                __floatsidf
                0x00000000080004ac                __aeabi_i2d
                0x00000000080004d0                __aeabi_f2d
                0x00000000080004d0                __extendsfdf2
                0x0000000008000514                __floatundidf
                0x0000000008000514                __aeabi_ul2d
                0x0000000008000524                __floatdidf
                0x0000000008000524                __aeabi_l2d
 .text          0x0000000008000580      0x424 c:/st/stm32cubeide_1.3.0/stm32cubeide/plugins/com.st.stm32cube.ide.mcu.externaltools.gnu-tools-for-stm32.9-2020-q2-update.win32_1.5.0.202011040924/tools/bin/../lib/gcc/arm-none-eabi/9.3.1/thumb/v7e-m+fp/hard\libgcc.a(_arm_muldivdf3.o)
                0x0000000008000580                __aeabi_dmul
                0x0000000008000580                __muldf3
                0x00000000080007d4                __divdf3
                0x00000000080007d4                __aeabi_ddiv
 .text          0x00000000080009a4      0x110 c:/st/stm32cubeide_1.3.0/stm32cubeide/plugins/com.st.stm32cube.ide.mcu.externaltools.gnu-tools-for-stm32.9-2020-q2-update.win32_1.5.0.202011040924/tools/bin/../lib/gcc/arm-none-eabi/9.3.1/thumb/v7e-m+fp/hard\libgcc.a(_arm_cmpdf2.o)
                0x00000000080009a4                __gtdf2
                0x00000000080009a4                __gedf2
                0x00000000080009ac                __ltdf2
                0x00000000080009ac                __ledf2
                0x00000000080009b4                __nedf2
                0x00000000080009b4                __eqdf2
                0x00000000080009b4                __cmpdf2
                0x0000000008000a30                __aeabi_cdrcmple
                0x0000000008000a40                __aeabi_cdcmpeq
                0x0000000008000a40                __aeabi_cdcmple
                0x0000000008000a50                __aeabi_dcmpeq
                0x0000000008000a64                __aeabi_dcmplt
                0x0000000008000a78                __aeabi_dcmple
                0x0000000008000a8c                __aeabi_dcmpge
                0x0000000008000aa0                __aeabi_dcmpgt
 .text          0x0000000008000ab4       0x40 c:/st/stm32cubeide_1.3.0/stm32cubeide/plugins/com.st.stm32cube.ide.mcu.externaltools.gnu-tools-for-stm32.9-2020-q2-update.win32_1.5.0.202011040924/tools/bin/../lib/gcc/arm-none-eabi/9.3.1/thumb/v7e-m+fp/hard\libgcc.a(_arm_fixunsdfsi.o)
                0x0000000008000ab4                __aeabi_d2uiz
                0x0000000008000ab4                __fixunsdfsi
 .text          0x0000000008000af4       0xa0 c:/st/stm32cubeide_1.3.0/stm32cubeide/plugins/com.st.stm32cube.ide.mcu.externaltools.gnu-tools-for-stm32.9-2020-q2-update.win32_1.5.0.202011040924/tools/bin/../lib/gcc/arm-none-eabi/9.3.1/thumb/v7e-m+fp/hard\libgcc.a(_arm_truncdfsf2.o)
                0x0000000008000af4                __truncdfsf2
                0x0000000008000af4                __aeabi_d2f
 .text          0x0000000008000b94       0x30 c:/st/stm32cubeide_1.3.0/stm32cubeide/plugins/com.st.stm32cube.ide.mcu.externaltools.gnu-tools-for-stm32.9-2020-q2-update.win32_1.5.0.202011040924/tools/bin/../lib/gcc/arm-none-eabi/9.3.1/thumb/v7e-m+fp/hard\libgcc.a(_aeabi_uldivmod.o)
                0x0000000008000b94                __aeabi_uldivmod
 .text          0x0000000008000bc4      0x2c4 c:/st/stm32cubeide_1.3.0/stm32cubeide/plugins/com.st.stm32cube.ide.mcu.externaltools.gnu-tools-for-stm32.9-2020-q2-update.win32_1.5.0.202011040924/tools/bin/../lib/gcc/arm-none-eabi/9.3.1/thumb/v7e-m+fp/hard\libgcc.a(_udivmoddi4.o)
                0x0000000008000bc4                __udivmoddi4
 .text          0x0000000008000e88        0x4 c:/st/stm32cubeide_1.3.0/stm32cubeide/plugins/com.st.stm32cube.ide.mcu.externaltools.gnu-tools-for-stm32.9-2020-q2-update.win32_1.5.0.202011040924/tools/bin/../lib/gcc/arm-none-eabi/9.3.1/thumb/v7e-m+fp/hard\libgcc.a(_dvmd_tls.o)
                0x0000000008000e88                __aeabi_idiv0
                0x0000000008000e88                __aeabi_ldiv0
 *(.text*)
 .text.init_autosequence_timings
                0x0000000008000e8c       0x2c Core/Src/autosequence.o
                0x0000000008000e8c                init_autosequence_timings
 .text.handle_abort_case_actuations
                0x0000000008000eb8       0x8c Core/Src/autosequence.o
                0x0000000008000eb8                handle_abort_case_actuations
 .text.manual_state_transition
                0x0000000008000f44      0x108 Core/Src/autosequence.o
                0x0000000008000f44                manual_state_transition
 .text.HAL_TIM_PeriodElapsedCallback
                0x000000000800104c       0x5c Core/Src/main.o
                0x000000000800104c                HAL_TIM_PeriodElapsedCallback
 .text.HAL_UART_RxCpltCallback
                0x00000000080010a8       0x5c Core/Src/main.o
                0x00000000080010a8                HAL_UART_RxCpltCallback
 .text.main     0x0000000008001104      0x1fc Core/Src/main.o
                0x0000000008001104                main
 .text.SystemClock_Config
                0x0000000008001300       0xd8 Core/Src/main.o
                0x0000000008001300                SystemClock_Config
 .text.MX_SPI1_Init
                0x00000000080013d8       0x6c Core/Src/main.o
 .text.MX_SPI2_Init
                0x0000000008001444       0x6c Core/Src/main.o
 .text.MX_SPI3_Init
                0x00000000080014b0       0x6c Core/Src/main.o
 .text.MX_SPI4_Init
                0x000000000800151c       0x6c Core/Src/main.o
 .text.MX_TIM5_Init
                0x0000000008001588       0x9c Core/Src/main.o
 .text.MX_TIM10_Init
                0x0000000008001624       0x48 Core/Src/main.o
 .text.MX_TIM11_Init
                0x000000000800166c       0x48 Core/Src/main.o
 .text.MX_TIM13_Init
                0x00000000080016b4       0x48 Core/Src/main.o
 .text.MX_USART1_UART_Init
                0x00000000080016fc       0x54 Core/Src/main.o
 .text.MX_GPIO_Init
                0x0000000008001750      0x1fc Core/Src/main.o
 .text.Error_Handler
                0x000000000800194c        0xa Core/Src/main.o
                0x000000000800194c                Error_Handler
 *fill*         0x0000000008001956        0x2 
 .text.read_nonvolatile_variables
                0x0000000008001958      0x4ac Core/Src/nonvolatile_memory.o
                0x0000000008001958                read_nonvolatile_variables
 .text.save_nonvolatile_variables
                0x0000000008001e04      0x7c0 Core/Src/nonvolatile_memory.o
                0x0000000008001e04                save_nonvolatile_variables
 .text.pack_telem_data
                0x00000000080025c4     0x1cdc Core/Src/pack_telem_defines.o
                0x00000000080025c4                pack_telem_data
 .text.init_serial_data
                0x00000000080042a0       0x8c Core/Src/serial_data.o
                0x00000000080042a0                init_serial_data
 .text.init_packet_header
                0x000000000800432c       0x44 Core/Src/serial_data.o
                0x000000000800432c                init_packet_header
 .text.send_telem_packet
                0x0000000008004370       0x44 Core/Src/serial_data.o
                0x0000000008004370                send_telem_packet
 .text.save_flash_packet
                0x00000000080043b4       0x7c Core/Src/serial_data.o
                0x00000000080043b4                save_flash_packet
 .text.transmit_flash_data
                0x0000000008004430       0x84 Core/Src/serial_data.o
                0x0000000008004430                transmit_flash_data
 .text.set_status_flag
                0x00000000080044b4       0x2c Core/Src/status_flags.o
                0x00000000080044b4                set_status_flag
 .text.HAL_MspInit
                0x00000000080044e0       0x50 Core/Src/stm32f4xx_hal_msp.o
                0x00000000080044e0                HAL_MspInit
 .text.HAL_SPI_MspInit
                0x0000000008004530      0x1d8 Core/Src/stm32f4xx_hal_msp.o
                0x0000000008004530                HAL_SPI_MspInit
 .text.HAL_TIM_Base_MspInit
                0x0000000008004708       0xf4 Core/Src/stm32f4xx_hal_msp.o
                0x0000000008004708                HAL_TIM_Base_MspInit
 .text.HAL_UART_MspInit
                0x00000000080047fc       0xa0 Core/Src/stm32f4xx_hal_msp.o
                0x00000000080047fc                HAL_UART_MspInit
 .text.NMI_Handler
                0x000000000800489c        0x6 Core/Src/stm32f4xx_it.o
                0x000000000800489c                NMI_Handler
 .text.HardFault_Handler
                0x00000000080048a2        0x6 Core/Src/stm32f4xx_it.o
                0x00000000080048a2                HardFault_Handler
 .text.MemManage_Handler
                0x00000000080048a8        0x6 Core/Src/stm32f4xx_it.o
                0x00000000080048a8                MemManage_Handler
 .text.BusFault_Handler
                0x00000000080048ae        0x6 Core/Src/stm32f4xx_it.o
                0x00000000080048ae                BusFault_Handler
 .text.UsageFault_Handler
                0x00000000080048b4        0x6 Core/Src/stm32f4xx_it.o
                0x00000000080048b4                UsageFault_Handler
 .text.SVC_Handler
                0x00000000080048ba        0xe Core/Src/stm32f4xx_it.o
                0x00000000080048ba                SVC_Handler
 .text.DebugMon_Handler
                0x00000000080048c8        0xe Core/Src/stm32f4xx_it.o
                0x00000000080048c8                DebugMon_Handler
 .text.PendSV_Handler
                0x00000000080048d6        0xe Core/Src/stm32f4xx_it.o
                0x00000000080048d6                PendSV_Handler
 .text.SysTick_Handler
                0x00000000080048e4        0xc Core/Src/stm32f4xx_it.o
                0x00000000080048e4                SysTick_Handler
 .text.TIM1_UP_TIM10_IRQHandler
                0x00000000080048f0       0x14 Core/Src/stm32f4xx_it.o
                0x00000000080048f0                TIM1_UP_TIM10_IRQHandler
 .text.TIM1_TRG_COM_TIM11_IRQHandler
                0x0000000008004904       0x14 Core/Src/stm32f4xx_it.o
                0x0000000008004904                TIM1_TRG_COM_TIM11_IRQHandler
 .text.USART1_IRQHandler
                0x0000000008004918       0x14 Core/Src/stm32f4xx_it.o
                0x0000000008004918                USART1_IRQHandler
 .text.TIM8_UP_TIM13_IRQHandler
                0x000000000800492c       0x14 Core/Src/stm32f4xx_it.o
                0x000000000800492c                TIM8_UP_TIM13_IRQHandler
 .text.SystemInit
                0x0000000008004940       0x2c Core/Src/system_stm32f4xx.o
                0x0000000008004940                SystemInit
 .text.actuate_tank_motor_pos
                0x000000000800496c       0x1c Core/Src/tank_pressure_control.o
                0x000000000800496c                actuate_tank_motor_pos
 .text.actuate_tank_control_valve
                0x0000000008004988       0x2e Core/Src/tank_pressure_control.o
                0x0000000008004988                actuate_tank_control_valve
 .text.tank_autopress_bang_bang
                0x00000000080049b6       0x68 Core/Src/tank_pressure_control.o
                0x00000000080049b6                tank_autopress_bang_bang
 *fill*         0x0000000008004a1e        0x2 
 .text.tank_PID_pressure_control
                0x0000000008004a20      0x144 Core/Src/tank_pressure_control.o
                0x0000000008004a20                tank_PID_pressure_control
 .text.tank_check_control_valve_threshold
                0x0000000008004b64       0x54 Core/Src/tank_pressure_control.o
                0x0000000008004b64                tank_check_control_valve_threshold
 .text.set_vlv  0x0000000008004bb8       0x46 Core/Src/telem.o
                0x0000000008004bb8                set_vlv
 *fill*         0x0000000008004bfe        0x2 
 .text.set_kp   0x0000000008004c00       0xc0 Core/Src/telem.o
                0x0000000008004c00                set_kp
 .text.set_ki   0x0000000008004cc0       0xc0 Core/Src/telem.o
                0x0000000008004cc0                set_ki
 .text.set_kd   0x0000000008004d80       0xc0 Core/Src/telem.o
                0x0000000008004d80                set_kd
 .text.set_state
                0x0000000008004e40       0x20 Core/Src/telem.o
                0x0000000008004e40                set_state
 .text.download_flash
                0x0000000008004e60       0x16 Core/Src/telem.o
                0x0000000008004e60                download_flash
 *fill*         0x0000000008004e76        0x2 
 .text.wipe_flash
                0x0000000008004e78       0x1c Core/Src/telem.o
                0x0000000008004e78                wipe_flash
 .text.start_logging
                0x0000000008004e94       0x34 Core/Src/telem.o
                0x0000000008004e94                start_logging
 .text.stop_logging
                0x0000000008004ec8       0x34 Core/Src/telem.o
                0x0000000008004ec8                stop_logging
 .text.set_stepper_pos
                0x0000000008004efc       0x84 Core/Src/telem.o
                0x0000000008004efc                set_stepper_pos
 .text.set_stepper_zero
                0x0000000008004f80       0x38 Core/Src/telem.o
                0x0000000008004f80                set_stepper_zero
 .text.set_control_target_pressure
                0x0000000008004fb8       0x84 Core/Src/telem.o
                0x0000000008004fb8                set_control_target_pressure
 .text.ambientize_pressure_transducers
                0x000000000800503c       0x58 Core/Src/telem.o
                0x000000000800503c                ambientize_pressure_transducers
 .text.set_low_toggle_percent
                0x0000000008005094       0xa0 Core/Src/telem.o
                0x0000000008005094                set_low_toggle_percent
 .text.set_high_toggle_percent
                0x0000000008005134       0xa0 Core/Src/telem.o
                0x0000000008005134                set_high_toggle_percent
 .text.set_stepper_speed
                0x00000000080051d4       0x34 Core/Src/telem.o
                0x00000000080051d4                set_stepper_speed
 .text.set_telem
                0x0000000008005208       0x38 Core/Src/telem.o
                0x0000000008005208                set_telem
 .text.set_presstank_status
                0x0000000008005240       0x40 Core/Src/telem.o
                0x0000000008005240                set_presstank_status
 .text.ambientize_pot
                0x0000000008005280       0x60 Core/Src/telem.o
                0x0000000008005280                ambientize_pot
 .text.led_write
                0x00000000080052e0       0x7c Core/Src/telem.o
                0x00000000080052e0                led_write
 .text.set_system_clock
                0x000000000800535c       0x48 Core/Src/telem.o
                0x000000000800535c                set_system_clock
 .text.remove_pressure_ambients
                0x00000000080053a4       0x3c Core/Src/telem.o
                0x00000000080053a4                remove_pressure_ambients
 .text.set_fuel_mpv_on_delay
                0x00000000080053e0       0x28 Core/Src/telem.o
                0x00000000080053e0                set_fuel_mpv_on_delay
 .text.set_engine_test_duration
                0x0000000008005408       0x44 Core/Src/telem.o
                0x0000000008005408                set_engine_test_duration
 .text.set_pid_start_delay
                0x000000000800544c       0x38 Core/Src/telem.o
                0x000000000800544c                set_pid_start_delay
 .text.set_ignitor_on_delay
                0x0000000008005484       0x38 Core/Src/telem.o
                0x0000000008005484                set_ignitor_on_delay
 .text.set_ignitor_high_duration
                0x00000000080054bc       0x38 Core/Src/telem.o
                0x00000000080054bc                set_ignitor_high_duration
 .text.set_film_cooling_on_delay
                0x00000000080054f4       0x38 Core/Src/telem.o
                0x00000000080054f4                set_film_cooling_on_delay
 *fill*         0x000000000800552c        0x4 
 .text.set_init_motor_deg_factor
                0x0000000008005530       0xac Core/Src/telem.o
                0x0000000008005530                set_init_motor_deg_factor
 .text.clear_status_flags
                0x00000000080055dc       0x20 Core/Src/telem.o
                0x00000000080055dc                clear_status_flags
 .text.start_simulation
                0x00000000080055fc       0x16 Core/Src/telem.o
                0x00000000080055fc                start_simulation
 .text.advance_simulation
                0x0000000008005612       0x16 Core/Src/telem.o
                0x0000000008005612                advance_simulation
 .text.stop_simulation
                0x0000000008005628       0x16 Core/Src/telem.o
                0x0000000008005628                stop_simulation
 *fill*         0x000000000800563e        0x2 
 .text.set_pt_lower_voltage
                0x0000000008005640       0x7c Core/Src/telem.o
                0x0000000008005640                set_pt_lower_voltage
 .text.set_pt_upper_voltage
                0x00000000080056bc       0x7c Core/Src/telem.o
                0x00000000080056bc                set_pt_upper_voltage
 .text.set_pt_upper_pressure
                0x0000000008005738       0x6c Core/Src/telem.o
                0x0000000008005738                set_pt_upper_pressure
 .text.set_valve_channel
                0x00000000080057a4       0x70 Core/Src/valves.o
                0x00000000080057a4                set_valve_channel
 .text.Reset_Handler
                0x0000000008005814       0x50 Core/Startup/startup_stm32f446vetx.o
                0x0000000008005814                Reset_Handler
 .text.Default_Handler
                0x0000000008005864        0x2 Core/Startup/startup_stm32f446vetx.o
                0x0000000008005864                RTC_Alarm_IRQHandler
                0x0000000008005864                EXTI2_IRQHandler
                0x0000000008005864                TIM8_CC_IRQHandler
                0x0000000008005864                FMPI2C1_EV_IRQHandler
                0x0000000008005864                SPI4_IRQHandler
                0x0000000008005864                TIM1_CC_IRQHandler
                0x0000000008005864                DMA2_Stream5_IRQHandler
                0x0000000008005864                DMA1_Stream5_IRQHandler
                0x0000000008005864                PVD_IRQHandler
                0x0000000008005864                SDIO_IRQHandler
                0x0000000008005864                TAMP_STAMP_IRQHandler
                0x0000000008005864                CAN2_RX1_IRQHandler
                0x0000000008005864                EXTI3_IRQHandler
                0x0000000008005864                TIM8_TRG_COM_TIM14_IRQHandler
                0x0000000008005864                I2C3_ER_IRQHandler
                0x0000000008005864                EXTI0_IRQHandler
                0x0000000008005864                I2C2_EV_IRQHandler
                0x0000000008005864                DMA1_Stream2_IRQHandler
                0x0000000008005864                CAN1_RX0_IRQHandler
                0x0000000008005864                FPU_IRQHandler
                0x0000000008005864                OTG_HS_WKUP_IRQHandler
                0x0000000008005864                CAN2_SCE_IRQHandler
                0x0000000008005864                DMA2_Stream2_IRQHandler
                0x0000000008005864                SPI1_IRQHandler
                0x0000000008005864                TIM6_DAC_IRQHandler
                0x0000000008005864                TIM1_BRK_TIM9_IRQHandler
                0x0000000008005864                DCMI_IRQHandler
                0x0000000008005864                CAN2_RX0_IRQHandler
                0x0000000008005864                DMA2_Stream3_IRQHandler
                0x0000000008005864                SAI2_IRQHandler
                0x0000000008005864                USART6_IRQHandler
                0x0000000008005864                USART3_IRQHandler
                0x0000000008005864                CAN1_RX1_IRQHandler
                0x0000000008005864                UART5_IRQHandler
                0x0000000008005864                DMA2_Stream0_IRQHandler
                0x0000000008005864                TIM4_IRQHandler
                0x0000000008005864                QUADSPI_IRQHandler
                0x0000000008005864                I2C1_EV_IRQHandler
                0x0000000008005864                DMA1_Stream6_IRQHandler
                0x0000000008005864                DMA1_Stream1_IRQHandler
                0x0000000008005864                UART4_IRQHandler
                0x0000000008005864                TIM3_IRQHandler
                0x0000000008005864                RCC_IRQHandler
                0x0000000008005864                TIM8_BRK_TIM12_IRQHandler
                0x0000000008005864                Default_Handler
                0x0000000008005864                CEC_IRQHandler
                0x0000000008005864                EXTI15_10_IRQHandler
                0x0000000008005864                ADC_IRQHandler
                0x0000000008005864                DMA1_Stream7_IRQHandler
                0x0000000008005864                TIM7_IRQHandler
                0x0000000008005864                CAN2_TX_IRQHandler
                0x0000000008005864                TIM5_IRQHandler
                0x0000000008005864                DMA2_Stream7_IRQHandler
                0x0000000008005864                I2C3_EV_IRQHandler
                0x0000000008005864                EXTI9_5_IRQHandler
                0x0000000008005864                RTC_WKUP_IRQHandler
                0x0000000008005864                SPDIF_RX_IRQHandler
                0x0000000008005864                SPI2_IRQHandler
                0x0000000008005864                OTG_HS_EP1_IN_IRQHandler
                0x0000000008005864                DMA1_Stream0_IRQHandler
                0x0000000008005864                CAN1_TX_IRQHandler
                0x0000000008005864                FMPI2C1_ER_IRQHandler
                0x0000000008005864                EXTI4_IRQHandler
                0x0000000008005864                OTG_HS_EP1_OUT_IRQHandler
                0x0000000008005864                WWDG_IRQHandler
                0x0000000008005864                TIM2_IRQHandler
                0x0000000008005864                OTG_FS_WKUP_IRQHandler
                0x0000000008005864                OTG_HS_IRQHandler
                0x0000000008005864                EXTI1_IRQHandler
                0x0000000008005864                USART2_IRQHandler
                0x0000000008005864                I2C2_ER_IRQHandler
                0x0000000008005864                DMA2_Stream1_IRQHandler
                0x0000000008005864                CAN1_SCE_IRQHandler
                0x0000000008005864                FLASH_IRQHandler
                0x0000000008005864                DMA2_Stream4_IRQHandler
                0x0000000008005864                OTG_FS_IRQHandler
                0x0000000008005864                SPI3_IRQHandler
                0x0000000008005864                DMA1_Stream4_IRQHandler
                0x0000000008005864                I2C1_ER_IRQHandler
                0x0000000008005864                FMC_IRQHandler
                0x0000000008005864                DMA2_Stream6_IRQHandler
                0x0000000008005864                SAI1_IRQHandler
                0x0000000008005864                DMA1_Stream3_IRQHandler
 .text.L6470_SPI_CS_delay
                0x0000000008005866       0x2a Core/firmware-libraries/L6470/src/L6470.o
                0x0000000008005866                L6470_SPI_CS_delay
 .text.L6470_SPI_transmit_byte
                0x0000000008005890       0x4a Core/firmware-libraries/L6470/src/L6470.o
                0x0000000008005890                L6470_SPI_transmit_byte
 .text.L6470_SPI_receive_byte
                0x00000000080058da       0x4a Core/firmware-libraries/L6470/src/L6470.o
                0x00000000080058da                L6470_SPI_receive_byte
 .text.L6470_write_register
                0x0000000008005924       0xde Core/firmware-libraries/L6470/src/L6470.o
                0x0000000008005924                L6470_write_register
 *fill*         0x0000000008005a02        0x2 
 .text.L6470_get_status
                0x0000000008005a04      0x1f8 Core/firmware-libraries/L6470/src/L6470.o
                0x0000000008005a04                L6470_get_status
 .text.L6470_init_motor
                0x0000000008005bfc       0x42 Core/firmware-libraries/L6470/src/L6470.o
                0x0000000008005bfc                L6470_init_motor
 .text.L6470_goto_motor_pos
                0x0000000008005c3e       0xb2 Core/firmware-libraries/L6470/src/L6470.o
                0x0000000008005c3e                L6470_goto_motor_pos
 .text.L6470_zero_motor
                0x0000000008005cf0       0x2c Core/firmware-libraries/L6470/src/L6470.o
                0x0000000008005cf0                L6470_zero_motor
 .text.L6470_stop_motor
                0x0000000008005d1c       0x18 Core/firmware-libraries/L6470/src/L6470.o
                0x0000000008005d1c                L6470_stop_motor
 .text.init_board
                0x0000000008005d34       0x2c Core/firmware-libraries/SerialComms/src/comms.o
                0x0000000008005d34                init_board
 .text.init_data
                0x0000000008005d60       0x58 Core/firmware-libraries/SerialComms/src/comms.o
                0x0000000008005d60                init_data
 .text.send_data
                0x0000000008005db8      0x1e0 Core/firmware-libraries/SerialComms/src/comms.o
                0x0000000008005db8                send_data
 .text.receive_data
                0x0000000008005f98       0xf4 Core/firmware-libraries/SerialComms/src/comms.o
                0x0000000008005f98                receive_data
 .text.validate_command
                0x000000000800608c       0x38 Core/firmware-libraries/SerialComms/src/comms.o
 .text.transmit_packet
                0x00000000080060c4       0x28 Core/firmware-libraries/SerialComms/src/comms.o
                0x00000000080060c4                transmit_packet
 .text.unpack_header
                0x00000000080060ec       0x8c Core/firmware-libraries/SerialComms/src/comms.o
                0x00000000080060ec                unpack_header
 .text.pack_header
                0x0000000008006178       0xa2 Core/firmware-libraries/SerialComms/src/comms.o
                0x0000000008006178                pack_header
 .text.pack_packet
                0x000000000800621a       0x42 Core/firmware-libraries/SerialComms/src/comms.o
                0x000000000800621a                pack_packet
 .text.verify_checksum
                0x000000000800625c       0x18 Core/firmware-libraries/SerialComms/src/comms.o
                0x000000000800625c                verify_checksum
 .text.compute_checksum
                0x0000000008006274       0x10 Core/firmware-libraries/SerialComms/src/comms.o
                0x0000000008006274                compute_checksum
 *fill*         0x0000000008006284        0x4 
 .text.compute_packet_sz
                0x0000000008006288       0x5c Core/firmware-libraries/SerialComms/src/comms.o
                0x0000000008006288                compute_packet_sz
 .text.stuff_packet
                0x00000000080062e4       0xcc Core/firmware-libraries/SerialComms/src/comms.o
                0x00000000080062e4                stuff_packet
 .text.unstuff_packet
                0x00000000080063b0       0x92 Core/firmware-libraries/SerialComms/src/comms.o
                0x00000000080063b0                unstuff_packet
 .text.spi_transmit
                0x0000000008006442       0x60 Core/firmware-libraries/W25N01GV/src/W25N01GV.o
 .text.spi_transmit_receive
                0x00000000080064a2       0x7c Core/firmware-libraries/W25N01GV/src/W25N01GV.o
 .text.read_status_register
                0x000000000800651e       0x32 Core/firmware-libraries/W25N01GV/src/W25N01GV.o
 .text.flash_is_busy
                0x0000000008006550       0x24 Core/firmware-libraries/W25N01GV/src/W25N01GV.o
 .text.wait_for_operation
                0x0000000008006574       0x3c Core/firmware-libraries/W25N01GV/src/W25N01GV.o
 .text.write_status_register
                0x00000000080065b0       0x3a Core/firmware-libraries/W25N01GV/src/W25N01GV.o
 .text.load_page
                0x00000000080065ea       0x4c Core/firmware-libraries/W25N01GV/src/W25N01GV.o
 .text.unlock_flash
                0x0000000008006636       0x30 Core/firmware-libraries/W25N01GV/src/W25N01GV.o
 .text.lock_flash
                0x0000000008006666       0x38 Core/firmware-libraries/W25N01GV/src/W25N01GV.o
 .text.enable_write
                0x000000000800669e       0x22 Core/firmware-libraries/W25N01GV/src/W25N01GV.o
 .text.disable_write
                0x00000000080066c0       0x22 Core/firmware-libraries/W25N01GV/src/W25N01GV.o
 .text.write_page_to_buffer
                0x00000000080066e2       0xae Core/firmware-libraries/W25N01GV/src/W25N01GV.o
 .text.program_buffer_to_memory
                0x0000000008006790       0x50 Core/firmware-libraries/W25N01GV/src/W25N01GV.o
 .text.get_write_failure_status
                0x00000000080067e0       0x46 Core/firmware-libraries/W25N01GV/src/W25N01GV.o
 .text.get_erase_failure_status
                0x0000000008006826       0x46 Core/firmware-libraries/W25N01GV/src/W25N01GV.o
 .text.erase_block
                0x000000000800686c       0x60 Core/firmware-libraries/W25N01GV/src/W25N01GV.o
 .text.get_ECC_status
                0x00000000080068cc       0x8e Core/firmware-libraries/W25N01GV/src/W25N01GV.o
 .text.read_flash_buffer
                0x000000000800695a       0x50 Core/firmware-libraries/W25N01GV/src/W25N01GV.o
 .text.read_bytes_from_page
                0x00000000080069aa       0x3a Core/firmware-libraries/W25N01GV/src/W25N01GV.o
 .text.write_bytes_to_page
                0x00000000080069e4       0x46 Core/firmware-libraries/W25N01GV/src/W25N01GV.o
 .text.enable_ECC
                0x0000000008006a2a       0x38 Core/firmware-libraries/W25N01GV/src/W25N01GV.o
 .text.enable_buffer_mode
                0x0000000008006a62       0x38 Core/firmware-libraries/W25N01GV/src/W25N01GV.o
 .text.find_write_ptr
                0x0000000008006a9a      0x260 Core/firmware-libraries/W25N01GV/src/W25N01GV.o
 .text.init_flash
                0x0000000008006cfa       0x6e Core/firmware-libraries/W25N01GV/src/W25N01GV.o
                0x0000000008006cfa                init_flash
 .text.ping_flash
                0x0000000008006d68       0x52 Core/firmware-libraries/W25N01GV/src/W25N01GV.o
                0x0000000008006d68                ping_flash
 *fill*         0x0000000008006dba        0x2 
 .text.reset_flash
                0x0000000008006dbc       0x40 Core/firmware-libraries/W25N01GV/src/W25N01GV.o
                0x0000000008006dbc                reset_flash
 .text.write_to_flash_contiguous
                0x0000000008006dfc       0xde Core/firmware-libraries/W25N01GV/src/W25N01GV.o
 .text.write_to_flash
                0x0000000008006eda      0x196 Core/firmware-libraries/W25N01GV/src/W25N01GV.o
                0x0000000008006eda                write_to_flash
 .text.finish_flash_write
                0x0000000008007070       0x8c Core/firmware-libraries/W25N01GV/src/W25N01GV.o
                0x0000000008007070                finish_flash_write
 .text.reset_flash_read_pointer
                0x00000000080070fc       0x1c Core/firmware-libraries/W25N01GV/src/W25N01GV.o
                0x00000000080070fc                reset_flash_read_pointer
 .text.read_next_2KB_from_flash
                0x0000000008007118       0x3e Core/firmware-libraries/W25N01GV/src/W25N01GV.o
                0x0000000008007118                read_next_2KB_from_flash
 .text.erase_flash
                0x0000000008007156       0x64 Core/firmware-libraries/W25N01GV/src/W25N01GV.o
                0x0000000008007156                erase_flash
 .text.get_bytes_remaining
                0x00000000080071ba       0x34 Core/firmware-libraries/W25N01GV/src/W25N01GV.o
                0x00000000080071ba                get_bytes_remaining
 .text.write_reserved_flash_page
                0x00000000080071ee       0x44 Core/firmware-libraries/W25N01GV/src/W25N01GV.o
                0x00000000080071ee                write_reserved_flash_page
 .text.read_reserved_flash_page
                0x0000000008007232       0x32 Core/firmware-libraries/W25N01GV/src/W25N01GV.o
                0x0000000008007232                read_reserved_flash_page
 .text.erase_reserved_flash_pages
                0x0000000008007264       0x2c Core/firmware-libraries/W25N01GV/src/W25N01GV.o
                0x0000000008007264                erase_reserved_flash_pages
 .text.add_test_delimiter
                0x0000000008007290       0x3c Core/firmware-libraries/W25N01GV/src/W25N01GV.o
                0x0000000008007290                add_test_delimiter
 .text.HAL_Init
                0x00000000080072cc       0x44 Drivers/STM32F4xx_HAL_Driver/Src/stm32f4xx_hal.o
                0x00000000080072cc                HAL_Init
 .text.HAL_InitTick
                0x0000000008007310       0x60 Drivers/STM32F4xx_HAL_Driver/Src/stm32f4xx_hal.o
                0x0000000008007310                HAL_InitTick
 .text.HAL_IncTick
                0x0000000008007370       0x28 Drivers/STM32F4xx_HAL_Driver/Src/stm32f4xx_hal.o
                0x0000000008007370                HAL_IncTick
 .text.HAL_GetTick
                0x0000000008007398       0x18 Drivers/STM32F4xx_HAL_Driver/Src/stm32f4xx_hal.o
                0x0000000008007398                HAL_GetTick
 .text.__NVIC_SetPriorityGrouping
                0x00000000080073b0       0x48 Drivers/STM32F4xx_HAL_Driver/Src/stm32f4xx_hal_cortex.o
 .text.__NVIC_GetPriorityGrouping
                0x00000000080073f8       0x1c Drivers/STM32F4xx_HAL_Driver/Src/stm32f4xx_hal_cortex.o
 .text.__NVIC_EnableIRQ
                0x0000000008007414       0x3c Drivers/STM32F4xx_HAL_Driver/Src/stm32f4xx_hal_cortex.o
 .text.__NVIC_SetPriority
                0x0000000008007450       0x54 Drivers/STM32F4xx_HAL_Driver/Src/stm32f4xx_hal_cortex.o
 .text.NVIC_EncodePriority
                0x00000000080074a4       0x66 Drivers/STM32F4xx_HAL_Driver/Src/stm32f4xx_hal_cortex.o
 *fill*         0x000000000800750a        0x2 
 .text.SysTick_Config
                0x000000000800750c       0x44 Drivers/STM32F4xx_HAL_Driver/Src/stm32f4xx_hal_cortex.o
 .text.HAL_NVIC_SetPriorityGrouping
                0x0000000008007550       0x16 Drivers/STM32F4xx_HAL_Driver/Src/stm32f4xx_hal_cortex.o
                0x0000000008007550                HAL_NVIC_SetPriorityGrouping
 .text.HAL_NVIC_SetPriority
                0x0000000008007566       0x38 Drivers/STM32F4xx_HAL_Driver/Src/stm32f4xx_hal_cortex.o
                0x0000000008007566                HAL_NVIC_SetPriority
 .text.HAL_NVIC_EnableIRQ
                0x000000000800759e       0x1c Drivers/STM32F4xx_HAL_Driver/Src/stm32f4xx_hal_cortex.o
                0x000000000800759e                HAL_NVIC_EnableIRQ
 .text.HAL_SYSTICK_Config
                0x00000000080075ba       0x18 Drivers/STM32F4xx_HAL_Driver/Src/stm32f4xx_hal_cortex.o
                0x00000000080075ba                HAL_SYSTICK_Config
 .text.HAL_DMA_Abort
                0x00000000080075d2       0xe0 Drivers/STM32F4xx_HAL_Driver/Src/stm32f4xx_hal_dma.o
                0x00000000080075d2                HAL_DMA_Abort
 .text.HAL_DMA_Abort_IT
                0x00000000080076b2       0x44 Drivers/STM32F4xx_HAL_Driver/Src/stm32f4xx_hal_dma.o
                0x00000000080076b2                HAL_DMA_Abort_IT
 *fill*         0x00000000080076f6        0x2 
 .text.HAL_GPIO_Init
                0x00000000080076f8      0x328 Drivers/STM32F4xx_HAL_Driver/Src/stm32f4xx_hal_gpio.o
                0x00000000080076f8                HAL_GPIO_Init
 .text.HAL_GPIO_WritePin
                0x0000000008007a20       0x32 Drivers/STM32F4xx_HAL_Driver/Src/stm32f4xx_hal_gpio.o
                0x0000000008007a20                HAL_GPIO_WritePin
 .text.HAL_GPIO_TogglePin
                0x0000000008007a52       0x34 Drivers/STM32F4xx_HAL_Driver/Src/stm32f4xx_hal_gpio.o
                0x0000000008007a52                HAL_GPIO_TogglePin
 *fill*         0x0000000008007a86        0x2 
 .text.HAL_RCC_ClockConfig
                0x0000000008007a88      0x1cc Drivers/STM32F4xx_HAL_Driver/Src/stm32f4xx_hal_rcc.o
                0x0000000008007a88                HAL_RCC_ClockConfig
 .text.HAL_RCC_GetHCLKFreq
                0x0000000008007c54       0x18 Drivers/STM32F4xx_HAL_Driver/Src/stm32f4xx_hal_rcc.o
                0x0000000008007c54                HAL_RCC_GetHCLKFreq
 .text.HAL_RCC_GetPCLK1Freq
                0x0000000008007c6c       0x28 Drivers/STM32F4xx_HAL_Driver/Src/stm32f4xx_hal_rcc.o
                0x0000000008007c6c                HAL_RCC_GetPCLK1Freq
 .text.HAL_RCC_GetPCLK2Freq
                0x0000000008007c94       0x28 Drivers/STM32F4xx_HAL_Driver/Src/stm32f4xx_hal_rcc.o
                0x0000000008007c94                HAL_RCC_GetPCLK2Freq
 .text.HAL_RCC_GetSysClockFreq
                0x0000000008007cbc      0x2b8 Drivers/STM32F4xx_HAL_Driver/Src/stm32f4xx_hal_rcc_ex.o
                0x0000000008007cbc                HAL_RCC_GetSysClockFreq
 .text.HAL_RCC_OscConfig
                0x0000000008007f74      0x53c Drivers/STM32F4xx_HAL_Driver/Src/stm32f4xx_hal_rcc_ex.o
                0x0000000008007f74                HAL_RCC_OscConfig
 .text.HAL_SPI_Init
                0x00000000080084b0      0x112 Drivers/STM32F4xx_HAL_Driver/Src/stm32f4xx_hal_spi.o
                0x00000000080084b0                HAL_SPI_Init
 .text.HAL_SPI_Transmit
                0x00000000080085c2      0x278 Drivers/STM32F4xx_HAL_Driver/Src/stm32f4xx_hal_spi.o
                0x00000000080085c2                HAL_SPI_Transmit
 .text.HAL_SPI_Receive
                0x000000000800883a      0x222 Drivers/STM32F4xx_HAL_Driver/Src/stm32f4xx_hal_spi.o
                0x000000000800883a                HAL_SPI_Receive
 .text.HAL_SPI_TransmitReceive
                0x0000000008008a5c      0x344 Drivers/STM32F4xx_HAL_Driver/Src/stm32f4xx_hal_spi.o
                0x0000000008008a5c                HAL_SPI_TransmitReceive
 .text.SPI_WaitFlagStateUntilTimeout
                0x0000000008008da0      0x110 Drivers/STM32F4xx_HAL_Driver/Src/stm32f4xx_hal_spi.o
 .text.SPI_EndRxTransaction
                0x0000000008008eb0       0xca Drivers/STM32F4xx_HAL_Driver/Src/stm32f4xx_hal_spi.o
 *fill*         0x0000000008008f7a        0x2 
 .text.SPI_EndRxTxTransaction
                0x0000000008008f7c       0x84 Drivers/STM32F4xx_HAL_Driver/Src/stm32f4xx_hal_spi.o
 .text.HAL_TIM_Base_Init
                0x0000000008009000       0x9e Drivers/STM32F4xx_HAL_Driver/Src/stm32f4xx_hal_tim.o
                0x0000000008009000                HAL_TIM_Base_Init
 *fill*         0x000000000800909e        0x2 
 .text.HAL_TIM_Base_Start
                0x00000000080090a0       0xd0 Drivers/STM32F4xx_HAL_Driver/Src/stm32f4xx_hal_tim.o
                0x00000000080090a0                HAL_TIM_Base_Start
 .text.HAL_TIM_Base_Start_IT
                0x0000000008009170       0xe0 Drivers/STM32F4xx_HAL_Driver/Src/stm32f4xx_hal_tim.o
                0x0000000008009170                HAL_TIM_Base_Start_IT
 .text.HAL_TIM_IRQHandler
                0x0000000008009250      0x210 Drivers/STM32F4xx_HAL_Driver/Src/stm32f4xx_hal_tim.o
                0x0000000008009250                HAL_TIM_IRQHandler
 .text.HAL_TIM_ConfigClockSource
                0x0000000008009460      0x188 Drivers/STM32F4xx_HAL_Driver/Src/stm32f4xx_hal_tim.o
                0x0000000008009460                HAL_TIM_ConfigClockSource
 .text.HAL_TIM_OC_DelayElapsedCallback
                0x00000000080095e8       0x14 Drivers/STM32F4xx_HAL_Driver/Src/stm32f4xx_hal_tim.o
                0x00000000080095e8                HAL_TIM_OC_DelayElapsedCallback
 .text.HAL_TIM_IC_CaptureCallback
                0x00000000080095fc       0x14 Drivers/STM32F4xx_HAL_Driver/Src/stm32f4xx_hal_tim.o
                0x00000000080095fc                HAL_TIM_IC_CaptureCallback
 .text.HAL_TIM_PWM_PulseFinishedCallback
                0x0000000008009610       0x14 Drivers/STM32F4xx_HAL_Driver/Src/stm32f4xx_hal_tim.o
                0x0000000008009610                HAL_TIM_PWM_PulseFinishedCallback
 .text.HAL_TIM_TriggerCallback
                0x0000000008009624       0x14 Drivers/STM32F4xx_HAL_Driver/Src/stm32f4xx_hal_tim.o
                0x0000000008009624                HAL_TIM_TriggerCallback
 .text.TIM_Base_SetConfig
                0x0000000008009638      0x140 Drivers/STM32F4xx_HAL_Driver/Src/stm32f4xx_hal_tim.o
                0x0000000008009638                TIM_Base_SetConfig
 .text.TIM_TI1_ConfigInputStage
                0x0000000008009778       0x5e Drivers/STM32F4xx_HAL_Driver/Src/stm32f4xx_hal_tim.o
 .text.TIM_TI2_ConfigInputStage
                0x00000000080097d6       0x60 Drivers/STM32F4xx_HAL_Driver/Src/stm32f4xx_hal_tim.o
 .text.TIM_ITRx_SetConfig
                0x0000000008009836       0x36 Drivers/STM32F4xx_HAL_Driver/Src/stm32f4xx_hal_tim.o
 .text.TIM_ETR_SetConfig
                0x000000000800986c       0x40 Drivers/STM32F4xx_HAL_Driver/Src/stm32f4xx_hal_tim.o
                0x000000000800986c                TIM_ETR_SetConfig
 .text.HAL_TIMEx_MasterConfigSynchronization
                0x00000000080098ac       0xf8 Drivers/STM32F4xx_HAL_Driver/Src/stm32f4xx_hal_tim_ex.o
                0x00000000080098ac                HAL_TIMEx_MasterConfigSynchronization
 .text.HAL_TIMEx_CommutCallback
                0x00000000080099a4       0x14 Drivers/STM32F4xx_HAL_Driver/Src/stm32f4xx_hal_tim_ex.o
                0x00000000080099a4                HAL_TIMEx_CommutCallback
 .text.HAL_TIMEx_BreakCallback
                0x00000000080099b8       0x14 Drivers/STM32F4xx_HAL_Driver/Src/stm32f4xx_hal_tim_ex.o
                0x00000000080099b8                HAL_TIMEx_BreakCallback
 .text.HAL_UART_Init
                0x00000000080099cc       0x9a Drivers/STM32F4xx_HAL_Driver/Src/stm32f4xx_hal_uart.o
                0x00000000080099cc                HAL_UART_Init
 .text.HAL_UART_Transmit
                0x0000000008009a66      0x124 Drivers/STM32F4xx_HAL_Driver/Src/stm32f4xx_hal_uart.o
                0x0000000008009a66                HAL_UART_Transmit
 .text.HAL_UART_Receive_IT
                0x0000000008009b8a       0x60 Drivers/STM32F4xx_HAL_Driver/Src/stm32f4xx_hal_uart.o
                0x0000000008009b8a                HAL_UART_Receive_IT
 *fill*         0x0000000008009bea        0x2 
 .text.HAL_UART_IRQHandler
                0x0000000008009bec      0x358 Drivers/STM32F4xx_HAL_Driver/Src/stm32f4xx_hal_uart.o
                0x0000000008009bec                HAL_UART_IRQHandler
 .text.HAL_UART_TxCpltCallback
                0x0000000008009f44       0x14 Drivers/STM32F4xx_HAL_Driver/Src/stm32f4xx_hal_uart.o
                0x0000000008009f44                HAL_UART_TxCpltCallback
 .text.HAL_UART_ErrorCallback
                0x0000000008009f58       0x14 Drivers/STM32F4xx_HAL_Driver/Src/stm32f4xx_hal_uart.o
                0x0000000008009f58                HAL_UART_ErrorCallback
 .text.HAL_UARTEx_RxEventCallback
                0x0000000008009f6c       0x18 Drivers/STM32F4xx_HAL_Driver/Src/stm32f4xx_hal_uart.o
                0x0000000008009f6c                HAL_UARTEx_RxEventCallback
 .text.UART_WaitOnFlagUntilTimeout
                0x0000000008009f84       0x94 Drivers/STM32F4xx_HAL_Driver/Src/stm32f4xx_hal_uart.o
 .text.UART_Start_Receive_IT
                0x000000000800a018       0x74 Drivers/STM32F4xx_HAL_Driver/Src/stm32f4xx_hal_uart.o
                0x000000000800a018                UART_Start_Receive_IT
 .text.UART_EndRxTransfer
                0x000000000800a08c       0x5a Drivers/STM32F4xx_HAL_Driver/Src/stm32f4xx_hal_uart.o
 .text.UART_DMAAbortOnError
                0x000000000800a0e6       0x28 Drivers/STM32F4xx_HAL_Driver/Src/stm32f4xx_hal_uart.o
 .text.UART_Transmit_IT
                0x000000000800a10e       0xa0 Drivers/STM32F4xx_HAL_Driver/Src/stm32f4xx_hal_uart.o
 .text.UART_EndTransmit_IT
                0x000000000800a1ae       0x30 Drivers/STM32F4xx_HAL_Driver/Src/stm32f4xx_hal_uart.o
 .text.UART_Receive_IT
                0x000000000800a1de      0x12e Drivers/STM32F4xx_HAL_Driver/Src/stm32f4xx_hal_uart.o
 .text.UART_SetConfig
                0x000000000800a30c      0x390 Drivers/STM32F4xx_HAL_Driver/Src/stm32f4xx_hal_uart.o
 .text.__libc_init_array
                0x000000000800a69c       0x48 c:/st/stm32cubeide_1.3.0/stm32cubeide/plugins/com.st.stm32cube.ide.mcu.externaltools.gnu-tools-for-stm32.9-2020-q2-update.win32_1.5.0.202011040924/tools/bin/../lib/gcc/arm-none-eabi/9.3.1/../../../../arm-none-eabi/lib/thumb/v7e-m+fp/hard\libc_nano.a(lib_a-init.o)
                0x000000000800a69c                __libc_init_array
 .text.memset   0x000000000800a6e4       0x10 c:/st/stm32cubeide_1.3.0/stm32cubeide/plugins/com.st.stm32cube.ide.mcu.externaltools.gnu-tools-for-stm32.9-2020-q2-update.win32_1.5.0.202011040924/tools/bin/../lib/gcc/arm-none-eabi/9.3.1/../../../../arm-none-eabi/lib/thumb/v7e-m+fp/hard\libc_nano.a(lib_a-memset.o)
                0x000000000800a6e4                memset
 *fill*         0x000000000800a6f4        0x4 
 .text.ceil     0x000000000800a6f8      0x108 c:/st/stm32cubeide_1.3.0/stm32cubeide/plugins/com.st.stm32cube.ide.mcu.externaltools.gnu-tools-for-stm32.9-2020-q2-update.win32_1.5.0.202011040924/tools/bin/../lib/gcc/arm-none-eabi/9.3.1/../../../../arm-none-eabi/lib/thumb/v7e-m+fp/hard\libm.a(lib_a-s_ceil.o)
                0x000000000800a6f8                ceil
 *(.glue_7)
 .glue_7        0x000000000800a800        0x0 linker stubs
 *(.glue_7t)
 .glue_7t       0x000000000800a800        0x0 linker stubs
 *(.eh_frame)
 .eh_frame      0x000000000800a800        0x0 c:/st/stm32cubeide_1.3.0/stm32cubeide/plugins/com.st.stm32cube.ide.mcu.externaltools.gnu-tools-for-stm32.9-2020-q2-update.win32_1.5.0.202011040924/tools/bin/../lib/gcc/arm-none-eabi/9.3.1/thumb/v7e-m+fp/hard/crtbegin.o
 *(.init)
 .init          0x000000000800a800        0x4 c:/st/stm32cubeide_1.3.0/stm32cubeide/plugins/com.st.stm32cube.ide.mcu.externaltools.gnu-tools-for-stm32.9-2020-q2-update.win32_1.5.0.202011040924/tools/bin/../lib/gcc/arm-none-eabi/9.3.1/thumb/v7e-m+fp/hard/crti.o
                0x000000000800a800                _init
 .init          0x000000000800a804        0x8 c:/st/stm32cubeide_1.3.0/stm32cubeide/plugins/com.st.stm32cube.ide.mcu.externaltools.gnu-tools-for-stm32.9-2020-q2-update.win32_1.5.0.202011040924/tools/bin/../lib/gcc/arm-none-eabi/9.3.1/thumb/v7e-m+fp/hard/crtn.o
 *(.fini)
 .fini          0x000000000800a80c        0x4 c:/st/stm32cubeide_1.3.0/stm32cubeide/plugins/com.st.stm32cube.ide.mcu.externaltools.gnu-tools-for-stm32.9-2020-q2-update.win32_1.5.0.202011040924/tools/bin/../lib/gcc/arm-none-eabi/9.3.1/thumb/v7e-m+fp/hard/crti.o
                0x000000000800a80c                _fini
 .fini          0x000000000800a810        0x8 c:/st/stm32cubeide_1.3.0/stm32cubeide/plugins/com.st.stm32cube.ide.mcu.externaltools.gnu-tools-for-stm32.9-2020-q2-update.win32_1.5.0.202011040924/tools/bin/../lib/gcc/arm-none-eabi/9.3.1/thumb/v7e-m+fp/hard/crtn.o
                0x000000000800a818                . = ALIGN (0x4)
                0x000000000800a818                _etext = .

.vfp11_veneer   0x000000000800a818        0x0
 .vfp11_veneer  0x000000000800a818        0x0 linker stubs

.v4_bx          0x000000000800a818        0x0
 .v4_bx         0x000000000800a818        0x0 linker stubs

.iplt           0x000000000800a818        0x0
 .iplt          0x000000000800a818        0x0 c:/st/stm32cubeide_1.3.0/stm32cubeide/plugins/com.st.stm32cube.ide.mcu.externaltools.gnu-tools-for-stm32.9-2020-q2-update.win32_1.5.0.202011040924/tools/bin/../lib/gcc/arm-none-eabi/9.3.1/thumb/v7e-m+fp/hard/crtbegin.o

.rodata         0x000000000800a818       0x18
                0x000000000800a818                . = ALIGN (0x4)
 *(.rodata)
 *(.rodata*)
 .rodata.AHBPrescTable
                0x000000000800a818       0x10 Core/Src/system_stm32f4xx.o
                0x000000000800a818                AHBPrescTable
 .rodata.APBPrescTable
                0x000000000800a828        0x8 Core/Src/system_stm32f4xx.o
                0x000000000800a828                APBPrescTable
                0x000000000800a830                . = ALIGN (0x4)

.ARM.extab      0x000000000800a830        0x0
                0x000000000800a830                . = ALIGN (0x4)
 *(.ARM.extab* .gnu.linkonce.armextab.*)
                0x000000000800a830                . = ALIGN (0x4)

.ARM            0x000000000800a830        0x8
                0x000000000800a830                . = ALIGN (0x4)
                0x000000000800a830                __exidx_start = .
 *(.ARM.exidx*)
 .ARM.exidx     0x000000000800a830        0x8 c:/st/stm32cubeide_1.3.0/stm32cubeide/plugins/com.st.stm32cube.ide.mcu.externaltools.gnu-tools-for-stm32.9-2020-q2-update.win32_1.5.0.202011040924/tools/bin/../lib/gcc/arm-none-eabi/9.3.1/thumb/v7e-m+fp/hard\libgcc.a(_udivmoddi4.o)
                0x000000000800a838                __exidx_end = .
                0x000000000800a838                . = ALIGN (0x4)

.rel.dyn        0x000000000800a838        0x0
 .rel.iplt      0x000000000800a838        0x0 c:/st/stm32cubeide_1.3.0/stm32cubeide/plugins/com.st.stm32cube.ide.mcu.externaltools.gnu-tools-for-stm32.9-2020-q2-update.win32_1.5.0.202011040924/tools/bin/../lib/gcc/arm-none-eabi/9.3.1/thumb/v7e-m+fp/hard/crtbegin.o

.preinit_array  0x000000000800a838        0x0
                0x000000000800a838                . = ALIGN (0x4)
                0x000000000800a838                PROVIDE (__preinit_array_start = .)
 *(.preinit_array*)
                0x000000000800a838                PROVIDE (__preinit_array_end = .)
                0x000000000800a838                . = ALIGN (0x4)

.init_array     0x000000000800a838        0x4
                0x000000000800a838                . = ALIGN (0x4)
                0x000000000800a838                PROVIDE (__init_array_start = .)
 *(SORT_BY_NAME(.init_array.*))
 *(.init_array*)
 .init_array    0x000000000800a838        0x4 c:/st/stm32cubeide_1.3.0/stm32cubeide/plugins/com.st.stm32cube.ide.mcu.externaltools.gnu-tools-for-stm32.9-2020-q2-update.win32_1.5.0.202011040924/tools/bin/../lib/gcc/arm-none-eabi/9.3.1/thumb/v7e-m+fp/hard/crtbegin.o
                0x000000000800a83c                PROVIDE (__init_array_end = .)
                0x000000000800a83c                . = ALIGN (0x4)

.fini_array     0x000000000800a83c        0x4
                0x000000000800a83c                . = ALIGN (0x4)
                [!provide]                        PROVIDE (__fini_array_start = .)
 *(SORT_BY_NAME(.fini_array.*))
 *(.fini_array*)
 .fini_array    0x000000000800a83c        0x4 c:/st/stm32cubeide_1.3.0/stm32cubeide/plugins/com.st.stm32cube.ide.mcu.externaltools.gnu-tools-for-stm32.9-2020-q2-update.win32_1.5.0.202011040924/tools/bin/../lib/gcc/arm-none-eabi/9.3.1/thumb/v7e-m+fp/hard/crtbegin.o
                [!provide]                        PROVIDE (__fini_array_end = .)
                0x000000000800a840                . = ALIGN (0x4)
                0x000000000800a840                _sidata = LOADADDR (.data)

.data           0x0000000020000000      0x1e4 load address 0x000000000800a840
                0x0000000020000000                . = ALIGN (0x4)
                0x0000000020000000                _sdata = .
 *(.data)
 *(.data*)
 .data.last_byte_uart
                0x0000000020000000        0x1 Core/Src/main.o
                0x0000000020000000                last_byte_uart
 *fill*         0x0000000020000001        0x3 
 .data.command_map
                0x0000000020000004       0x68 Core/Src/pack_cmd_defines.o
                0x0000000020000004                command_map
 .data.command_sz
                0x000000002000006c       0x68 Core/Src/pack_cmd_defines.o
                0x000000002000006c                command_sz
 .data.cmds_ptr
                0x00000000200000d4       0xb0 Core/Src/pack_cmd_defines.o
                0x00000000200000d4                cmds_ptr
 .data.SystemCoreClock
                0x0000000020000184        0x4 Core/Src/system_stm32f4xx.o
                0x0000000020000184                SystemCoreClock
 .data.VALVE_GPIO_PORTS
                0x0000000020000188       0x38 Core/Src/valves.o
                0x0000000020000188                VALVE_GPIO_PORTS
 .data.VALVE_GPIO_PINS
                0x00000000200001c0       0x1c Core/Src/valves.o
                0x00000000200001c0                VALVE_GPIO_PINS
 .data.uwTickPrio
                0x00000000200001dc        0x4 Drivers/STM32F4xx_HAL_Driver/Src/stm32f4xx_hal.o
                0x00000000200001dc                uwTickPrio
 .data.uwTickFreq
                0x00000000200001e0        0x1 Drivers/STM32F4xx_HAL_Driver/Src/stm32f4xx_hal.o
                0x00000000200001e0                uwTickFreq
 *(.RamFunc)
 *(.RamFunc*)
                0x00000000200001e4                . = ALIGN (0x4)
 *fill*         0x00000000200001e1        0x3 
                0x00000000200001e4                _edata = .

.igot.plt       0x00000000200001e4        0x0 load address 0x000000000800aa24
 .igot.plt      0x00000000200001e4        0x0 c:/st/stm32cubeide_1.3.0/stm32cubeide/plugins/com.st.stm32cube.ide.mcu.externaltools.gnu-tools-for-stm32.9-2020-q2-update.win32_1.5.0.202011040924/tools/bin/../lib/gcc/arm-none-eabi/9.3.1/thumb/v7e-m+fp/hard/crtbegin.o
                0x00000000200001e4                . = ALIGN (0x4)

.bss            0x00000000200001e4     0x20f0 load address 0x000000000800aa24
                0x00000000200001e4                _sbss = .
                0x00000000200001e4                __bss_start__ = _sbss
 *(.bss)
 .bss           0x00000000200001e4       0x1c c:/st/stm32cubeide_1.3.0/stm32cubeide/plugins/com.st.stm32cube.ide.mcu.externaltools.gnu-tools-for-stm32.9-2020-q2-update.win32_1.5.0.202011040924/tools/bin/../lib/gcc/arm-none-eabi/9.3.1/thumb/v7e-m+fp/hard/crtbegin.o
 *(.bss*)
 .bss.pt_ambients
                0x0000000020000200       0x50 Core/Src/calibrations.o
                0x0000000020000200                pt_ambients
 .bss.pot_ambients
                0x0000000020000250        0x8 Core/Src/calibrations.o
                0x0000000020000250                pot_ambients
 .bss.pt_cal_lower_voltage
                0x0000000020000258       0x50 Core/Src/calibrations.o
                0x0000000020000258                pt_cal_lower_voltage
 .bss.pt_cal_upper_voltage
                0x00000000200002a8       0x50 Core/Src/calibrations.o
                0x00000000200002a8                pt_cal_upper_voltage
 .bss.pt_cal_upper_pressure
                0x00000000200002f8       0x50 Core/Src/calibrations.o
                0x00000000200002f8                pt_cal_upper_pressure
 .bss.STATE     0x0000000020000348        0x1 Core/Src/globals.o
                0x0000000020000348                STATE
 *fill*         0x0000000020000349        0x3 
 .bss.e_batt    0x000000002000034c        0x4 Core/Src/globals.o
                0x000000002000034c                e_batt
 .bss.i_batt    0x0000000020000350        0x4 Core/Src/globals.o
                0x0000000020000350                i_batt
 .bss.valve_states
                0x0000000020000354        0x4 Core/Src/globals.o
                0x0000000020000354                valve_states
 .bss.e3v       0x0000000020000358        0x4 Core/Src/globals.o
                0x0000000020000358                e3v
 .bss.e5v       0x000000002000035c        0x4 Core/Src/globals.o
                0x000000002000035c                e5v
 .bss.i5v       0x0000000020000360        0x4 Core/Src/globals.o
                0x0000000020000360                i5v
 .bss.i3v       0x0000000020000364        0x4 Core/Src/globals.o
                0x0000000020000364                i3v
 .bss.status_flags
                0x0000000020000368        0x4 Core/Src/globals.o
                0x0000000020000368                status_flags
 .bss.lox_control_pressure
                0x000000002000036c        0x4 Core/Src/globals.o
                0x000000002000036c                lox_control_pressure
 .bss.fuel_control_pressure
                0x0000000020000370        0x4 Core/Src/globals.o
                0x0000000020000370                fuel_control_pressure
 .bss.copv_control_pressure
                0x0000000020000374        0x4 Core/Src/globals.o
                0x0000000020000374                copv_control_pressure
 .bss.init_motor_pos_deg_correction_factor
                0x0000000020000378        0x4 Core/Src/globals.o
                0x0000000020000378                init_motor_pos_deg_correction_factor
 .bss.state_rem_duration
                0x000000002000037c        0x4 Core/Src/globals.o
                0x000000002000037c                state_rem_duration
 .bss.telem_rate
                0x0000000020000380        0x1 Core/Src/globals.o
                0x0000000020000380                telem_rate
 .bss.adc_rate  0x0000000020000381        0x1 Core/Src/globals.o
                0x0000000020000381                adc_rate
 *fill*         0x0000000020000382        0x2 
 .bss.flash_mem
                0x0000000020000384        0x4 Core/Src/globals.o
                0x0000000020000384                flash_mem
 .bss.LOGGING_ACTIVE
                0x0000000020000388        0x1 Core/Src/globals.o
                0x0000000020000388                LOGGING_ACTIVE
 *fill*         0x0000000020000389        0x3 
 .bss.pressure  0x000000002000038c       0x50 Core/Src/globals.o
                0x000000002000038c                pressure
 .bss.evlv      0x00000000200003dc       0x38 Core/Src/globals.o
                0x00000000200003dc                evlv
 .bss.tc        0x0000000020000414       0x34 Core/Src/globals.o
                0x0000000020000414                tc
 .bss.epot      0x0000000020000448        0x8 Core/Src/globals.o
                0x0000000020000448                epot
 .bss.telem_buffer_sz
                0x0000000020000450        0x2 Core/Src/main.o
                0x0000000020000450                telem_buffer_sz
 .bss.eof_received
                0x0000000020000452        0x1 Core/Src/main.o
                0x0000000020000452                eof_received
 .bss.telem_disabled
                0x0000000020000453        0x1 Core/Src/serial_data.o
                0x0000000020000453                telem_disabled
 *(COMMON)
 COMMON         0x0000000020000454      0x138 Core/Src/autosequence.o
                0x0000000020000454                tanks
                0x000000002000055c                autosequence
 COMMON         0x000000002000058c      0x708 Core/Src/main.o
                0x000000002000058c                CLB_buffer
                0x0000000020000590                periodic_flag_5ms
                0x0000000020000594                hspi2
                0x00000000200005ec                htim10
                0x0000000020000634                periodic_flag_100ms
                0x0000000020000638                htim5
                0x0000000020000680                hspi3
                0x00000000200006d8                CLB_pong_packet
                0x00000000200007d7                CLB_board_addr
                0x00000000200007d8                htim13
                0x0000000020000820                huart1
                0x0000000020000864                CLB_ping_packet
                0x0000000020000964                htim11
                0x00000000200009ac                hspi4
                0x0000000020000a04                CLB_telem_data
                0x0000000020000af5                CLB_last_cmd_received
                0x0000000020000af6                CLB_buffer_sz
                0x0000000020000af8                hspi1
                0x0000000020000b50                motor
                0x0000000020000b80                telem_buffer
                0x0000000020000c80                CLB_receive_header
                0x0000000020000c8c                periodic_flag_50ms
                0x0000000020000c90                CLB_header
 COMMON         0x0000000020000c94       0xfe Core/Src/nonvolatile_memory.o
                0x0000000020000c94                nonvolatile_memory_buffer
 *fill*         0x0000000020000d92        0x2 
 COMMON         0x0000000020000d94     0x153a Core/Src/serial_data.o
                0x0000000020000d94                flash
                0x0000000020000fac                buffer_info
 *fill*         0x00000000200022ce        0x2 
 COMMON         0x00000000200022d0        0x4 Drivers/STM32F4xx_HAL_Driver/Src/stm32f4xx_hal.o
                0x00000000200022d0                uwTick
                0x00000000200022d4                . = ALIGN (0x4)
                0x00000000200022d4                _ebss = .
                0x00000000200022d4                __bss_end__ = _ebss

._user_heap_stack
                0x00000000200022d4      0x604 load address 0x000000000800aa24
                0x00000000200022d8                . = ALIGN (0x8)
 *fill*         0x00000000200022d4        0x4 
                [!provide]                        PROVIDE (end = .)
                0x00000000200022d8                PROVIDE (_end = .)
                0x00000000200024d8                . = (. + _Min_Heap_Size)
 *fill*         0x00000000200022d8      0x200 
                0x00000000200028d8                . = (. + _Min_Stack_Size)
 *fill*         0x00000000200024d8      0x400 
                0x00000000200028d8                . = ALIGN (0x8)

/DISCARD/
 libc.a(*)
 libm.a(*)
 libgcc.a(*)

.ARM.attributes
                0x0000000000000000       0x30
 *(.ARM.attributes)
 .ARM.attributes
                0x0000000000000000       0x1e c:/st/stm32cubeide_1.3.0/stm32cubeide/plugins/com.st.stm32cube.ide.mcu.externaltools.gnu-tools-for-stm32.9-2020-q2-update.win32_1.5.0.202011040924/tools/bin/../lib/gcc/arm-none-eabi/9.3.1/thumb/v7e-m+fp/hard/crti.o
 .ARM.attributes
                0x000000000000001e       0x34 c:/st/stm32cubeide_1.3.0/stm32cubeide/plugins/com.st.stm32cube.ide.mcu.externaltools.gnu-tools-for-stm32.9-2020-q2-update.win32_1.5.0.202011040924/tools/bin/../lib/gcc/arm-none-eabi/9.3.1/thumb/v7e-m+fp/hard/crtbegin.o
 .ARM.attributes
                0x0000000000000052       0x34 Core/Src/autosequence.o
 .ARM.attributes
                0x0000000000000086       0x34 Core/Src/calibrations.o
 .ARM.attributes
                0x00000000000000ba       0x39 Core/Src/globals.o
 .ARM.attributes
                0x00000000000000f3       0x34 Core/Src/main.o
 .ARM.attributes
                0x0000000000000127       0x34 Core/Src/nonvolatile_memory.o
 .ARM.attributes
                0x000000000000015b       0x39 Core/Src/pack_cmd_defines.o
 .ARM.attributes
                0x0000000000000194       0x34 Core/Src/pack_telem_defines.o
 .ARM.attributes
                0x00000000000001c8       0x34 Core/Src/serial_data.o
 .ARM.attributes
                0x00000000000001fc       0x34 Core/Src/status_flags.o
 .ARM.attributes
                0x0000000000000230       0x34 Core/Src/stm32f4xx_hal_msp.o
 .ARM.attributes
                0x0000000000000264       0x34 Core/Src/stm32f4xx_it.o
 .ARM.attributes
                0x0000000000000298       0x34 Core/Src/system_stm32f4xx.o
 .ARM.attributes
                0x00000000000002cc       0x34 Core/Src/tank_pressure_control.o
 .ARM.attributes
                0x0000000000000300       0x34 Core/Src/telem.o
 .ARM.attributes
                0x0000000000000334       0x34 Core/Src/valves.o
 .ARM.attributes
                0x0000000000000368       0x21 Core/Startup/startup_stm32f446vetx.o
 .ARM.attributes
                0x0000000000000389       0x34 Core/firmware-libraries/L6470/src/L6470.o
 .ARM.attributes
                0x00000000000003bd       0x34 Core/firmware-libraries/SerialComms/src/comms.o
 .ARM.attributes
                0x00000000000003f1       0x34 Core/firmware-libraries/W25N01GV/src/W25N01GV.o
 .ARM.attributes
                0x0000000000000425       0x34 Drivers/STM32F4xx_HAL_Driver/Src/stm32f4xx_hal.o
 .ARM.attributes
                0x0000000000000459       0x34 Drivers/STM32F4xx_HAL_Driver/Src/stm32f4xx_hal_cortex.o
 .ARM.attributes
                0x000000000000048d       0x34 Drivers/STM32F4xx_HAL_Driver/Src/stm32f4xx_hal_dma.o
 .ARM.attributes
                0x00000000000004c1       0x34 Drivers/STM32F4xx_HAL_Driver/Src/stm32f4xx_hal_gpio.o
 .ARM.attributes
                0x00000000000004f5       0x34 Drivers/STM32F4xx_HAL_Driver/Src/stm32f4xx_hal_rcc.o
 .ARM.attributes
                0x0000000000000529       0x34 Drivers/STM32F4xx_HAL_Driver/Src/stm32f4xx_hal_rcc_ex.o
 .ARM.attributes
                0x000000000000055d       0x34 Drivers/STM32F4xx_HAL_Driver/Src/stm32f4xx_hal_spi.o
 .ARM.attributes
                0x0000000000000591       0x34 Drivers/STM32F4xx_HAL_Driver/Src/stm32f4xx_hal_tim.o
 .ARM.attributes
                0x00000000000005c5       0x34 Drivers/STM32F4xx_HAL_Driver/Src/stm32f4xx_hal_tim_ex.o
 .ARM.attributes
                0x00000000000005f9       0x34 Drivers/STM32F4xx_HAL_Driver/Src/stm32f4xx_hal_uart.o
 .ARM.attributes
                0x000000000000062d       0x34 c:/st/stm32cubeide_1.3.0/stm32cubeide/plugins/com.st.stm32cube.ide.mcu.externaltools.gnu-tools-for-stm32.9-2020-q2-update.win32_1.5.0.202011040924/tools/bin/../lib/gcc/arm-none-eabi/9.3.1/../../../../arm-none-eabi/lib/thumb/v7e-m+fp/hard\libc_nano.a(lib_a-init.o)
 .ARM.attributes
                0x0000000000000661       0x34 c:/st/stm32cubeide_1.3.0/stm32cubeide/plugins/com.st.stm32cube.ide.mcu.externaltools.gnu-tools-for-stm32.9-2020-q2-update.win32_1.5.0.202011040924/tools/bin/../lib/gcc/arm-none-eabi/9.3.1/../../../../arm-none-eabi/lib/thumb/v7e-m+fp/hard\libc_nano.a(lib_a-memset.o)
 .ARM.attributes
                0x0000000000000695       0x34 c:/st/stm32cubeide_1.3.0/stm32cubeide/plugins/com.st.stm32cube.ide.mcu.externaltools.gnu-tools-for-stm32.9-2020-q2-update.win32_1.5.0.202011040924/tools/bin/../lib/gcc/arm-none-eabi/9.3.1/../../../../arm-none-eabi/lib/thumb/v7e-m+fp/hard\libm.a(lib_a-s_ceil.o)
 .ARM.attributes
                0x00000000000006c9       0x1e c:/st/stm32cubeide_1.3.0/stm32cubeide/plugins/com.st.stm32cube.ide.mcu.externaltools.gnu-tools-for-stm32.9-2020-q2-update.win32_1.5.0.202011040924/tools/bin/../lib/gcc/arm-none-eabi/9.3.1/thumb/v7e-m+fp/hard\libgcc.a(_arm_addsubdf3.o)
 .ARM.attributes
                0x00000000000006e7       0x1e c:/st/stm32cubeide_1.3.0/stm32cubeide/plugins/com.st.stm32cube.ide.mcu.externaltools.gnu-tools-for-stm32.9-2020-q2-update.win32_1.5.0.202011040924/tools/bin/../lib/gcc/arm-none-eabi/9.3.1/thumb/v7e-m+fp/hard\libgcc.a(_arm_muldivdf3.o)
 .ARM.attributes
                0x0000000000000705       0x1e c:/st/stm32cubeide_1.3.0/stm32cubeide/plugins/com.st.stm32cube.ide.mcu.externaltools.gnu-tools-for-stm32.9-2020-q2-update.win32_1.5.0.202011040924/tools/bin/../lib/gcc/arm-none-eabi/9.3.1/thumb/v7e-m+fp/hard\libgcc.a(_arm_cmpdf2.o)
 .ARM.attributes
                0x0000000000000723       0x1e c:/st/stm32cubeide_1.3.0/stm32cubeide/plugins/com.st.stm32cube.ide.mcu.externaltools.gnu-tools-for-stm32.9-2020-q2-update.win32_1.5.0.202011040924/tools/bin/../lib/gcc/arm-none-eabi/9.3.1/thumb/v7e-m+fp/hard\libgcc.a(_arm_fixunsdfsi.o)
 .ARM.attributes
                0x0000000000000741       0x1e c:/st/stm32cubeide_1.3.0/stm32cubeide/plugins/com.st.stm32cube.ide.mcu.externaltools.gnu-tools-for-stm32.9-2020-q2-update.win32_1.5.0.202011040924/tools/bin/../lib/gcc/arm-none-eabi/9.3.1/thumb/v7e-m+fp/hard\libgcc.a(_arm_truncdfsf2.o)
 .ARM.attributes
                0x000000000000075f       0x1e c:/st/stm32cubeide_1.3.0/stm32cubeide/plugins/com.st.stm32cube.ide.mcu.externaltools.gnu-tools-for-stm32.9-2020-q2-update.win32_1.5.0.202011040924/tools/bin/../lib/gcc/arm-none-eabi/9.3.1/thumb/v7e-m+fp/hard\libgcc.a(_aeabi_uldivmod.o)
 .ARM.attributes
                0x000000000000077d       0x34 c:/st/stm32cubeide_1.3.0/stm32cubeide/plugins/com.st.stm32cube.ide.mcu.externaltools.gnu-tools-for-stm32.9-2020-q2-update.win32_1.5.0.202011040924/tools/bin/../lib/gcc/arm-none-eabi/9.3.1/thumb/v7e-m+fp/hard\libgcc.a(_udivmoddi4.o)
 .ARM.attributes
                0x00000000000007b1       0x1e c:/st/stm32cubeide_1.3.0/stm32cubeide/plugins/com.st.stm32cube.ide.mcu.externaltools.gnu-tools-for-stm32.9-2020-q2-update.win32_1.5.0.202011040924/tools/bin/../lib/gcc/arm-none-eabi/9.3.1/thumb/v7e-m+fp/hard\libgcc.a(_dvmd_tls.o)
 .ARM.attributes
                0x00000000000007cf       0x1e c:/st/stm32cubeide_1.3.0/stm32cubeide/plugins/com.st.stm32cube.ide.mcu.externaltools.gnu-tools-for-stm32.9-2020-q2-update.win32_1.5.0.202011040924/tools/bin/../lib/gcc/arm-none-eabi/9.3.1/thumb/v7e-m+fp/hard/crtn.o
OUTPUT(tsm-flight-ec-firmware.elf elf32-littlearm)
LOAD linker stubs
LOAD c:/st/stm32cubeide_1.3.0/stm32cubeide/plugins/com.st.stm32cube.ide.mcu.externaltools.gnu-tools-for-stm32.9-2020-q2-update.win32_1.5.0.202011040924/tools/bin/../lib/gcc/arm-none-eabi/9.3.1/../../../../arm-none-eabi/lib/thumb/v7e-m+fp/hard\libc.a
LOAD c:/st/stm32cubeide_1.3.0/stm32cubeide/plugins/com.st.stm32cube.ide.mcu.externaltools.gnu-tools-for-stm32.9-2020-q2-update.win32_1.5.0.202011040924/tools/bin/../lib/gcc/arm-none-eabi/9.3.1/../../../../arm-none-eabi/lib/thumb/v7e-m+fp/hard\libm.a
LOAD c:/st/stm32cubeide_1.3.0/stm32cubeide/plugins/com.st.stm32cube.ide.mcu.externaltools.gnu-tools-for-stm32.9-2020-q2-update.win32_1.5.0.202011040924/tools/bin/../lib/gcc/arm-none-eabi/9.3.1/thumb/v7e-m+fp/hard\libgcc.a

.debug_info     0x0000000000000000    0x210c4
 .debug_info    0x0000000000000000     0x1427 Core/Src/autosequence.o
 .debug_info    0x0000000000001427      0xd97 Core/Src/calibrations.o
 .debug_info    0x00000000000021be      0x391 Core/Src/globals.o
 .debug_info    0x000000000000254f     0x28a4 Core/Src/main.o
 .debug_info    0x0000000000004df3     0x15b1 Core/Src/nonvolatile_memory.o
 .debug_info    0x00000000000063a4      0x116 Core/Src/pack_cmd_defines.o
 .debug_info    0x00000000000064ba     0x1384 Core/Src/pack_telem_defines.o
 .debug_info    0x000000000000783e     0x232a Core/Src/serial_data.o
 .debug_info    0x0000000000009b68       0xdc Core/Src/status_flags.o
 .debug_info    0x0000000000009c44     0x1453 Core/Src/stm32f4xx_hal_msp.o
 .debug_info    0x000000000000b097      0xaab Core/Src/stm32f4xx_it.o
 .debug_info    0x000000000000bb42      0x5dc Core/Src/system_stm32f4xx.o
 .debug_info    0x000000000000c11e     0x1c94 Core/Src/tank_pressure_control.o
 .debug_info    0x000000000000ddb2     0x2b6d Core/Src/telem.o
 .debug_info    0x000000000001091f      0xdd0 Core/Src/valves.o
 .debug_info    0x00000000000116ef       0x22 Core/Startup/startup_stm32f446vetx.o
 .debug_info    0x0000000000011711      0xfe2 Core/firmware-libraries/L6470/src/L6470.o
 .debug_info    0x00000000000126f3     0x240e Core/firmware-libraries/SerialComms/src/comms.o
 .debug_info    0x0000000000014b01     0x180b Core/firmware-libraries/W25N01GV/src/W25N01GV.o
 .debug_info    0x000000000001630c      0xa08 Drivers/STM32F4xx_HAL_Driver/Src/stm32f4xx_hal.o
 .debug_info    0x0000000000016d14      0xef5 Drivers/STM32F4xx_HAL_Driver/Src/stm32f4xx_hal_cortex.o
 .debug_info    0x0000000000017c09      0x9f1 Drivers/STM32F4xx_HAL_Driver/Src/stm32f4xx_hal_dma.o
 .debug_info    0x00000000000185fa      0x892 Drivers/STM32F4xx_HAL_Driver/Src/stm32f4xx_hal_gpio.o
 .debug_info    0x0000000000018e8c      0x9db Drivers/STM32F4xx_HAL_Driver/Src/stm32f4xx_hal_rcc.o
 .debug_info    0x0000000000019867      0xa86 Drivers/STM32F4xx_HAL_Driver/Src/stm32f4xx_hal_rcc_ex.o
 .debug_info    0x000000000001a2ed     0x17c0 Drivers/STM32F4xx_HAL_Driver/Src/stm32f4xx_hal_spi.o
 .debug_info    0x000000000001baad     0x2a90 Drivers/STM32F4xx_HAL_Driver/Src/stm32f4xx_hal_tim.o
 .debug_info    0x000000000001e53d     0x1522 Drivers/STM32F4xx_HAL_Driver/Src/stm32f4xx_hal_tim_ex.o
 .debug_info    0x000000000001fa5f     0x1665 Drivers/STM32F4xx_HAL_Driver/Src/stm32f4xx_hal_uart.o

.debug_abbrev   0x0000000000000000     0x3cb1
 .debug_abbrev  0x0000000000000000      0x230 Core/Src/autosequence.o
 .debug_abbrev  0x0000000000000230      0x1ad Core/Src/calibrations.o
 .debug_abbrev  0x00000000000003dd       0xa4 Core/Src/globals.o
 .debug_abbrev  0x0000000000000481      0x379 Core/Src/main.o
 .debug_abbrev  0x00000000000007fa      0x223 Core/Src/nonvolatile_memory.o
 .debug_abbrev  0x0000000000000a1d       0x76 Core/Src/pack_cmd_defines.o
 .debug_abbrev  0x0000000000000a93      0x1a6 Core/Src/pack_telem_defines.o
 .debug_abbrev  0x0000000000000c39      0x2e3 Core/Src/serial_data.o
 .debug_abbrev  0x0000000000000f1c       0x96 Core/Src/status_flags.o
 .debug_abbrev  0x0000000000000fb2      0x206 Core/Src/stm32f4xx_hal_msp.o
 .debug_abbrev  0x00000000000011b8      0x176 Core/Src/stm32f4xx_it.o
 .debug_abbrev  0x000000000000132e      0x145 Core/Src/system_stm32f4xx.o
 .debug_abbrev  0x0000000000001473      0x271 Core/Src/tank_pressure_control.o
 .debug_abbrev  0x00000000000016e4      0x356 Core/Src/telem.o
 .debug_abbrev  0x0000000000001a3a      0x1a2 Core/Src/valves.o
 .debug_abbrev  0x0000000000001bdc       0x12 Core/Startup/startup_stm32f446vetx.o
 .debug_abbrev  0x0000000000001bee      0x294 Core/firmware-libraries/L6470/src/L6470.o
 .debug_abbrev  0x0000000000001e82      0x3a1 Core/firmware-libraries/SerialComms/src/comms.o
 .debug_abbrev  0x0000000000002223      0x307 Core/firmware-libraries/W25N01GV/src/W25N01GV.o
 .debug_abbrev  0x000000000000252a      0x1ed Drivers/STM32F4xx_HAL_Driver/Src/stm32f4xx_hal.o
 .debug_abbrev  0x0000000000002717      0x33c Drivers/STM32F4xx_HAL_Driver/Src/stm32f4xx_hal_cortex.o
 .debug_abbrev  0x0000000000002a53      0x259 Drivers/STM32F4xx_HAL_Driver/Src/stm32f4xx_hal_dma.o
 .debug_abbrev  0x0000000000002cac      0x1f1 Drivers/STM32F4xx_HAL_Driver/Src/stm32f4xx_hal_gpio.o
 .debug_abbrev  0x0000000000002e9d      0x275 Drivers/STM32F4xx_HAL_Driver/Src/stm32f4xx_hal_rcc.o
 .debug_abbrev  0x0000000000003112      0x1e2 Drivers/STM32F4xx_HAL_Driver/Src/stm32f4xx_hal_rcc_ex.o
 .debug_abbrev  0x00000000000032f4      0x26e Drivers/STM32F4xx_HAL_Driver/Src/stm32f4xx_hal_spi.o
 .debug_abbrev  0x0000000000003562      0x25e Drivers/STM32F4xx_HAL_Driver/Src/stm32f4xx_hal_tim.o
 .debug_abbrev  0x00000000000037c0      0x266 Drivers/STM32F4xx_HAL_Driver/Src/stm32f4xx_hal_tim_ex.o
 .debug_abbrev  0x0000000000003a26      0x28b Drivers/STM32F4xx_HAL_Driver/Src/stm32f4xx_hal_uart.o

.debug_aranges  0x0000000000000000     0x1460
 .debug_aranges
                0x0000000000000000       0x50 Core/Src/autosequence.o
 .debug_aranges
                0x0000000000000050       0x28 Core/Src/calibrations.o
 .debug_aranges
                0x0000000000000078       0x18 Core/Src/globals.o
 .debug_aranges
                0x0000000000000090       0x98 Core/Src/main.o
 .debug_aranges
                0x0000000000000128       0x28 Core/Src/nonvolatile_memory.o
 .debug_aranges
                0x0000000000000150       0x18 Core/Src/pack_cmd_defines.o
 .debug_aranges
                0x0000000000000168       0x20 Core/Src/pack_telem_defines.o
 .debug_aranges
                0x0000000000000188       0x50 Core/Src/serial_data.o
 .debug_aranges
                0x00000000000001d8       0x28 Core/Src/status_flags.o
 .debug_aranges
                0x0000000000000200       0x50 Core/Src/stm32f4xx_hal_msp.o
 .debug_aranges
                0x0000000000000250       0x80 Core/Src/stm32f4xx_it.o
 .debug_aranges
                0x00000000000002d0       0x28 Core/Src/system_stm32f4xx.o
 .debug_aranges
                0x00000000000002f8       0x50 Core/Src/tank_pressure_control.o
 .debug_aranges
                0x0000000000000348      0x138 Core/Src/telem.o
 .debug_aranges
                0x0000000000000480       0x20 Core/Src/valves.o
 .debug_aranges
                0x00000000000004a0       0x28 Core/Startup/startup_stm32f446vetx.o
 .debug_aranges
                0x00000000000004c8       0xa8 Core/firmware-libraries/L6470/src/L6470.o
 .debug_aranges
                0x0000000000000570       0x98 Core/firmware-libraries/SerialComms/src/comms.o
 .debug_aranges
                0x0000000000000608      0x160 Core/firmware-libraries/W25N01GV/src/W25N01GV.o
 .debug_aranges
                0x0000000000000768       0xf0 Drivers/STM32F4xx_HAL_Driver/Src/stm32f4xx_hal.o
 .debug_aranges
                0x0000000000000858      0x118 Drivers/STM32F4xx_HAL_Driver/Src/stm32f4xx_hal_cortex.o
 .debug_aranges
                0x0000000000000970       0x90 Drivers/STM32F4xx_HAL_Driver/Src/stm32f4xx_hal_dma.o
 .debug_aranges
                0x0000000000000a00       0x58 Drivers/STM32F4xx_HAL_Driver/Src/stm32f4xx_hal_gpio.o
 .debug_aranges
                0x0000000000000a58       0x88 Drivers/STM32F4xx_HAL_Driver/Src/stm32f4xx_hal_rcc.o
 .debug_aranges
                0x0000000000000ae0       0x78 Drivers/STM32F4xx_HAL_Driver/Src/stm32f4xx_hal_rcc_ex.o
 .debug_aranges
                0x0000000000000b58      0x1d0 Drivers/STM32F4xx_HAL_Driver/Src/stm32f4xx_hal_spi.o
 .debug_aranges
                0x0000000000000d28      0x3d0 Drivers/STM32F4xx_HAL_Driver/Src/stm32f4xx_hal_tim.o
 .debug_aranges
                0x00000000000010f8      0x168 Drivers/STM32F4xx_HAL_Driver/Src/stm32f4xx_hal_tim_ex.o
 .debug_aranges
                0x0000000000001260      0x200 Drivers/STM32F4xx_HAL_Driver/Src/stm32f4xx_hal_uart.o

.debug_ranges   0x0000000000000000     0x12b8
 .debug_ranges  0x0000000000000000       0x40 Core/Src/autosequence.o
 .debug_ranges  0x0000000000000040       0x18 Core/Src/calibrations.o
 .debug_ranges  0x0000000000000058       0x88 Core/Src/main.o
 .debug_ranges  0x00000000000000e0       0x18 Core/Src/nonvolatile_memory.o
 .debug_ranges  0x00000000000000f8       0x10 Core/Src/pack_telem_defines.o
 .debug_ranges  0x0000000000000108       0x40 Core/Src/serial_data.o
 .debug_ranges  0x0000000000000148       0x18 Core/Src/status_flags.o
 .debug_ranges  0x0000000000000160       0x40 Core/Src/stm32f4xx_hal_msp.o
 .debug_ranges  0x00000000000001a0       0x70 Core/Src/stm32f4xx_it.o
 .debug_ranges  0x0000000000000210       0x18 Core/Src/system_stm32f4xx.o
 .debug_ranges  0x0000000000000228       0x40 Core/Src/tank_pressure_control.o
 .debug_ranges  0x0000000000000268      0x128 Core/Src/telem.o
 .debug_ranges  0x0000000000000390       0x10 Core/Src/valves.o
 .debug_ranges  0x00000000000003a0       0x20 Core/Startup/startup_stm32f446vetx.o
 .debug_ranges  0x00000000000003c0       0x98 Core/firmware-libraries/L6470/src/L6470.o
 .debug_ranges  0x0000000000000458       0x88 Core/firmware-libraries/SerialComms/src/comms.o
 .debug_ranges  0x00000000000004e0      0x150 Core/firmware-libraries/W25N01GV/src/W25N01GV.o
 .debug_ranges  0x0000000000000630       0xe0 Drivers/STM32F4xx_HAL_Driver/Src/stm32f4xx_hal.o
 .debug_ranges  0x0000000000000710      0x108 Drivers/STM32F4xx_HAL_Driver/Src/stm32f4xx_hal_cortex.o
 .debug_ranges  0x0000000000000818       0x80 Drivers/STM32F4xx_HAL_Driver/Src/stm32f4xx_hal_dma.o
 .debug_ranges  0x0000000000000898       0x48 Drivers/STM32F4xx_HAL_Driver/Src/stm32f4xx_hal_gpio.o
 .debug_ranges  0x00000000000008e0       0x78 Drivers/STM32F4xx_HAL_Driver/Src/stm32f4xx_hal_rcc.o
 .debug_ranges  0x0000000000000958       0x68 Drivers/STM32F4xx_HAL_Driver/Src/stm32f4xx_hal_rcc_ex.o
 .debug_ranges  0x00000000000009c0      0x1c0 Drivers/STM32F4xx_HAL_Driver/Src/stm32f4xx_hal_spi.o
 .debug_ranges  0x0000000000000b80      0x3c0 Drivers/STM32F4xx_HAL_Driver/Src/stm32f4xx_hal_tim.o
 .debug_ranges  0x0000000000000f40      0x158 Drivers/STM32F4xx_HAL_Driver/Src/stm32f4xx_hal_tim_ex.o
 .debug_ranges  0x0000000000001098      0x220 Drivers/STM32F4xx_HAL_Driver/Src/stm32f4xx_hal_uart.o

.debug_macro    0x0000000000000000    0x251be
 .debug_macro   0x0000000000000000      0x249 Core/Src/autosequence.o
 .debug_macro   0x0000000000000249      0xaa8 Core/Src/autosequence.o
 .debug_macro   0x0000000000000cf1       0x22 Core/Src/autosequence.o
 .debug_macro   0x0000000000000d13       0x8e Core/Src/autosequence.o
 .debug_macro   0x0000000000000da1       0x51 Core/Src/autosequence.o
 .debug_macro   0x0000000000000df2      0x103 Core/Src/autosequence.o
 .debug_macro   0x0000000000000ef5       0x6a Core/Src/autosequence.o
 .debug_macro   0x0000000000000f5f      0x1df Core/Src/autosequence.o
 .debug_macro   0x000000000000113e       0x2e Core/Src/autosequence.o
 .debug_macro   0x000000000000116c       0x28 Core/Src/autosequence.o
 .debug_macro   0x0000000000001194       0x1c Core/Src/autosequence.o
 .debug_macro   0x00000000000011b0       0x22 Core/Src/autosequence.o
 .debug_macro   0x00000000000011d2       0xdf Core/Src/autosequence.o
 .debug_macro   0x00000000000012b1     0x102d Core/Src/autosequence.o
 .debug_macro   0x00000000000022de      0x11f Core/Src/autosequence.o
 .debug_macro   0x00000000000023fd    0x1672d Core/Src/autosequence.o
 .debug_macro   0x0000000000018b2a       0x43 Core/Src/autosequence.o
 .debug_macro   0x0000000000018b6d      0x2a1 Core/Src/autosequence.o
 .debug_macro   0x0000000000018e0e     0x3659 Core/Src/autosequence.o
 .debug_macro   0x000000000001c467      0x174 Core/Src/autosequence.o
 .debug_macro   0x000000000001c5db       0x5c Core/Src/autosequence.o
 .debug_macro   0x000000000001c637      0xc90 Core/Src/autosequence.o
 .debug_macro   0x000000000001d2c7      0x9fe Core/Src/autosequence.o
 .debug_macro   0x000000000001dcc5      0x117 Core/Src/autosequence.o
 .debug_macro   0x000000000001dddc      0x1a0 Core/Src/autosequence.o
 .debug_macro   0x000000000001df7c       0x82 Core/Src/autosequence.o
 .debug_macro   0x000000000001dffe      0x16d Core/Src/autosequence.o
 .debug_macro   0x000000000001e16b      0x287 Core/Src/autosequence.o
 .debug_macro   0x000000000001e3f2       0x5f Core/Src/autosequence.o
 .debug_macro   0x000000000001e451      0x236 Core/Src/autosequence.o
 .debug_macro   0x000000000001e687      0x132 Core/Src/autosequence.o
 .debug_macro   0x000000000001e7b9      0x29c Core/Src/autosequence.o
 .debug_macro   0x000000000001ea55       0x2e Core/Src/autosequence.o
 .debug_macro   0x000000000001ea83      0x11a Core/Src/autosequence.o
 .debug_macro   0x000000000001eb9d       0xe8 Core/Src/autosequence.o
 .debug_macro   0x000000000001ec85       0x89 Core/Src/autosequence.o
 .debug_macro   0x000000000001ed0e      0x225 Core/Src/autosequence.o
 .debug_macro   0x000000000001ef33      0x8d1 Core/Src/autosequence.o
 .debug_macro   0x000000000001f804       0x4d Core/Src/autosequence.o
 .debug_macro   0x000000000001f851      0x295 Core/Src/autosequence.o
 .debug_macro   0x000000000001fae6      0x126 Core/Src/autosequence.o
 .debug_macro   0x000000000001fc0c      0x1cd Core/Src/autosequence.o
 .debug_macro   0x000000000001fdd9      0x1b7 Core/Src/autosequence.o
 .debug_macro   0x000000000001ff90       0xa0 Core/Src/autosequence.o
 .debug_macro   0x0000000000020030       0x10 Core/Src/autosequence.o
 .debug_macro   0x0000000000020040       0x76 Core/Src/autosequence.o
 .debug_macro   0x00000000000200b6      0x282 Core/Src/calibrations.o
 .debug_macro   0x0000000000020338       0x6d Core/Src/globals.o
 .debug_macro   0x00000000000203a5      0x36d Core/Src/main.o
 .debug_macro   0x0000000000020712      0x1c7 Core/Src/main.o
 .debug_macro   0x00000000000208d9       0x1c Core/Src/main.o
 .debug_macro   0x00000000000208f5       0x52 Core/Src/main.o
 .debug_macro   0x0000000000020947       0x18 Core/Src/main.o
 .debug_macro   0x000000000002095f       0x3c Core/Src/main.o
 .debug_macro   0x000000000002099b       0x34 Core/Src/main.o
 .debug_macro   0x00000000000209cf       0x16 Core/Src/main.o
 .debug_macro   0x00000000000209e5       0x43 Core/Src/main.o
 .debug_macro   0x0000000000020a28       0x34 Core/Src/main.o
 .debug_macro   0x0000000000020a5c       0x10 Core/Src/main.o
 .debug_macro   0x0000000000020a6c       0x58 Core/Src/main.o
 .debug_macro   0x0000000000020ac4       0x71 Core/Src/main.o
 .debug_macro   0x0000000000020b35       0x1c Core/Src/main.o
 .debug_macro   0x0000000000020b51      0x12a Core/Src/main.o
 .debug_macro   0x0000000000020c7b      0x333 Core/Src/main.o
 .debug_macro   0x0000000000020fae      0x1a9 Core/Src/main.o
 .debug_macro   0x0000000000021157       0x16 Core/Src/main.o
 .debug_macro   0x000000000002116d      0x631 Core/Src/main.o
 .debug_macro   0x000000000002179e       0x16 Core/Src/main.o
 .debug_macro   0x00000000000217b4       0x16 Core/Src/main.o
 .debug_macro   0x00000000000217ca       0x16 Core/Src/main.o
 .debug_macro   0x00000000000217e0       0x35 Core/Src/main.o
 .debug_macro   0x0000000000021815       0x20 Core/Src/main.o
 .debug_macro   0x0000000000021835      0x32a Core/Src/nonvolatile_memory.o
 .debug_macro   0x0000000000021b5f       0x6c Core/Src/pack_cmd_defines.o
 .debug_macro   0x0000000000021bcb      0x22e Core/Src/pack_telem_defines.o
 .debug_macro   0x0000000000021df9      0x343 Core/Src/serial_data.o
 .debug_macro   0x000000000002213c       0x4c Core/Src/serial_data.o
 .debug_macro   0x0000000000022188       0x94 Core/Src/serial_data.o
 .debug_macro   0x000000000002221c       0x57 Core/Src/serial_data.o
 .debug_macro   0x0000000000022273      0x339 Core/Src/serial_data.o
 .debug_macro   0x00000000000225ac       0x10 Core/Src/serial_data.o