W25N01GV.c:132:13:spi_transmit	24	static,ignoring_inline_asm
W25N01GV.c:155:13:spi_transmit_receive	24	static,ignoring_inline_asm
W25N01GV.c:184:16:read_status_register	32	static
W25N01GV.c:209:16:flash_is_busy	24	static
W25N01GV.c:229:13:wait_for_operation	24	static
W25N01GV.c:252:13:write_status_register	24	static
W25N01GV.c:269:16:BBM_look_up_table_is_full	24	static
W25N01GV.c:288:13:read_BBM_look_up_table	120	static
W25N01GV.c:312:13:load_page	24	static
W25N01GV.c:332:13:unlock_flash	24	static
W25N01GV.c:359:13:lock_flash	24	static
W25N01GV.c:390:13:enable_write	24	static
W25N01GV.c:407:13:disable_write	24	static
W25N01GV.c:424:13:write_page_to_buffer	32	static,ignoring_inline_asm
W25N01GV.c:457:13:program_buffer_to_memory	24	static
W25N01GV.c:480:16:get_write_failure_status	24	static
W25N01GV.c:508:16:get_erase_failure_status	24	static
W25N01GV.c:545:13:erase_block	24	static
W25N01GV.c:571:13:get_ECC_status	24	static
W25N01GV.c:614:13:read_flash_buffer	40	static
W25N01GV.c:644:13:read_bytes_from_page	24	static
W25N01GV.c:672:13:write_bytes_to_page	24	static
W25N01GV.c:694:13:enable_ECC	24	static
W25N01GV.c:711:13:disable_ECC	24	static
W25N01GV.c:729:13:enable_buffer_mode	24	static
W25N01GV.c:761:13:find_write_ptr	2096	static
W25N01GV.c:867:6:init_flash	24	static
W25N01GV.c:888:9:ping_flash	40	static
W25N01GV.c:903:9:reset_flash	24	static
W25N01GV.c:936:17:write_to_flash_contiguous	40	static
W25N01GV.c:1007:10:write_to_flash	56	static
W25N01GV.c:1080:10:finish_flash_write	24	static
W25N01GV.c:1109:6:reset_flash_read_pointer	16	static
W25N01GV.c:1113:6:read_next_2KB_from_flash	24	static
W25N01GV.c:1120:10:erase_flash	24	static
W25N01GV.c:1144:10:get_bytes_remaining	16	static
W25N01GV.c:1153:9:write_reserved_flash_page	32	static
W25N01GV.c:1163:6:read_reserved_flash_page	32	static
W25N01GV.c:1169:9:erase_reserved_flash_pages	16	static
W25N01GV.c:1177:10:scan_bad_blocks	32	static
W25N01GV.c:1194:6:add_test_delimiter	2064	static
