autosequence.c:32:6:init_autosequence_constants	4	static
autosequence.c:58:6:init_tank_pressure_control_configuration	4	static
autosequence.c:90:6:init_autosequence_control_variables	4	static
autosequence.c:111:6:enter_abort_state	8	static
autosequence.c:158:6:enter_safe_disarm_state	8	static
autosequence.c:181:6:update_ignitor_break_detector	4	static
autosequence.c:209:6:update_combustion_failure_detector	4	static
autosequence.c:237:6:update_hard_start_detector	4	static
autosequence.c:257:6:manual_state_transition	16	static
autosequence.c:328:10:get_ellapsed_time_in_autosequence_state_ms	4	static
autosequence.c:349:10:get_remaining_time_in_autosequence_state	16	static
autosequence.c:368:6:execute_autosequence	8	static
