hardware.c:39:6:init_hardware	8	static
hardware.c:99:6:initAdcs	24	static
hardware.c:131:6:computeStepperRamp	24	static
hardware.c:146:6:changeStepperPeriod	24	static
hardware.c:161:9:isMotorAtPos	16	static
hardware.c:165:22:normalizeMotorStep	16	static
hardware.c:175:6:handleMotorStepping	24	static
hardware.c:237:6:turn_stepper_motor	48	static
hardware.c:291:6:moveMotorToPos	16	static
hardware.c:536:6:readAdcs	32	static
hardware.c:545:6:setValve	32	static
hardware.c:556:13:setValveHelper	16	static
hardware.c:589:6:readThermocouples	40	static
hardware.c:596:6:updatePeripherals	32	static
hardware.c:660:7:vlvCountsToVolts	16	static
hardware.c:664:7:vlvCountsToAmps	16	static
hardware.c:675:7:mtrCountsToAmps	16	static
hardware.c:679:7:potCountsToDegrees	16	static
