main.c:95:5:main	8	static
main.c:152:6:SystemClock_Config	88	static
main.c:198:13:MX_IWDG_Init	8	static
main.c:226:13:MX_SPI1_Init	8	static
main.c:264:13:MX_SPI2_Init	8	static
main.c:302:13:MX_SPI4_Init	8	static
main.c:340:13:MX_TIM2_Init	64	static
main.c:403:13:MX_TIM3_Init	64	static
main.c:466:13:MX_TIM5_Init	32	static
main.c:511:13:MX_TIM6_Init	16	static
main.c:549:13:MX_TIM7_Init	16	static
main.c:587:13:MX_TIM10_Init	8	static
main.c:618:13:MX_TIM11_Init	8	static
main.c:649:13:MX_TIM13_Init	8	static
main.c:680:13:MX_USART2_UART_Init	8	static
main.c:711:13:MX_DMA_Init	16	static
main.c:729:13:MX_GPIO_Init	56	static
main.c:903:6:Error_Handler	4	static,ignoring_inline_asm
