main.c:129:6:HAL_TIM_PeriodElapsedCallback	16	static
main.c:147:6:HAL_UART_RxCpltCallback	32	static
main.c:223:5:main	8	static
main.c:418:6:SystemClock_Config	88	static
main.c:464:13:MX_IWDG_Init	8	static
main.c:492:13:MX_SPI1_Init	8	static
main.c:530:13:MX_SPI2_Init	8	static
main.c:568:13:MX_SPI4_Init	8	static
main.c:606:13:MX_TIM2_Init	64	static
main.c:669:13:MX_TIM3_Init	64	static
main.c:732:13:MX_TIM5_Init	32	static
main.c:777:13:MX_TIM6_Init	16	static
main.c:815:13:MX_TIM7_Init	16	static
main.c:853:13:MX_TIM10_Init	8	static
main.c:884:13:MX_TIM11_Init	8	static
main.c:915:13:MX_TIM13_Init	8	static
main.c:946:13:MX_USART2_UART_Init	8	static
main.c:977:13:MX_DMA_Init	16	static
main.c:995:13:MX_GPIO_Init	56	static
main.c:1169:6:Error_Handler	4	static,ignoring_inline_asm
