telem.c:30:6:set_vlv	24	static
telem.c:52:6:set_kp	40	static
telem.c:66:6:set_ki	40	static
telem.c:80:6:set_kd	40	static
telem.c:94:6:set_state	24	static
telem.c:104:6:download_flash	16	static
telem.c:113:6:wipe_flash	16	static
telem.c:122:6:start_logging	16	static
telem.c:133:6:stop_logging	16	static
telem.c:144:6:set_stepper_pos	24	static
telem.c:160:6:set_stepper_zero	24	static
telem.c:175:6:set_control_target_pressure	24	static
telem.c:189:6:ambientize_pressure_transducers	24	static
telem.c:201:6:set_low_toggle_percent	24	static
telem.c:216:6:set_high_toggle_percent	24	static
telem.c:231:6:set_telem	24	static
telem.c:242:6:set_presstank_status	24	static
telem.c:256:6:ambientize_pot	24	static
telem.c:270:6:led_write	24	static
telem.c:296:6:set_system_clock	24	static
telem.c:306:6:remove_pressure_ambients	24	static
telem.c:318:6:set_fuel_mpv_on_delay	24	static
telem.c:329:6:set_engine_test_duration	24	static
telem.c:340:6:set_pid_start_delay	24	static
telem.c:351:6:set_ignitor_on_delay	24	static
telem.c:362:6:set_ignitor_high_duration	24	static
telem.c:373:6:set_film_cooling_on_delay	24	static
telem.c:384:6:set_init_motor_deg_factor	24	static
telem.c:395:6:clear_status_flags	16	static
telem.c:404:6:start_simulation	16	static
telem.c:413:6:advance_simulation	16	static
telem.c:422:6:stop_simulation	16	static
telem.c:431:6:set_pt_lower_voltage	24	static
telem.c:445:6:set_pt_upper_voltage	24	static
telem.c:459:6:set_pt_upper_pressure	24	static
telem.c:473:6:refresh_calibrations	16	static
telem.c:482:6:set_automatic_abort_enable	24	static
telem.c:498:6:reset_micro	16	static
