main.c:112:6:HAL_TIM_PeriodElapsedCallback	16	static
main.c:135:6:init_peripherals	4	static
main.c:145:6:HAL_UART_RxCpltCallback	16	static
main.c:161:5:main	8	static
main.c:337:6:SystemClock_Config	88	static
main.c:383:13:MX_SPI1_Init	8	static
main.c:421:13:MX_SPI2_Init	8	static
main.c:459:13:MX_SPI3_Init	8	static
main.c:497:13:MX_SPI4_Init	8	static
main.c:535:13:MX_TIM5_Init	32	static
main.c:580:13:MX_TIM10_Init	8	static
main.c:611:13:MX_TIM11_Init	8	static
main.c:642:13:MX_TIM13_Init	8	static
main.c:673:13:MX_USART1_UART_Init	8	static
main.c:706:13:MX_GPIO_Init	56	static
main.c:808:6:Error_Handler	4	static,ignoring_inline_asm
