main.c:113:6:HAL_TIM_PeriodElapsedCallback	16	static
main.c:128:6:HAL_UART_RxCpltCallback	16	static
main.c:141:5:main	16	static
main.c:346:6:SystemClock_Config	88	static
main.c:392:13:MX_SPI1_Init	8	static
main.c:430:13:MX_SPI2_Init	8	static
main.c:468:13:MX_SPI3_Init	8	static
main.c:506:13:MX_SPI4_Init	8	static
main.c:544:13:MX_TIM5_Init	32	static
main.c:589:13:MX_TIM10_Init	8	static
main.c:620:13:MX_TIM11_Init	8	static
main.c:651:13:MX_TIM13_Init	8	static
main.c:682:13:MX_USART1_UART_Init	8	static
main.c:713:13:MX_DMA_Init	16	static
main.c:731:13:MX_GPIO_Init	56	static
main.c:833:6:Error_Handler	4	static,ignoring_inline_asm
