telem.c:28:6:set_vlv	24	static
telem.c:39:6:set_kp	40	static
telem.c:53:6:set_ki	40	static
telem.c:67:6:set_kd	40	static
telem.c:81:6:set_state	24	static
telem.c:91:6:download_flash	16	static
telem.c:100:6:wipe_flash	16	static
telem.c:109:6:start_logging	16	static
telem.c:120:6:stop_logging	16	static
telem.c:131:6:set_stepper_pos	24	static
telem.c:143:6:set_stepper_zero	24	static
telem.c:157:6:set_control_target_pressure	24	static
telem.c:171:6:ambientize_pressure_transducers	16	static
telem.c:181:6:set_low_toggle_percent	24	static
telem.c:196:6:set_high_toggle_percent	24	static
telem.c:211:6:set_stepper_speed	24	static
telem.c:225:6:set_telem	24	static
telem.c:241:6:set_presstank_status	24	static
telem.c:255:6:ambientize_pot	24	static
telem.c:266:6:led_write	24	static
telem.c:292:6:set_system_clock	24	static
telem.c:302:6:remove_pressure_ambients	16	static
telem.c:312:6:set_autosequence_fuel_first	16	static
telem.c:322:6:set_autosequence_lox_first	16	static
telem.c:332:6:set_autosequence_mpv_delay	24	static
telem.c:343:6:set_engine_test_duration	24	static
telem.c:354:6:set_engine_purge_duration	24	static
telem.c:365:6:clear_status_flags	16	static
telem.c:374:6:start_simulation	16	static
telem.c:383:6:advance_simulation	16	static
telem.c:392:6:stop_simulation	16	static
telem.c:401:6:set_pt_lower_voltage	24	static
telem.c:412:6:set_pt_upper_voltage	24	static
telem.c:423:6:set_pt_upper_pressure	24	static
