Archive member included to satisfy reference by file (symbol)

c:/st/stm32cubeide_1.7.0/stm32cubeide/plugins/com.st.stm32cube.ide.mcu.externaltools.gnu-tools-for-stm32.9-2020-q2-update.win32_2.0.0.202105311346/tools/bin/../lib/gcc/arm-none-eabi/9.3.1/../../../../arm-none-eabi/lib/thumb/v7e-m+fp/hard\libc_nano.a(lib_a-errno.o)
                              ./Core/Src/syscalls.o (__errno)
c:/st/stm32cubeide_1.7.0/stm32cubeide/plugins/com.st.stm32cube.ide.mcu.externaltools.gnu-tools-for-stm32.9-2020-q2-update.win32_2.0.0.202105311346/tools/bin/../lib/gcc/arm-none-eabi/9.3.1/../../../../arm-none-eabi/lib/thumb/v7e-m+fp/hard\libc_nano.a(lib_a-exit.o)
                              c:/st/stm32cubeide_1.7.0/stm32cubeide/plugins/com.st.stm32cube.ide.mcu.externaltools.gnu-tools-for-stm32.9-2020-q2-update.win32_2.0.0.202105311346/tools/bin/../lib/gcc/arm-none-eabi/9.3.1/../../../../arm-none-eabi/lib/thumb/v7e-m+fp/hard/crt0.o (exit)
c:/st/stm32cubeide_1.7.0/stm32cubeide/plugins/com.st.stm32cube.ide.mcu.externaltools.gnu-tools-for-stm32.9-2020-q2-update.win32_2.0.0.202105311346/tools/bin/../lib/gcc/arm-none-eabi/9.3.1/../../../../arm-none-eabi/lib/thumb/v7e-m+fp/hard\libc_nano.a(lib_a-impure.o)
                              c:/st/stm32cubeide_1.7.0/stm32cubeide/plugins/com.st.stm32cube.ide.mcu.externaltools.gnu-tools-for-stm32.9-2020-q2-update.win32_2.0.0.202105311346/tools/bin/../lib/gcc/arm-none-eabi/9.3.1/../../../../arm-none-eabi/lib/thumb/v7e-m+fp/hard\libc_nano.a(lib_a-exit.o) (_global_impure_ptr)
c:/st/stm32cubeide_1.7.0/stm32cubeide/plugins/com.st.stm32cube.ide.mcu.externaltools.gnu-tools-for-stm32.9-2020-q2-update.win32_2.0.0.202105311346/tools/bin/../lib/gcc/arm-none-eabi/9.3.1/../../../../arm-none-eabi/lib/thumb/v7e-m+fp/hard\libc_nano.a(lib_a-init.o)
                              c:/st/stm32cubeide_1.7.0/stm32cubeide/plugins/com.st.stm32cube.ide.mcu.externaltools.gnu-tools-for-stm32.9-2020-q2-update.win32_2.0.0.202105311346/tools/bin/../lib/gcc/arm-none-eabi/9.3.1/../../../../arm-none-eabi/lib/thumb/v7e-m+fp/hard/crt0.o (__libc_init_array)
c:/st/stm32cubeide_1.7.0/stm32cubeide/plugins/com.st.stm32cube.ide.mcu.externaltools.gnu-tools-for-stm32.9-2020-q2-update.win32_2.0.0.202105311346/tools/bin/../lib/gcc/arm-none-eabi/9.3.1/../../../../arm-none-eabi/lib/thumb/v7e-m+fp/hard\libc_nano.a(lib_a-memcpy-stub.o)
                              ./Core/Src/serial_data.o (memcpy)
c:/st/stm32cubeide_1.7.0/stm32cubeide/plugins/com.st.stm32cube.ide.mcu.externaltools.gnu-tools-for-stm32.9-2020-q2-update.win32_2.0.0.202105311346/tools/bin/../lib/gcc/arm-none-eabi/9.3.1/../../../../arm-none-eabi/lib/thumb/v7e-m+fp/hard\libc_nano.a(lib_a-memset.o)
                              c:/st/stm32cubeide_1.7.0/stm32cubeide/plugins/com.st.stm32cube.ide.mcu.externaltools.gnu-tools-for-stm32.9-2020-q2-update.win32_2.0.0.202105311346/tools/bin/../lib/gcc/arm-none-eabi/9.3.1/../../../../arm-none-eabi/lib/thumb/v7e-m+fp/hard/crt0.o (memset)
c:/st/stm32cubeide_1.7.0/stm32cubeide/plugins/com.st.stm32cube.ide.mcu.externaltools.gnu-tools-for-stm32.9-2020-q2-update.win32_2.0.0.202105311346/tools/bin/../lib/gcc/arm-none-eabi/9.3.1/../../../../arm-none-eabi/lib/thumb/v7e-m+fp/hard\libm.a(lib_a-s_ceil.o)
                              ./Core/firmware-libraries/SerialComms/src/comms.o (ceil)
c:/st/stm32cubeide_1.7.0/stm32cubeide/plugins/com.st.stm32cube.ide.mcu.externaltools.gnu-tools-for-stm32.9-2020-q2-update.win32_2.0.0.202105311346/tools/bin/../lib/gcc/arm-none-eabi/9.3.1/../../../../arm-none-eabi/lib/thumb/v7e-m+fp/hard\libm.a(lib_a-w_pow.o)
                              ./Core/Src/tank_pressure_control.o (pow)
c:/st/stm32cubeide_1.7.0/stm32cubeide/plugins/com.st.stm32cube.ide.mcu.externaltools.gnu-tools-for-stm32.9-2020-q2-update.win32_2.0.0.202105311346/tools/bin/../lib/gcc/arm-none-eabi/9.3.1/../../../../arm-none-eabi/lib/thumb/v7e-m+fp/hard\libm.a(lib_a-w_sqrt.o)
                              ./Core/Src/tank_pressure_control.o (sqrt)
c:/st/stm32cubeide_1.7.0/stm32cubeide/plugins/com.st.stm32cube.ide.mcu.externaltools.gnu-tools-for-stm32.9-2020-q2-update.win32_2.0.0.202105311346/tools/bin/../lib/gcc/arm-none-eabi/9.3.1/../../../../arm-none-eabi/lib/thumb/v7e-m+fp/hard\libm.a(lib_a-e_pow.o)
                              c:/st/stm32cubeide_1.7.0/stm32cubeide/plugins/com.st.stm32cube.ide.mcu.externaltools.gnu-tools-for-stm32.9-2020-q2-update.win32_2.0.0.202105311346/tools/bin/../lib/gcc/arm-none-eabi/9.3.1/../../../../arm-none-eabi/lib/thumb/v7e-m+fp/hard\libm.a(lib_a-w_pow.o) (__ieee754_pow)
c:/st/stm32cubeide_1.7.0/stm32cubeide/plugins/com.st.stm32cube.ide.mcu.externaltools.gnu-tools-for-stm32.9-2020-q2-update.win32_2.0.0.202105311346/tools/bin/../lib/gcc/arm-none-eabi/9.3.1/../../../../arm-none-eabi/lib/thumb/v7e-m+fp/hard\libm.a(lib_a-e_sqrt.o)
[...]
Memory Configuration

Name             Origin             Length             Attributes
RAM              0x0000000020000000 0x0000000000020000 xrw
FLASH            0x0000000008000000 0x0000000000080000 xr
*default*        0x0000000000000000 0xffffffffffffffff

Linker script and memory map

LOAD c:/st/stm32cubeide_1.7.0/stm32cubeide/plugins/com.st.stm32cube.ide.mcu.externaltools.gnu-tools-for-stm32.9-2020-q2-update.win32_2.0.0.202105311346/tools/bin/../lib/gcc/arm-none-eabi/9.3.1/thumb/v7e-m+fp/hard/crti.o
LOAD c:/st/stm32cubeide_1.7.0/stm32cubeide/plugins/com.st.stm32cube.ide.mcu.externaltools.gnu-tools-for-stm32.9-2020-q2-update.win32_2.0.0.202105311346/tools/bin/../lib/gcc/arm-none-eabi/9.3.1/thumb/v7e-m+fp/hard/crtbegin.o
LOAD c:/st/stm32cubeide_1.7.0/stm32cubeide/plugins/com.st.stm32cube.ide.mcu.externaltools.gnu-tools-for-stm32.9-2020-q2-update.win32_2.0.0.202105311346/tools/bin/../lib/gcc/arm-none-eabi/9.3.1/../../../../arm-none-eabi/lib/thumb/v7e-m+fp/hard/crt0.o
LOAD ./Core/Src/autosequence.o
LOAD ./Core/Src/calibrations.o
LOAD ./Core/Src/channel_cal_constants.o
LOAD ./Core/Src/globals.o
LOAD ./Core/Src/main.o
LOAD ./Core/Src/nonvolatile_memory.o
LOAD ./Core/Src/pack_calibration_defines.o
LOAD ./Core/Src/pack_cmd_defines.o
LOAD ./Core/Src/pack_telem_defines.o
LOAD ./Core/Src/sensor_voting.o
LOAD ./Core/Src/sensors.o
LOAD ./Core/Src/serial_data.o
LOAD ./Core/Src/status_flags.o
LOAD ./Core/Src/stm32f4xx_hal_msp.o
LOAD ./Core/Src/stm32f4xx_it.o
LOAD ./Core/Src/syscalls.o
LOAD ./Core/Src/sysmem.o
LOAD ./Core/Src/system_stm32f4xx.o
LOAD ./Core/Src/tank_pressure_control.o
LOAD ./Core/Src/telem.o
LOAD ./Core/Src/threshold_detection.o
LOAD ./Core/Src/valves.o
LOAD ./Core/Startup/startup_stm32f446vetx.o
LOAD ./Core/firmware-libraries/L6470/src/L6470.o
LOAD ./Core/firmware-libraries/MAX11128/src/MAX11128.o
LOAD ./Core/firmware-libraries/MAX31856/src/MAX31856.o
LOAD ./Core/firmware-libraries/SerialComms/src/comms.o
LOAD ./Core/firmware-libraries/ValveLibs/src/valvelib.o
LOAD ./Core/firmware-libraries/W25N01GV/src/W25M02GV.o
LOAD ./Core/firmware-libraries/W25N01GV/src/W25N01GV.o
LOAD ./Drivers/STM32F4xx_HAL_Driver/Src/stm32f4xx_hal.o
LOAD ./Drivers/STM32F4xx_HAL_Driver/Src/stm32f4xx_hal_cortex.o
LOAD ./Drivers/STM32F4xx_HAL_Driver/Src/stm32f4xx_hal_dma.o
LOAD ./Drivers/STM32F4xx_HAL_Driver/Src/stm32f4xx_hal_dma_ex.o
LOAD ./Drivers/STM32F4xx_HAL_Driver/Src/stm32f4xx_hal_exti.o
LOAD ./Drivers/STM32F4xx_HAL_Driver/Src/stm32f4xx_hal_flash.o
LOAD ./Drivers/STM32F4xx_HAL_Driver/Src/stm32f4xx_hal_flash_ex.o
LOAD ./Drivers/STM32F4xx_HAL_Driver/Src/stm32f4xx_hal_flash_ramfunc.o
LOAD ./Drivers/STM32F4xx_HAL_Driver/Src/stm32f4xx_hal_gpio.o
LOAD ./Drivers/STM32F4xx_HAL_Driver/Src/stm32f4xx_hal_pwr.o
LOAD ./Drivers/STM32F4xx_HAL_Driver/Src/stm32f4xx_hal_pwr_ex.o
LOAD ./Drivers/STM32F4xx_HAL_Driver/Src/stm32f4xx_hal_rcc.o
LOAD ./Drivers/STM32F4xx_HAL_Driver/Src/stm32f4xx_hal_rcc_ex.o
LOAD ./Drivers/STM32F4xx_HAL_Driver/Src/stm32f4xx_hal_spi.o
LOAD ./Drivers/STM32F4xx_HAL_Driver/Src/stm32f4xx_hal_tim.o
LOAD ./Drivers/STM32F4xx_HAL_Driver/Src/stm32f4xx_hal_tim_ex.o
LOAD ./Drivers/STM32F4xx_HAL_Driver/Src/stm32f4xx_hal_uart.o
START GROUP
LOAD c:/st/stm32cubeide_1.7.0/stm32cubeide/plugins/com.st.stm32cube.ide.mcu.externaltools.gnu-tools-for-stm32.9-2020-q2-update.win32_2.0.0.202105311346/tools/bin/../lib/gcc/arm-none-eabi/9.3.1/../../../../arm-none-eabi/lib/thumb/v7e-m+fp/hard\libc_nano.a
LOAD c:/st/stm32cubeide_1.7.0/stm32cubeide/plugins/com.st.stm32cube.ide.mcu.externaltools.gnu-tools-for-stm32.9-2020-q2-update.win32_2.0.0.202105311346/tools/bin/../lib/gcc/arm-none-eabi/9.3.1/../../../../arm-none-eabi/lib/thumb/v7e-m+fp/hard\libm.a
END GROUP
START GROUP
LOAD c:/st/stm32cubeide_1.7.0/stm32cubeide/plugins/com.st.stm32cube.ide.mcu.externaltools.gnu-tools-for-stm32.9-2020-q2-update.win32_2.0.0.202105311346/tools/bin/../lib/gcc/arm-none-eabi/9.3.1/thumb/v7e-m+fp/hard\libgcc.a
LOAD c:/st/stm32cubeide_1.7.0/stm32cubeide/plugins/com.st.stm32cube.ide.mcu.externaltools.gnu-tools-for-stm32.9-2020-q2-update.win32_2.0.0.202105311346/tools/bin/../lib/gcc/arm-none-eabi/9.3.1/../../../../arm-none-eabi/lib/thumb/v7e-m+fp/hard\libc_nano.a
END GROUP
START GROUP
LOAD c:/st/stm32cubeide_1.7.0/stm32cubeide/plugins/com.st.stm32cube.ide.mcu.externaltools.gnu-tools-for-stm32.9-2020-q2-update.win32_2.0.0.202105311346/tools/bin/../lib/gcc/arm-none-eabi/9.3.1/thumb/v7e-m+fp/hard\libgcc.a
LOAD c:/st/stm32cubeide_1.7.0/stm32cubeide/plugins/com.st.stm32cube.ide.mcu.externaltools.gnu-tools-for-stm32.9-2020-q2-update.win32_2.0.0.202105311346/tools/bin/../lib/gcc/arm-none-eabi/9.3.1/../../../../arm-none-eabi/lib/thumb/v7e-m+fp/hard\libc_nano.a
LOAD c:/st/stm32cubeide_1.7.0/stm32cubeide/plugins/com.st.stm32cube.ide.mcu.externaltools.gnu-tools-for-stm32.9-2020-q2-update.win32_2.0.0.202105311346/tools/bin/../lib/gcc/arm-none-eabi/9.3.1/../../../../arm-none-eabi/lib/thumb/v7e-m+fp/hard\libnosys.a
END GROUP
START GROUP
LOAD c:/st/stm32cubeide_1.7.0/stm32cubeide/plugins/com.st.stm32cube.ide.mcu.externaltools.gnu-tools-for-stm32.9-2020-q2-update.win32_2.0.0.202105311346/tools/bin/../lib/gcc/arm-none-eabi/9.3.1/thumb/v7e-m+fp/hard\libgcc.a
LOAD c:/st/stm32cubeide_1.7.0/stm32cubeide/plugins/com.st.stm32cube.ide.mcu.externaltools.gnu-tools-for-stm32.9-2020-q2-update.win32_2.0.0.202105311346/tools/bin/../lib/gcc/arm-none-eabi/9.3.1/../../../../arm-none-eabi/lib/thumb/v7e-m+fp/hard\libc_nano.a
LOAD c:/st/stm32cubeide_1.7.0/stm32cubeide/plugins/com.st.stm32cube.ide.mcu.externaltools.gnu-tools-for-stm32.9-2020-q2-update.win32_2.0.0.202105311346/tools/bin/../lib/gcc/arm-none-eabi/9.3.1/../../../../arm-none-eabi/lib/thumb/v7e-m+fp/hard\libnosys.a
END GROUP
LOAD c:/st/stm32cubeide_1.7.0/stm32cubeide/plugins/com.st.stm32cube.ide.mcu.externaltools.gnu-tools-for-stm32.9-2020-q2-update.win32_2.0.0.202105311346/tools/bin/../lib/gcc/arm-none-eabi/9.3.1/thumb/v7e-m+fp/hard/crtend.o
LOAD c:/st/stm32cubeide_1.7.0/stm32cubeide/plugins/com.st.stm32cube.ide.mcu.externaltools.gnu-tools-for-stm32.9-2020-q2-update.win32_2.0.0.202105311346/tools/bin/../lib/gcc/arm-none-eabi/9.3.1/thumb/v7e-m+fp/hard/crtn.o
                0x0000000020020000                _estack = (ORIGIN (RAM) + LENGTH (RAM))
                0x0000000000000200                _Min_Heap_Size = 0x200
                0x0000000000000400                _Min_Stack_Size = 0x400

.isr_vector     0x0000000008000000      0x1c4
                0x0000000008000000                . = ALIGN (0x4)
 *(.isr_vector)
 .isr_vector    0x0000000008000000      0x1c4 ./Core/Startup/startup_stm32f446vetx.o
                0x0000000008000000                g_pfnVectors
                0x00000000080001c4                . = ALIGN (0x4)

.text           0x00000000080001c8     0x5e14
                0x00000000080001c8                . = ALIGN (0x4)
 *(.text)
 .text          0x00000000080001c8       0x40 c:/st/stm32cubeide_1.7.0/stm32cubeide/plugins/com.st.stm32cube.ide.mcu.externaltools.gnu-tools-for-stm32.9-2020-q2-update.win32_2.0.0.202105311346/tools/bin/../lib/gcc/arm-none-eabi/9.3.1/thumb/v7e-m+fp/hard/crtbegin.o
 .text          0x0000000008000208      0x378 c:/st/stm32cubeide_1.7.0/stm32cubeide/plugins/com.st.stm32cube.ide.mcu.externaltools.gnu-tools-for-stm32.9-2020-q2-update.win32_2.0.0.202105311346/tools/bin/../lib/gcc/arm-none-eabi/9.3.1/thumb/v7e-m+fp/hard\libgcc.a(_arm_addsubdf3.o)
                0x0000000008000208                __aeabi_drsub
                0x0000000008000210                __aeabi_dsub
                0x0000000008000210                __subdf3
                0x0000000008000214                __aeabi_dadd
                0x0000000008000214                __adddf3
                0x000000000800048c                __floatunsidf
                0x000000000800048c                __aeabi_ui2d
                0x00000000080004ac                __floatsidf
                0x00000000080004ac                __aeabi_i2d
                0x00000000080004d0                __aeabi_f2d
                0x00000000080004d0                __extendsfdf2
                0x0000000008000514                __floatundidf
                0x0000000008000514                __aeabi_ul2d
                0x0000000008000524                __floatdidf
                0x0000000008000524                __aeabi_l2d
 .text          0x0000000008000580      0x424 c:/st/stm32cubeide_1.7.0/stm32cubeide/plugins/com.st.stm32cube.ide.mcu.externaltools.gnu-tools-for-stm32.9-2020-q2-update.win32_2.0.0.202105311346/tools/bin/../lib/gcc/arm-none-eabi/9.3.1/thumb/v7e-m+fp/hard\libgcc.a(_arm_muldivdf3.o)
                0x0000000008000580                __aeabi_dmul
                0x0000000008000580                __muldf3
                0x00000000080007d4                __divdf3
                0x00000000080007d4                __aeabi_ddiv
 .text          0x00000000080009a4       0x40 c:/st/stm32cubeide_1.7.0/stm32cubeide/plugins/com.st.stm32cube.ide.mcu.externaltools.gnu-tools-for-stm32.9-2020-q2-update.win32_2.0.0.202105311346/tools/bin/../lib/gcc/arm-none-eabi/9.3.1/thumb/v7e-m+fp/hard\libgcc.a(_arm_fixunsdfsi.o)
                0x00000000080009a4                __aeabi_d2uiz
                0x00000000080009a4                __fixunsdfsi
 .text          0x00000000080009e4       0x30 c:/st/stm32cubeide_1.7.0/stm32cubeide/plugins/com.st.stm32cube.ide.mcu.externaltools.gnu-tools-for-stm32.9-2020-q2-update.win32_2.0.0.202105311346/tools/bin/../lib/gcc/arm-none-eabi/9.3.1/thumb/v7e-m+fp/hard\libgcc.a(_aeabi_uldivmod.o)
                0x00000000080009e4                __aeabi_uldivmod
 .text          0x0000000008000a14      0x2c4 c:/st/stm32cubeide_1.7.0/stm32cubeide/plugins/com.st.stm32cube.ide.mcu.externaltools.gnu-tools-for-stm32.9-2020-q2-update.win32_2.0.0.202105311346/tools/bin/../lib/gcc/arm-none-eabi/9.3.1/thumb/v7e-m+fp/hard\libgcc.a(_udivmoddi4.o)
                0x0000000008000a14                __udivmoddi4
 .text          0x0000000008000cd8        0x4 c:/st/stm32cubeide_1.7.0/stm32cubeide/plugins/com.st.stm32cube.ide.mcu.externaltools.gnu-tools-for-stm32.9-2020-q2-update.win32_2.0.0.202105311346/tools/bin/../lib/gcc/arm-none-eabi/9.3.1/thumb/v7e-m+fp/hard\libgcc.a(_dvmd_tls.o)
                0x0000000008000cd8                __aeabi_idiv0
                0x0000000008000cd8                __aeabi_ldiv0
 *(.text*)
 .text.init_autosequence_timings
                0x0000000008000cdc       0x34 ./Core/Src/autosequence.o
                0x0000000008000cdc                init_autosequence_timings
 .text.HAL_TIM_PeriodElapsedCallback
                0x0000000008000d10       0x5c ./Core/Src/main.o
                0x0000000008000d10                HAL_TIM_PeriodElapsedCallback
 .text.HAL_UART_RxCpltCallback
                0x0000000008000d6c       0x5c ./Core/Src/main.o
                0x0000000008000d6c                HAL_UART_RxCpltCallback
 .text.main     0x0000000008000dc8      0x150 ./Core/Src/main.o
                0x0000000008000dc8                main
 .text.SystemClock_Config
                0x0000000008000f18       0xd8 ./Core/Src/main.o
                0x0000000008000f18                SystemClock_Config
 .text.MX_SPI1_Init
                0x0000000008000ff0       0x6c ./Core/Src/main.o
 .text.MX_SPI2_Init
                0x000000000800105c       0x6c ./Core/Src/main.o
 .text.MX_SPI3_Init
                0x00000000080010c8       0x6c ./Core/Src/main.o
 .text.MX_SPI4_Init
                0x0000000008001134       0x6c ./Core/Src/main.o
 .text.MX_TIM5_Init
                0x00000000080011a0       0x9c ./Core/Src/main.o
 .text.MX_TIM10_Init
                0x000000000800123c       0x48 ./Core/Src/main.o
 .text.MX_TIM11_Init
                0x0000000008001284       0x48 ./Core/Src/main.o
 .text.MX_TIM13_Init
                0x00000000080012cc       0x48 ./Core/Src/main.o
 .text.MX_USART1_UART_Init
                0x0000000008001314       0x54 ./Core/Src/main.o
 .text.MX_GPIO_Init
                0x0000000008001368      0x1fc ./Core/Src/main.o
 .text.Error_Handler
                0x0000000008001564        0xa ./Core/Src/main.o
                0x0000000008001564                Error_Handler
 *fill*         0x000000000800156e        0x2 
 .text.read_nonvolatile_variables
                0x0000000008001570      0x4ac ./Core/Src/nonvolatile_memory.o
                0x0000000008001570                read_nonvolatile_variables
 .text.init_serial_data
                0x0000000008001a1c       0x8c ./Core/Src/serial_data.o
                0x0000000008001a1c                init_serial_data
 .text.HAL_MspInit
                0x0000000008001aa8       0x50 ./Core/Src/stm32f4xx_hal_msp.o
                0x0000000008001aa8                HAL_MspInit
 .text.HAL_SPI_MspInit
                0x0000000008001af8      0x1d8 ./Core/Src/stm32f4xx_hal_msp.o
                0x0000000008001af8                HAL_SPI_MspInit
 .text.HAL_TIM_Base_MspInit
                0x0000000008001cd0       0xf4 ./Core/Src/stm32f4xx_hal_msp.o
                0x0000000008001cd0                HAL_TIM_Base_MspInit
 .text.HAL_UART_MspInit
                0x0000000008001dc4       0xa0 ./Core/Src/stm32f4xx_hal_msp.o
                0x0000000008001dc4                HAL_UART_MspInit
 .text.NMI_Handler
                0x0000000008001e64        0x6 ./Core/Src/stm32f4xx_it.o
                0x0000000008001e64                NMI_Handler
 .text.HardFault_Handler
                0x0000000008001e6a        0x6 ./Core/Src/stm32f4xx_it.o
                0x0000000008001e6a                HardFault_Handler
 .text.MemManage_Handler
                0x0000000008001e70        0x6 ./Core/Src/stm32f4xx_it.o
                0x0000000008001e70                MemManage_Handler
 .text.BusFault_Handler
                0x0000000008001e76        0x6 ./Core/Src/stm32f4xx_it.o
                0x0000000008001e76                BusFault_Handler
 .text.UsageFault_Handler
                0x0000000008001e7c        0x6 ./Core/Src/stm32f4xx_it.o
                0x0000000008001e7c                UsageFault_Handler
 .text.SVC_Handler
                0x0000000008001e82        0xe ./Core/Src/stm32f4xx_it.o
                0x0000000008001e82                SVC_Handler
 .text.DebugMon_Handler
                0x0000000008001e90        0xe ./Core/Src/stm32f4xx_it.o
                0x0000000008001e90                DebugMon_Handler
 .text.PendSV_Handler
                0x0000000008001e9e        0xe ./Core/Src/stm32f4xx_it.o
                0x0000000008001e9e                PendSV_Handler
 .text.SysTick_Handler
                0x0000000008001eac        0xc ./Core/Src/stm32f4xx_it.o
                0x0000000008001eac                SysTick_Handler
 .text.TIM1_UP_TIM10_IRQHandler
                0x0000000008001eb8       0x14 ./Core/Src/stm32f4xx_it.o
                0x0000000008001eb8                TIM1_UP_TIM10_IRQHandler
 .text.TIM1_TRG_COM_TIM11_IRQHandler
                0x0000000008001ecc       0x14 ./Core/Src/stm32f4xx_it.o
                0x0000000008001ecc                TIM1_TRG_COM_TIM11_IRQHandler
 .text.USART1_IRQHandler
                0x0000000008001ee0       0x14 ./Core/Src/stm32f4xx_it.o
                0x0000000008001ee0                USART1_IRQHandler
 .text.TIM8_UP_TIM13_IRQHandler
                0x0000000008001ef4       0x14 ./Core/Src/stm32f4xx_it.o
                0x0000000008001ef4                TIM8_UP_TIM13_IRQHandler
 .text.SystemInit
                0x0000000008001f08       0x2c ./Core/Src/system_stm32f4xx.o
                0x0000000008001f08                SystemInit
 .text.Reset_Handler
                0x0000000008001f34       0x50 ./Core/Startup/startup_stm32f446vetx.o
                0x0000000008001f34                Reset_Handler
 .text.Default_Handler
                0x0000000008001f84        0x2 ./Core/Startup/startup_stm32f446vetx.o
                0x0000000008001f84                RTC_Alarm_IRQHandler
                0x0000000008001f84                EXTI2_IRQHandler
                0x0000000008001f84                TIM8_CC_IRQHandler
                0x0000000008001f84                FMPI2C1_EV_IRQHandler
                0x0000000008001f84                SPI4_IRQHandler
                0x0000000008001f84                TIM1_CC_IRQHandler
                0x0000000008001f84                DMA2_Stream5_IRQHandler
                0x0000000008001f84                DMA1_Stream5_IRQHandler
                0x0000000008001f84                PVD_IRQHandler
                0x0000000008001f84                SDIO_IRQHandler
                0x0000000008001f84                TAMP_STAMP_IRQHandler
                0x0000000008001f84                CAN2_RX1_IRQHandler
                0x0000000008001f84                EXTI3_IRQHandler
                0x0000000008001f84                TIM8_TRG_COM_TIM14_IRQHandler
                0x0000000008001f84                I2C3_ER_IRQHandler
                0x0000000008001f84                EXTI0_IRQHandler
                0x0000000008001f84                I2C2_EV_IRQHandler
                0x0000000008001f84                DMA1_Stream2_IRQHandler
                0x0000000008001f84                CAN1_RX0_IRQHandler
                0x0000000008001f84                FPU_IRQHandler
                0x0000000008001f84                OTG_HS_WKUP_IRQHandler
                0x0000000008001f84                CAN2_SCE_IRQHandler
                0x0000000008001f84                DMA2_Stream2_IRQHandler
                0x0000000008001f84                SPI1_IRQHandler
                0x0000000008001f84                TIM6_DAC_IRQHandler
                0x0000000008001f84                TIM1_BRK_TIM9_IRQHandler
                0x0000000008001f84                DCMI_IRQHandler
                0x0000000008001f84                CAN2_RX0_IRQHandler
                0x0000000008001f84                DMA2_Stream3_IRQHandler
                0x0000000008001f84                SAI2_IRQHandler
                0x0000000008001f84                USART6_IRQHandler
                0x0000000008001f84                USART3_IRQHandler
                0x0000000008001f84                CAN1_RX1_IRQHandler
                0x0000000008001f84                UART5_IRQHandler
                0x0000000008001f84                DMA2_Stream0_IRQHandler
                0x0000000008001f84                TIM4_IRQHandler
                0x0000000008001f84                QUADSPI_IRQHandler
                0x0000000008001f84                I2C1_EV_IRQHandler
                0x0000000008001f84                DMA1_Stream6_IRQHandler
                0x0000000008001f84                DMA1_Stream1_IRQHandler
                0x0000000008001f84                UART4_IRQHandler
                0x0000000008001f84                TIM3_IRQHandler
                0x0000000008001f84                RCC_IRQHandler
                0x0000000008001f84                TIM8_BRK_TIM12_IRQHandler
                0x0000000008001f84                Default_Handler
                0x0000000008001f84                CEC_IRQHandler
                0x0000000008001f84                EXTI15_10_IRQHandler
                0x0000000008001f84                ADC_IRQHandler
                0x0000000008001f84                DMA1_Stream7_IRQHandler
                0x0000000008001f84                TIM7_IRQHandler
                0x0000000008001f84                CAN2_TX_IRQHandler
                0x0000000008001f84                TIM5_IRQHandler
                0x0000000008001f84                DMA2_Stream7_IRQHandler
                0x0000000008001f84                I2C3_EV_IRQHandler
                0x0000000008001f84                EXTI9_5_IRQHandler
                0x0000000008001f84                RTC_WKUP_IRQHandler
                0x0000000008001f84                SPDIF_RX_IRQHandler
                0x0000000008001f84                SPI2_IRQHandler
                0x0000000008001f84                OTG_HS_EP1_IN_IRQHandler
                0x0000000008001f84                DMA1_Stream0_IRQHandler
                0x0000000008001f84                CAN1_TX_IRQHandler
                0x0000000008001f84                FMPI2C1_ER_IRQHandler
                0x0000000008001f84                EXTI4_IRQHandler
                0x0000000008001f84                OTG_HS_EP1_OUT_IRQHandler
                0x0000000008001f84                WWDG_IRQHandler
                0x0000000008001f84                TIM2_IRQHandler
                0x0000000008001f84                OTG_FS_WKUP_IRQHandler
                0x0000000008001f84                OTG_HS_IRQHandler
                0x0000000008001f84                EXTI1_IRQHandler
                0x0000000008001f84                USART2_IRQHandler
                0x0000000008001f84                I2C2_ER_IRQHandler
                0x0000000008001f84                DMA2_Stream1_IRQHandler
                0x0000000008001f84                CAN1_SCE_IRQHandler
                0x0000000008001f84                FLASH_IRQHandler
                0x0000000008001f84                DMA2_Stream4_IRQHandler
                0x0000000008001f84                OTG_FS_IRQHandler
                0x0000000008001f84                SPI3_IRQHandler
                0x0000000008001f84                DMA1_Stream4_IRQHandler
                0x0000000008001f84                I2C1_ER_IRQHandler
                0x0000000008001f84                FMC_IRQHandler
                0x0000000008001f84                DMA2_Stream6_IRQHandler
                0x0000000008001f84                SAI1_IRQHandler
                0x0000000008001f84                DMA1_Stream3_IRQHandler
 .text.L6470_SPI_CS_delay
                0x0000000008001f86       0x2a ./Core/firmware-libraries/L6470/src/L6470.o
                0x0000000008001f86                L6470_SPI_CS_delay
 .text.L6470_SPI_transmit_byte
                0x0000000008001fb0       0x4a ./Core/firmware-libraries/L6470/src/L6470.o
                0x0000000008001fb0                L6470_SPI_transmit_byte
 .text.L6470_SPI_receive_byte
                0x0000000008001ffa       0x4a ./Core/firmware-libraries/L6470/src/L6470.o
                0x0000000008001ffa                L6470_SPI_receive_byte
 .text.L6470_read_register
                0x0000000008002044       0xe6 ./Core/firmware-libraries/L6470/src/L6470.o
                0x0000000008002044                L6470_read_register
 .text.L6470_write_register
                0x000000000800212a       0xde ./Core/firmware-libraries/L6470/src/L6470.o
                0x000000000800212a                L6470_write_register
 .text.L6470_get_status
                0x0000000008002208      0x1f8 ./Core/firmware-libraries/L6470/src/L6470.o
                0x0000000008002208                L6470_get_status
 .text.L6470_init_motor
                0x0000000008002400       0x42 ./Core/firmware-libraries/L6470/src/L6470.o
                0x0000000008002400                L6470_init_motor
 *fill*         0x0000000008002442        0x6 
 .text.L6470_set_motor_max_speed
                0x0000000008002448       0x80 ./Core/firmware-libraries/L6470/src/L6470.o
                0x0000000008002448                L6470_set_motor_max_speed
 .text.L6470_goto_motor_pos
                0x00000000080024c8       0xb2 ./Core/firmware-libraries/L6470/src/L6470.o
                0x00000000080024c8                L6470_goto_motor_pos
 .text.L6470_zero_motor
                0x000000000800257a       0x2c ./Core/firmware-libraries/L6470/src/L6470.o
                0x000000000800257a                L6470_zero_motor
 .text.L6470_stop_motor
                0x00000000080025a6       0x18 ./Core/firmware-libraries/L6470/src/L6470.o
                0x00000000080025a6                L6470_stop_motor
 .text.L6470_get_position_deg
                0x00000000080025be       0x44 ./Core/firmware-libraries/L6470/src/L6470.o
                0x00000000080025be                L6470_get_position_deg
 *fill*         0x0000000008002602        0x2 
 .text.init_board
                0x0000000008002604       0x2c ./Core/firmware-libraries/SerialComms/src/comms.o
                0x0000000008002604                init_board
 .text.spi_transmit
                0x0000000008002630       0x60 ./Core/firmware-libraries/W25N01GV/src/W25N01GV.o
 .text.spi_transmit_receive
                0x0000000008002690       0x7c ./Core/firmware-libraries/W25N01GV/src/W25N01GV.o
 .text.read_status_register
                0x000000000800270c       0x32 ./Core/firmware-libraries/W25N01GV/src/W25N01GV.o
 .text.flash_is_busy
                0x000000000800273e       0x24 ./Core/firmware-libraries/W25N01GV/src/W25N01GV.o
 .text.wait_for_operation
                0x0000000008002762       0x3c ./Core/firmware-libraries/W25N01GV/src/W25N01GV.o
 .text.write_status_register
                0x000000000800279e       0x3a ./Core/firmware-libraries/W25N01GV/src/W25N01GV.o
 .text.load_page
                0x00000000080027d8       0x4c ./Core/firmware-libraries/W25N01GV/src/W25N01GV.o
 .text.get_ECC_status
                0x0000000008002824       0x8e ./Core/firmware-libraries/W25N01GV/src/W25N01GV.o
 .text.read_flash_buffer
                0x00000000080028b2       0x50 ./Core/firmware-libraries/W25N01GV/src/W25N01GV.o
 .text.read_bytes_from_page
                0x0000000008002902       0x3a ./Core/firmware-libraries/W25N01GV/src/W25N01GV.o
 .text.enable_ECC
                0x000000000800293c       0x38 ./Core/firmware-libraries/W25N01GV/src/W25N01GV.o
 .text.enable_buffer_mode
                0x0000000008002974       0x38 ./Core/firmware-libraries/W25N01GV/src/W25N01GV.o
 .text.find_write_ptr
                0x00000000080029ac      0x260 ./Core/firmware-libraries/W25N01GV/src/W25N01GV.o
 .text.init_flash
                0x0000000008002c0c       0x6e ./Core/firmware-libraries/W25N01GV/src/W25N01GV.o
                0x0000000008002c0c                init_flash
 .text.ping_flash
                0x0000000008002c7a       0x52 ./Core/firmware-libraries/W25N01GV/src/W25N01GV.o
                0x0000000008002c7a                ping_flash
 .text.reset_flash
                0x0000000008002ccc       0x40 ./Core/firmware-libraries/W25N01GV/src/W25N01GV.o
                0x0000000008002ccc                reset_flash
 .text.read_reserved_flash_page
                0x0000000008002d0c       0x32 ./Core/firmware-libraries/W25N01GV/src/W25N01GV.o
                0x0000000008002d0c                read_reserved_flash_page
 *fill*         0x0000000008002d3e        0x2 
 .text.HAL_Init
                0x0000000008002d40       0x44 ./Drivers/STM32F4xx_HAL_Driver/Src/stm32f4xx_hal.o
                0x0000000008002d40                HAL_Init
 .text.HAL_InitTick
                0x0000000008002d84       0x60 ./Drivers/STM32F4xx_HAL_Driver/Src/stm32f4xx_hal.o
                0x0000000008002d84                HAL_InitTick
 .text.HAL_IncTick
                0x0000000008002de4       0x28 ./Drivers/STM32F4xx_HAL_Driver/Src/stm32f4xx_hal.o
                0x0000000008002de4                HAL_IncTick
 .text.HAL_GetTick
                0x0000000008002e0c       0x18 ./Drivers/STM32F4xx_HAL_Driver/Src/stm32f4xx_hal.o
                0x0000000008002e0c                HAL_GetTick
 .text.HAL_Delay
                0x0000000008002e24       0x48 ./Drivers/STM32F4xx_HAL_Driver/Src/stm32f4xx_hal.o
                0x0000000008002e24                HAL_Delay
 .text.__NVIC_SetPriorityGrouping
                0x0000000008002e6c       0x48 ./Drivers/STM32F4xx_HAL_Driver/Src/stm32f4xx_hal_cortex.o
 .text.__NVIC_GetPriorityGrouping
                0x0000000008002eb4       0x1c ./Drivers/STM32F4xx_HAL_Driver/Src/stm32f4xx_hal_cortex.o
 .text.__NVIC_EnableIRQ
                0x0000000008002ed0       0x3c ./Drivers/STM32F4xx_HAL_Driver/Src/stm32f4xx_hal_cortex.o
 .text.__NVIC_SetPriority
                0x0000000008002f0c       0x54 ./Drivers/STM32F4xx_HAL_Driver/Src/stm32f4xx_hal_cortex.o
 .text.NVIC_EncodePriority
                0x0000000008002f60       0x66 ./Drivers/STM32F4xx_HAL_Driver/Src/stm32f4xx_hal_cortex.o
 *fill*         0x0000000008002fc6        0x2 
 .text.SysTick_Config
                0x0000000008002fc8       0x44 ./Drivers/STM32F4xx_HAL_Driver/Src/stm32f4xx_hal_cortex.o
 .text.HAL_NVIC_SetPriorityGrouping
                0x000000000800300c       0x16 ./Drivers/STM32F4xx_HAL_Driver/Src/stm32f4xx_hal_cortex.o
                0x000000000800300c                HAL_NVIC_SetPriorityGrouping
 .text.HAL_NVIC_SetPriority
                0x0000000008003022       0x38 ./Drivers/STM32F4xx_HAL_Driver/Src/stm32f4xx_hal_cortex.o
                0x0000000008003022                HAL_NVIC_SetPriority
 .text.HAL_NVIC_EnableIRQ
                0x000000000800305a       0x1c ./Drivers/STM32F4xx_HAL_Driver/Src/stm32f4xx_hal_cortex.o
                0x000000000800305a                HAL_NVIC_EnableIRQ
 .text.HAL_SYSTICK_Config
                0x0000000008003076       0x18 ./Drivers/STM32F4xx_HAL_Driver/Src/stm32f4xx_hal_cortex.o
                0x0000000008003076                HAL_SYSTICK_Config
 .text.HAL_DMA_Abort
                0x000000000800308e       0xe0 ./Drivers/STM32F4xx_HAL_Driver/Src/stm32f4xx_hal_dma.o
                0x000000000800308e                HAL_DMA_Abort
 .text.HAL_DMA_Abort_IT
                0x000000000800316e       0x44 ./Drivers/STM32F4xx_HAL_Driver/Src/stm32f4xx_hal_dma.o
                0x000000000800316e                HAL_DMA_Abort_IT
 *fill*         0x00000000080031b2        0x2 
 .text.HAL_GPIO_Init
                0x00000000080031b4      0x328 ./Drivers/STM32F4xx_HAL_Driver/Src/stm32f4xx_hal_gpio.o
                0x00000000080031b4                HAL_GPIO_Init
 .text.HAL_GPIO_WritePin
                0x00000000080034dc       0x32 ./Drivers/STM32F4xx_HAL_Driver/Src/stm32f4xx_hal_gpio.o
                0x00000000080034dc                HAL_GPIO_WritePin
 *fill*         0x000000000800350e        0x2 
 .text.HAL_RCC_ClockConfig
                0x0000000008003510      0x1cc ./Drivers/STM32F4xx_HAL_Driver/Src/stm32f4xx_hal_rcc.o
                0x0000000008003510                HAL_RCC_ClockConfig
 .text.HAL_RCC_GetHCLKFreq
                0x00000000080036dc       0x18 ./Drivers/STM32F4xx_HAL_Driver/Src/stm32f4xx_hal_rcc.o
                0x00000000080036dc                HAL_RCC_GetHCLKFreq
 .text.HAL_RCC_GetPCLK1Freq
                0x00000000080036f4       0x28 ./Drivers/STM32F4xx_HAL_Driver/Src/stm32f4xx_hal_rcc.o
                0x00000000080036f4                HAL_RCC_GetPCLK1Freq
 .text.HAL_RCC_GetPCLK2Freq
                0x000000000800371c       0x28 ./Drivers/STM32F4xx_HAL_Driver/Src/stm32f4xx_hal_rcc.o
                0x000000000800371c                HAL_RCC_GetPCLK2Freq
 .text.HAL_RCC_GetSysClockFreq
                0x0000000008003744      0x2b8 ./Drivers/STM32F4xx_HAL_Driver/Src/stm32f4xx_hal_rcc_ex.o
                0x0000000008003744                HAL_RCC_GetSysClockFreq
 .text.HAL_RCC_OscConfig
                0x00000000080039fc      0x53c ./Drivers/STM32F4xx_HAL_Driver/Src/stm32f4xx_hal_rcc_ex.o
                0x00000000080039fc                HAL_RCC_OscConfig
 .text.HAL_SPI_Init
                0x0000000008003f38      0x112 ./Drivers/STM32F4xx_HAL_Driver/Src/stm32f4xx_hal_spi.o
                0x0000000008003f38                HAL_SPI_Init
 .text.HAL_SPI_Transmit
                0x000000000800404a      0x278 ./Drivers/STM32F4xx_HAL_Driver/Src/stm32f4xx_hal_spi.o
                0x000000000800404a                HAL_SPI_Transmit
 .text.HAL_SPI_Receive
                0x00000000080042c2      0x222 ./Drivers/STM32F4xx_HAL_Driver/Src/stm32f4xx_hal_spi.o
                0x00000000080042c2                HAL_SPI_Receive
 .text.HAL_SPI_TransmitReceive
                0x00000000080044e4      0x344 ./Drivers/STM32F4xx_HAL_Driver/Src/stm32f4xx_hal_spi.o
                0x00000000080044e4                HAL_SPI_TransmitReceive
 .text.SPI_WaitFlagStateUntilTimeout
                0x0000000008004828      0x110 ./Drivers/STM32F4xx_HAL_Driver/Src/stm32f4xx_hal_spi.o
 .text.SPI_EndRxTransaction
                0x0000000008004938       0xca ./Drivers/STM32F4xx_HAL_Driver/Src/stm32f4xx_hal_spi.o
 *fill*         0x0000000008004a02        0x2 
 .text.SPI_EndRxTxTransaction
                0x0000000008004a04       0x84 ./Drivers/STM32F4xx_HAL_Driver/Src/stm32f4xx_hal_spi.o
 .text.HAL_TIM_Base_Init
                0x0000000008004a88       0x9e ./Drivers/STM32F4xx_HAL_Driver/Src/stm32f4xx_hal_tim.o
                0x0000000008004a88                HAL_TIM_Base_Init
 *fill*         0x0000000008004b26        0x2 
 .text.HAL_TIM_Base_Start
                0x0000000008004b28       0xd0 ./Drivers/STM32F4xx_HAL_Driver/Src/stm32f4xx_hal_tim.o
                0x0000000008004b28                HAL_TIM_Base_Start
 .text.HAL_TIM_Base_Start_IT
                0x0000000008004bf8       0xe0 ./Drivers/STM32F4xx_HAL_Driver/Src/stm32f4xx_hal_tim.o
                0x0000000008004bf8                HAL_TIM_Base_Start_IT
 .text.HAL_TIM_IRQHandler
                0x0000000008004cd8      0x210 ./Drivers/STM32F4xx_HAL_Driver/Src/stm32f4xx_hal_tim.o
                0x0000000008004cd8                HAL_TIM_IRQHandler
 .text.HAL_TIM_ConfigClockSource
                0x0000000008004ee8      0x188 ./Drivers/STM32F4xx_HAL_Driver/Src/stm32f4xx_hal_tim.o
                0x0000000008004ee8                HAL_TIM_ConfigClockSource
 .text.HAL_TIM_OC_DelayElapsedCallback
                0x0000000008005070       0x14 ./Drivers/STM32F4xx_HAL_Driver/Src/stm32f4xx_hal_tim.o
                0x0000000008005070                HAL_TIM_OC_DelayElapsedCallback
 .text.HAL_TIM_IC_CaptureCallback
                0x0000000008005084       0x14 ./Drivers/STM32F4xx_HAL_Driver/Src/stm32f4xx_hal_tim.o
                0x0000000008005084                HAL_TIM_IC_CaptureCallback
 .text.HAL_TIM_PWM_PulseFinishedCallback
                0x0000000008005098       0x14 ./Drivers/STM32F4xx_HAL_Driver/Src/stm32f4xx_hal_tim.o
                0x0000000008005098                HAL_TIM_PWM_PulseFinishedCallback
 .text.HAL_TIM_TriggerCallback
                0x00000000080050ac       0x14 ./Drivers/STM32F4xx_HAL_Driver/Src/stm32f4xx_hal_tim.o
                0x00000000080050ac                HAL_TIM_TriggerCallback
 .text.TIM_Base_SetConfig
                0x00000000080050c0      0x140 ./Drivers/STM32F4xx_HAL_Driver/Src/stm32f4xx_hal_tim.o
                0x00000000080050c0                TIM_Base_SetConfig
 .text.TIM_TI1_ConfigInputStage
                0x0000000008005200       0x5e ./Drivers/STM32F4xx_HAL_Driver/Src/stm32f4xx_hal_tim.o
 .text.TIM_TI2_ConfigInputStage
                0x000000000800525e       0x60 ./Drivers/STM32F4xx_HAL_Driver/Src/stm32f4xx_hal_tim.o
 .text.TIM_ITRx_SetConfig
                0x00000000080052be       0x36 ./Drivers/STM32F4xx_HAL_Driver/Src/stm32f4xx_hal_tim.o
 .text.TIM_ETR_SetConfig
                0x00000000080052f4       0x40 ./Drivers/STM32F4xx_HAL_Driver/Src/stm32f4xx_hal_tim.o
                0x00000000080052f4                TIM_ETR_SetConfig
 .text.HAL_TIMEx_MasterConfigSynchronization
                0x0000000008005334       0xf8 ./Drivers/STM32F4xx_HAL_Driver/Src/stm32f4xx_hal_tim_ex.o
                0x0000000008005334                HAL_TIMEx_MasterConfigSynchronization
 .text.HAL_TIMEx_CommutCallback
                0x000000000800542c       0x14 ./Drivers/STM32F4xx_HAL_Driver/Src/stm32f4xx_hal_tim_ex.o
                0x000000000800542c                HAL_TIMEx_CommutCallback
 .text.HAL_TIMEx_BreakCallback
                0x0000000008005440       0x14 ./Drivers/STM32F4xx_HAL_Driver/Src/stm32f4xx_hal_tim_ex.o
                0x0000000008005440                HAL_TIMEx_BreakCallback
 .text.HAL_UART_Init
                0x0000000008005454       0x9a ./Drivers/STM32F4xx_HAL_Driver/Src/stm32f4xx_hal_uart.o
                0x0000000008005454                HAL_UART_Init
 .text.HAL_UART_Receive_IT
                0x00000000080054ee       0x60 ./Drivers/STM32F4xx_HAL_Driver/Src/stm32f4xx_hal_uart.o
                0x00000000080054ee                HAL_UART_Receive_IT
 *fill*         0x000000000800554e        0x2 
 .text.HAL_UART_IRQHandler
                0x0000000008005550      0x358 ./Drivers/STM32F4xx_HAL_Driver/Src/stm32f4xx_hal_uart.o
                0x0000000008005550                HAL_UART_IRQHandler
 .text.HAL_UART_TxCpltCallback
                0x00000000080058a8       0x14 ./Drivers/STM32F4xx_HAL_Driver/Src/stm32f4xx_hal_uart.o
                0x00000000080058a8                HAL_UART_TxCpltCallback
 .text.HAL_UART_ErrorCallback
                0x00000000080058bc       0x14 ./Drivers/STM32F4xx_HAL_Driver/Src/stm32f4xx_hal_uart.o
                0x00000000080058bc                HAL_UART_ErrorCallback
 .text.HAL_UARTEx_RxEventCallback
                0x00000000080058d0       0x18 ./Drivers/STM32F4xx_HAL_Driver/Src/stm32f4xx_hal_uart.o
                0x00000000080058d0                HAL_UARTEx_RxEventCallback
 .text.UART_Start_Receive_IT
                0x00000000080058e8       0x74 ./Drivers/STM32F4xx_HAL_Driver/Src/stm32f4xx_hal_uart.o
                0x00000000080058e8                UART_Start_Receive_IT
 .text.UART_EndRxTransfer
                0x000000000800595c       0x5a ./Drivers/STM32F4xx_HAL_Driver/Src/stm32f4xx_hal_uart.o
 .text.UART_DMAAbortOnError
                0x00000000080059b6       0x28 ./Drivers/STM32F4xx_HAL_Driver/Src/stm32f4xx_hal_uart.o
 .text.UART_Transmit_IT
                0x00000000080059de       0xa0 ./Drivers/STM32F4xx_HAL_Driver/Src/stm32f4xx_hal_uart.o
 .text.UART_EndTransmit_IT
                0x0000000008005a7e       0x30 ./Drivers/STM32F4xx_HAL_Driver/Src/stm32f4xx_hal_uart.o
 .text.UART_Receive_IT
                0x0000000008005aae      0x12e ./Drivers/STM32F4xx_HAL_Driver/Src/stm32f4xx_hal_uart.o
 .text.UART_SetConfig
                0x0000000008005bdc      0x390 ./Drivers/STM32F4xx_HAL_Driver/Src/stm32f4xx_hal_uart.o
 .text.__libc_init_array
                0x0000000008005f6c       0x48 c:/st/stm32cubeide_1.7.0/stm32cubeide/plugins/com.st.stm32cube.ide.mcu.externaltools.gnu-tools-for-stm32.9-2020-q2-update.win32_2.0.0.202105311346/tools/bin/../lib/gcc/arm-none-eabi/9.3.1/../../../../arm-none-eabi/lib/thumb/v7e-m+fp/hard\libc_nano.a(lib_a-init.o)
                0x0000000008005f6c                __libc_init_array
 .text.memset   0x0000000008005fb4       0x10 c:/st/stm32cubeide_1.7.0/stm32cubeide/plugins/com.st.stm32cube.ide.mcu.externaltools.gnu-tools-for-stm32.9-2020-q2-update.win32_2.0.0.202105311346/tools/bin/../lib/gcc/arm-none-eabi/9.3.1/../../../../arm-none-eabi/lib/thumb/v7e-m+fp/hard\libc_nano.a(lib_a-memset.o)
                0x0000000008005fb4                memset
 *(.glue_7)
 .glue_7        0x0000000008005fc4        0x0 linker stubs
 *(.glue_7t)
 .glue_7t       0x0000000008005fc4        0x0 linker stubs
 *(.eh_frame)
 .eh_frame      0x0000000008005fc4        0x0 c:/st/stm32cubeide_1.7.0/stm32cubeide/plugins/com.st.stm32cube.ide.mcu.externaltools.gnu-tools-for-stm32.9-2020-q2-update.win32_2.0.0.202105311346/tools/bin/../lib/gcc/arm-none-eabi/9.3.1/thumb/v7e-m+fp/hard/crtbegin.o
 *(.init)
 .init          0x0000000008005fc4        0x4 c:/st/stm32cubeide_1.7.0/stm32cubeide/plugins/com.st.stm32cube.ide.mcu.externaltools.gnu-tools-for-stm32.9-2020-q2-update.win32_2.0.0.202105311346/tools/bin/../lib/gcc/arm-none-eabi/9.3.1/thumb/v7e-m+fp/hard/crti.o
                0x0000000008005fc4                _init
 .init          0x0000000008005fc8        0x8 c:/st/stm32cubeide_1.7.0/stm32cubeide/plugins/com.st.stm32cube.ide.mcu.externaltools.gnu-tools-for-stm32.9-2020-q2-update.win32_2.0.0.202105311346/tools/bin/../lib/gcc/arm-none-eabi/9.3.1/thumb/v7e-m+fp/hard/crtn.o
 *(.fini)
 .fini          0x0000000008005fd0        0x4 c:/st/stm32cubeide_1.7.0/stm32cubeide/plugins/com.st.stm32cube.ide.mcu.externaltools.gnu-tools-for-stm32.9-2020-q2-update.win32_2.0.0.202105311346/tools/bin/../lib/gcc/arm-none-eabi/9.3.1/thumb/v7e-m+fp/hard/crti.o
                0x0000000008005fd0                _fini
 .fini          0x0000000008005fd4        0x8 c:/st/stm32cubeide_1.7.0/stm32cubeide/plugins/com.st.stm32cube.ide.mcu.externaltools.gnu-tools-for-stm32.9-2020-q2-update.win32_2.0.0.202105311346/tools/bin/../lib/gcc/arm-none-eabi/9.3.1/thumb/v7e-m+fp/hard/crtn.o
                0x0000000008005fdc                . = ALIGN (0x4)
                0x0000000008005fdc                _etext = .

.vfp11_veneer   0x0000000008005fdc        0x0
 .vfp11_veneer  0x0000000008005fdc        0x0 linker stubs

.v4_bx          0x0000000008005fdc        0x0
 .v4_bx         0x0000000008005fdc        0x0 linker stubs

.iplt           0x0000000008005fdc        0x0
 .iplt          0x0000000008005fdc        0x0 c:/st/stm32cubeide_1.7.0/stm32cubeide/plugins/com.st.stm32cube.ide.mcu.externaltools.gnu-tools-for-stm32.9-2020-q2-update.win32_2.0.0.202105311346/tools/bin/../lib/gcc/arm-none-eabi/9.3.1/thumb/v7e-m+fp/hard/crtbegin.o

.rodata         0x0000000008005fdc       0x18
                0x0000000008005fdc                . = ALIGN (0x4)
 *(.rodata)
 *(.rodata*)
 .rodata.AHBPrescTable
                0x0000000008005fdc       0x10 ./Core/Src/system_stm32f4xx.o
                0x0000000008005fdc                AHBPrescTable
 .rodata.APBPrescTable
                0x0000000008005fec        0x8 ./Core/Src/system_stm32f4xx.o
                0x0000000008005fec                APBPrescTable
                0x0000000008005ff4                . = ALIGN (0x4)

.ARM.extab      0x0000000008005ff4        0x0
                0x0000000008005ff4                . = ALIGN (0x4)
 *(.ARM.extab* .gnu.linkonce.armextab.*)
                0x0000000008005ff4                . = ALIGN (0x4)

.ARM            0x0000000008005ff4        0x8
                0x0000000008005ff4                . = ALIGN (0x4)
                0x0000000008005ff4                __exidx_start = .
 *(.ARM.exidx*)
 .ARM.exidx     0x0000000008005ff4        0x8 c:/st/stm32cubeide_1.7.0/stm32cubeide/plugins/com.st.stm32cube.ide.mcu.externaltools.gnu-tools-for-stm32.9-2020-q2-update.win32_2.0.0.202105311346/tools/bin/../lib/gcc/arm-none-eabi/9.3.1/thumb/v7e-m+fp/hard\libgcc.a(_udivmoddi4.o)
                0x0000000008005ffc                __exidx_end = .
                0x0000000008005ffc                . = ALIGN (0x4)

.rel.dyn        0x0000000008005ffc        0x0
 .rel.iplt      0x0000000008005ffc        0x0 c:/st/stm32cubeide_1.7.0/stm32cubeide/plugins/com.st.stm32cube.ide.mcu.externaltools.gnu-tools-for-stm32.9-2020-q2-update.win32_2.0.0.202105311346/tools/bin/../lib/gcc/arm-none-eabi/9.3.1/thumb/v7e-m+fp/hard/crtbegin.o

.preinit_array  0x0000000008005ffc        0x0
                0x0000000008005ffc                . = ALIGN (0x4)
                0x0000000008005ffc                PROVIDE (__preinit_array_start = .)
 *(.preinit_array*)
                0x0000000008005ffc                PROVIDE (__preinit_array_end = .)
                0x0000000008005ffc                . = ALIGN (0x4)

.init_array     0x0000000008005ffc        0x4
                0x0000000008005ffc                . = ALIGN (0x4)
                0x0000000008005ffc                PROVIDE (__init_array_start = .)
 *(SORT_BY_NAME(.init_array.*))
 *(.init_array*)
 .init_array    0x0000000008005ffc        0x4 c:/st/stm32cubeide_1.7.0/stm32cubeide/plugins/com.st.stm32cube.ide.mcu.externaltools.gnu-tools-for-stm32.9-2020-q2-update.win32_2.0.0.202105311346/tools/bin/../lib/gcc/arm-none-eabi/9.3.1/thumb/v7e-m+fp/hard/crtbegin.o
                0x0000000008006000                PROVIDE (__init_array_end = .)
                0x0000000008006000                . = ALIGN (0x4)

.fini_array     0x0000000008006000        0x4
                0x0000000008006000                . = ALIGN (0x4)
                [!provide]                        PROVIDE (__fini_array_start = .)
 *(SORT_BY_NAME(.fini_array.*))
 *(.fini_array*)
 .fini_array    0x0000000008006000        0x4 c:/st/stm32cubeide_1.7.0/stm32cubeide/plugins/com.st.stm32cube.ide.mcu.externaltools.gnu-tools-for-stm32.9-2020-q2-update.win32_2.0.0.202105311346/tools/bin/../lib/gcc/arm-none-eabi/9.3.1/thumb/v7e-m+fp/hard/crtbegin.o
                [!provide]                        PROVIDE (__fini_array_end = .)
                0x0000000008006004                . = ALIGN (0x4)
                0x0000000008006004                _sidata = LOADADDR (.data)

.data           0x0000000020000000       0x10 load address 0x0000000008006004
                0x0000000020000000                . = ALIGN (0x4)
                0x0000000020000000                _sdata = .
 *(.data)
 *(.data*)
 .data.last_byte_uart
                0x0000000020000000        0x1 ./Core/Src/main.o
                0x0000000020000000                last_byte_uart
 *fill*         0x0000000020000001        0x3 
 .data.SystemCoreClock
                0x0000000020000004        0x4 ./Core/Src/system_stm32f4xx.o
                0x0000000020000004                SystemCoreClock
 .data.uwTickPrio
                0x0000000020000008        0x4 ./Drivers/STM32F4xx_HAL_Driver/Src/stm32f4xx_hal.o
                0x0000000020000008                uwTickPrio
 .data.uwTickFreq
                0x000000002000000c        0x1 ./Drivers/STM32F4xx_HAL_Driver/Src/stm32f4xx_hal.o
                0x000000002000000c                uwTickFreq
 *(.RamFunc)
 *(.RamFunc*)
                0x0000000020000010                . = ALIGN (0x4)
 *fill*         0x000000002000000d        0x3 
                0x0000000020000010                _edata = .

.igot.plt       0x0000000020000010        0x0 load address 0x0000000008006014
 .igot.plt      0x0000000020000010        0x0 c:/st/stm32cubeide_1.7.0/stm32cubeide/plugins/com.st.stm32cube.ide.mcu.externaltools.gnu-tools-for-stm32.9-2020-q2-update.win32_2.0.0.202105311346/tools/bin/../lib/gcc/arm-none-eabi/9.3.1/thumb/v7e-m+fp/hard/crtbegin.o
                0x0000000020000010                . = ALIGN (0x4)

.bss            0x0000000020000010     0x207c load address 0x0000000008006014
                0x0000000020000010                _sbss = .
                0x0000000020000010                __bss_start__ = _sbss
 *(.bss)
 .bss           0x0000000020000010       0x1c c:/st/stm32cubeide_1.7.0/stm32cubeide/plugins/com.st.stm32cube.ide.mcu.externaltools.gnu-tools-for-stm32.9-2020-q2-update.win32_2.0.0.202105311346/tools/bin/../lib/gcc/arm-none-eabi/9.3.1/thumb/v7e-m+fp/hard/crtbegin.o
 *(.bss*)
 .bss.pt_ambients
                0x000000002000002c       0x50 ./Core/Src/calibrations.o
                0x000000002000002c                pt_ambients
 .bss.pot_ambients
                0x000000002000007c        0x8 ./Core/Src/calibrations.o
                0x000000002000007c                pot_ambients
 .bss.pt_cal_lower_voltage
                0x0000000020000084       0x50 ./Core/Src/calibrations.o
                0x0000000020000084                pt_cal_lower_voltage
 .bss.pt_cal_upper_voltage
                0x00000000200000d4       0x50 ./Core/Src/calibrations.o
                0x00000000200000d4                pt_cal_upper_voltage
 .bss.pt_cal_upper_pressure
                0x0000000020000124       0x50 ./Core/Src/calibrations.o
                0x0000000020000124                pt_cal_upper_pressure
 .bss.init_motor_pos_deg_correction_factor
                0x0000000020000174        0x4 ./Core/Src/globals.o
                0x0000000020000174                init_motor_pos_deg_correction_factor
 .bss.telem_buffer_sz
                0x0000000020000178        0x2 ./Core/Src/main.o
                0x0000000020000178                telem_buffer_sz
 .bss.eof_received
                0x000000002000017a        0x1 ./Core/Src/main.o
                0x000000002000017a                eof_received
 *(COMMON)
 *fill*         0x000000002000017b        0x1 
 COMMON         0x000000002000017c      0x140 ./Core/Src/autosequence.o
                0x000000002000017c                tanks
                0x0000000020000284                autosequence
 COMMON         0x00000000200002bc      0x790 ./Core/Src/main.o
                0x00000000200002bc                CLB_buffer
                0x00000000200002c0                periodic_flag_5ms
                0x00000000200002c4                hspi2
                0x000000002000031c                htim10
                0x0000000020000364                periodic_flag_100ms
                0x0000000020000368                htim5
                0x00000000200003b0                hspi3
                0x0000000020000408                CLB_pong_packet
                0x0000000020000507                CLB_board_addr
                0x0000000020000508                htim13
                0x0000000020000550                huart1
                0x0000000020000594                CLB_ping_packet
                0x0000000020000694                htim11
                0x00000000200006dc                CLB_calibration_data
                0x0000000020000760                hspi4
                0x00000000200007b8                CLB_telem_data
                0x00000000200008a9                CLB_last_cmd_received
                0x00000000200008aa                CLB_buffer_sz
                0x00000000200008ac                var
                0x00000000200008b0                hspi1
                0x0000000020000908                motor
                0x0000000020000938                telem_buffer
                0x0000000020000a38                CLB_receive_header
                0x0000000020000a44                periodic_flag_50ms
                0x0000000020000a48                CLB_header
 COMMON         0x0000000020000a4c       0xfe ./Core/Src/nonvolatile_memory.o
                0x0000000020000a4c                nonvolatile_memory_buffer
 *fill*         0x0000000020000b4a        0x2 
 COMMON         0x0000000020000b4c     0x153a ./Core/Src/serial_data.o
                0x0000000020000b4c                flash
                0x0000000020000d64                buffer_info
 *fill*         0x0000000020002086        0x2 
 COMMON         0x0000000020002088        0x4 ./Drivers/STM32F4xx_HAL_Driver/Src/stm32f4xx_hal.o
                0x0000000020002088                uwTick
                0x000000002000208c                . = ALIGN (0x4)
                0x000000002000208c                _ebss = .
                0x000000002000208c                __bss_end__ = _ebss

._user_heap_stack
                0x000000002000208c      0x604 load address 0x0000000008006014
                0x0000000020002090                . = ALIGN (0x8)
 *fill*         0x000000002000208c        0x4 
                [!provide]                        PROVIDE (end = .)
                0x0000000020002090                PROVIDE (_end = .)
                0x0000000020002290                . = (. + _Min_Heap_Size)
 *fill*         0x0000000020002090      0x200 
                0x0000000020002690                . = (. + _Min_Stack_Size)
 *fill*         0x0000000020002290      0x400 
                0x0000000020002690                . = ALIGN (0x8)

/DISCARD/
 libc.a(*)
 libm.a(*)
 libgcc.a(*)

.ARM.attributes
                0x0000000000000000       0x30
 *(.ARM.attributes)
 .ARM.attributes
                0x0000000000000000       0x1e c:/st/stm32cubeide_1.7.0/stm32cubeide/plugins/com.st.stm32cube.ide.mcu.externaltools.gnu-tools-for-stm32.9-2020-q2-update.win32_2.0.0.202105311346/tools/bin/../lib/gcc/arm-none-eabi/9.3.1/thumb/v7e-m+fp/hard/crti.o
 .ARM.attributes
                0x000000000000001e       0x34 c:/st/stm32cubeide_1.7.0/stm32cubeide/plugins/com.st.stm32cube.ide.mcu.externaltools.gnu-tools-for-stm32.9-2020-q2-update.win32_2.0.0.202105311346/tools/bin/../lib/gcc/arm-none-eabi/9.3.1/thumb/v7e-m+fp/hard/crtbegin.o
 .ARM.attributes
                0x0000000000000052       0x34 ./Core/Src/autosequence.o
 .ARM.attributes
                0x0000000000000086       0x34 ./Core/Src/calibrations.o
 .ARM.attributes
                0x00000000000000ba       0x39 ./Core/Src/globals.o
 .ARM.attributes
                0x00000000000000f3       0x34 ./Core/Src/main.o
 .ARM.attributes
                0x0000000000000127       0x34 ./Core/Src/nonvolatile_memory.o
 .ARM.attributes
                0x000000000000015b       0x34 ./Core/Src/serial_data.o
 .ARM.attributes
                0x000000000000018f       0x34 ./Core/Src/stm32f4xx_hal_msp.o
 .ARM.attributes
                0x00000000000001c3       0x34 ./Core/Src/stm32f4xx_it.o
 .ARM.attributes
                0x00000000000001f7       0x34 ./Core/Src/system_stm32f4xx.o
 .ARM.attributes
                0x000000000000022b       0x21 ./Core/Startup/startup_stm32f446vetx.o
 .ARM.attributes
                0x000000000000024c       0x34 ./Core/firmware-libraries/L6470/src/L6470.o
 .ARM.attributes
                0x0000000000000280       0x34 ./Core/firmware-libraries/SerialComms/src/comms.o
 .ARM.attributes
                0x00000000000002b4       0x34 ./Core/firmware-libraries/W25N01GV/src/W25N01GV.o
 .ARM.attributes
                0x00000000000002e8       0x34 ./Drivers/STM32F4xx_HAL_Driver/Src/stm32f4xx_hal.o
 .ARM.attributes
                0x000000000000031c       0x34 ./Drivers/STM32F4xx_HAL_Driver/Src/stm32f4xx_hal_cortex.o
 .ARM.attributes
                0x0000000000000350       0x34 ./Drivers/STM32F4xx_HAL_Driver/Src/stm32f4xx_hal_dma.o
 .ARM.attributes
                0x0000000000000384       0x34 ./Drivers/STM32F4xx_HAL_Driver/Src/stm32f4xx_hal_gpio.o
 .ARM.attributes
                0x00000000000003b8       0x34 ./Drivers/STM32F4xx_HAL_Driver/Src/stm32f4xx_hal_rcc.o
 .ARM.attributes
                0x00000000000003ec       0x34 ./Drivers/STM32F4xx_HAL_Driver/Src/stm32f4xx_hal_rcc_ex.o
 .ARM.attributes
                0x0000000000000420       0x34 ./Drivers/STM32F4xx_HAL_Driver/Src/stm32f4xx_hal_spi.o
 .ARM.attributes
                0x0000000000000454       0x34 ./Drivers/STM32F4xx_HAL_Driver/Src/stm32f4xx_hal_tim.o
 .ARM.attributes
                0x0000000000000488       0x34 ./Drivers/STM32F4xx_HAL_Driver/Src/stm32f4xx_hal_tim_ex.o
 .ARM.attributes
                0x00000000000004bc       0x34 ./Drivers/STM32F4xx_HAL_Driver/Src/stm32f4xx_hal_uart.o
 .ARM.attributes
                0x00000000000004f0       0x34 c:/st/stm32cubeide_1.7.0/stm32cubeide/plugins/com.st.stm32cube.ide.mcu.externaltools.gnu-tools-for-stm32.9-2020-q2-update.win32_2.0.0.202105311346/tools/bin/../lib/gcc/arm-none-eabi/9.3.1/../../../../arm-none-eabi/lib/thumb/v7e-m+fp/hard\libc_nano.a(lib_a-init.o)
 .ARM.attributes
                0x0000000000000524       0x34 c:/st/stm32cubeide_1.7.0/stm32cubeide/plugins/com.st.stm32cube.ide.mcu.externaltools.gnu-tools-for-stm32.9-2020-q2-update.win32_2.0.0.202105311346/tools/bin/../lib/gcc/arm-none-eabi/9.3.1/../../../../arm-none-eabi/lib/thumb/v7e-m+fp/hard\libc_nano.a(lib_a-memset.o)
 .ARM.attributes
                0x0000000000000558       0x1e c:/st/stm32cubeide_1.7.0/stm32cubeide/plugins/com.st.stm32cube.ide.mcu.externaltools.gnu-tools-for-stm32.9-2020-q2-update.win32_2.0.0.202105311346/tools/bin/../lib/gcc/arm-none-eabi/9.3.1/thumb/v7e-m+fp/hard\libgcc.a(_arm_addsubdf3.o)
 .ARM.attributes
                0x0000000000000576       0x1e c:/st/stm32cubeide_1.7.0/stm32cubeide/plugins/com.st.stm32cube.ide.mcu.externaltools.gnu-tools-for-stm32.9-2020-q2-update.win32_2.0.0.202105311346/tools/bin/../lib/gcc/arm-none-eabi/9.3.1/thumb/v7e-m+fp/hard\libgcc.a(_arm_muldivdf3.o)
 .ARM.attributes
                0x0000000000000594       0x1e c:/st/stm32cubeide_1.7.0/stm32cubeide/plugins/com.st.stm32cube.ide.mcu.externaltools.gnu-tools-for-stm32.9-2020-q2-update.win32_2.0.0.202105311346/tools/bin/../lib/gcc/arm-none-eabi/9.3.1/thumb/v7e-m+fp/hard\libgcc.a(_arm_fixunsdfsi.o)
 .ARM.attributes
                0x00000000000005b2       0x1e c:/st/stm32cubeide_1.7.0/stm32cubeide/plugins/com.st.stm32cube.ide.mcu.externaltools.gnu-tools-for-stm32.9-2020-q2-update.win32_2.0.0.202105311346/tools/bin/../lib/gcc/arm-none-eabi/9.3.1/thumb/v7e-m+fp/hard\libgcc.a(_aeabi_uldivmod.o)
 .ARM.attributes
                0x00000000000005d0       0x34 c:/st/stm32cubeide_1.7.0/stm32cubeide/plugins/com.st.stm32cube.ide.mcu.externaltools.gnu-tools-for-stm32.9-2020-q2-update.win32_2.0.0.202105311346/tools/bin/../lib/gcc/arm-none-eabi/9.3.1/thumb/v7e-m+fp/hard\libgcc.a(_udivmoddi4.o)
 .ARM.attributes
                0x0000000000000604       0x1e c:/st/stm32cubeide_1.7.0/stm32cubeide/plugins/com.st.stm32cube.ide.mcu.externaltools.gnu-tools-for-stm32.9-2020-q2-update.win32_2.0.0.202105311346/tools/bin/../lib/gcc/arm-none-eabi/9.3.1/thumb/v7e-m+fp/hard\libgcc.a(_dvmd_tls.o)
 .ARM.attributes
                0x0000000000000622       0x1e c:/st/stm32cubeide_1.7.0/stm32cubeide/plugins/com.st.stm32cube.ide.mcu.externaltools.gnu-tools-for-stm32.9-2020-q2-update.win32_2.0.0.202105311346/tools/bin/../lib/gcc/arm-none-eabi/9.3.1/thumb/v7e-m+fp/hard/crtn.o
OUTPUT(tsm-flight-ec-firmware.elf elf32-littlearm)
LOAD linker stubs
LOAD c:/st/stm32cubeide_1.7.0/stm32cubeide/plugins/com.st.stm32cube.ide.mcu.externaltools.gnu-tools-for-stm32.9-2020-q2-update.win32_2.0.0.202105311346/tools/bin/../lib/gcc/arm-none-eabi/9.3.1/../../../../arm-none-eabi/lib/thumb/v7e-m+fp/hard\libc.a
LOAD c:/st/stm32cubeide_1.7.0/stm32cubeide/plugins/com.st.stm32cube.ide.mcu.externaltools.gnu-tools-for-stm32.9-2020-q2-update.win32_2.0.0.202105311346/tools/bin/../lib/gcc/arm-none-eabi/9.3.1/../../../../arm-none-eabi/lib/thumb/v7e-m+fp/hard\libm.a
LOAD c:/st/stm32cubeide_1.7.0/stm32cubeide/plugins/com.st.stm32cube.ide.mcu.externaltools.gnu-tools-for-stm32.9-2020-q2-update.win32_2.0.0.202105311346/tools/bin/../lib/gcc/arm-none-eabi/9.3.1/thumb/v7e-m+fp/hard\libgcc.a

.debug_info     0x0000000000000000    0x1a77d
 .debug_info    0x0000000000000000     0x1474 ./Core/Src/autosequence.o
 .debug_info    0x0000000000001474      0xd97 ./Core/Src/calibrations.o
 .debug_info    0x000000000000220b      0x391 ./Core/Src/globals.o
 .debug_info    0x000000000000259c     0x291f ./Core/Src/main.o
 .debug_info    0x0000000000004ebb     0x15be ./Core/Src/nonvolatile_memory.o
 .debug_info    0x0000000000006479     0x23da ./Core/Src/serial_data.o
 .debug_info    0x0000000000008853     0x1453 ./Core/Src/stm32f4xx_hal_msp.o
 .debug_info    0x0000000000009ca6      0xaab ./Core/Src/stm32f4xx_it.o
 .debug_info    0x000000000000a751      0x5dc ./Core/Src/system_stm32f4xx.o
 .debug_info    0x000000000000ad2d       0x22 ./Core/Startup/startup_stm32f446vetx.o
 .debug_info    0x000000000000ad4f      0xfe2 ./Core/firmware-libraries/L6470/src/L6470.o
 .debug_info    0x000000000000bd31     0x2489 ./Core/firmware-libraries/SerialComms/src/comms.o
 .debug_info    0x000000000000e1ba     0x180b ./Core/firmware-libraries/W25N01GV/src/W25N01GV.o
 .debug_info    0x000000000000f9c5      0xa08 ./Drivers/STM32F4xx_HAL_Driver/Src/stm32f4xx_hal.o
 .debug_info    0x00000000000103cd      0xef5 ./Drivers/STM32F4xx_HAL_Driver/Src/stm32f4xx_hal_cortex.o
 .debug_info    0x00000000000112c2      0x9f1 ./Drivers/STM32F4xx_HAL_Driver/Src/stm32f4xx_hal_dma.o
 .debug_info    0x0000000000011cb3      0x892 ./Drivers/STM32F4xx_HAL_Driver/Src/stm32f4xx_hal_gpio.o
 .debug_info    0x0000000000012545      0x9db ./Drivers/STM32F4xx_HAL_Driver/Src/stm32f4xx_hal_rcc.o
 .debug_info    0x0000000000012f20      0xa86 ./Drivers/STM32F4xx_HAL_Driver/Src/stm32f4xx_hal_rcc_ex.o
 .debug_info    0x00000000000139a6     0x17c0 ./Drivers/STM32F4xx_HAL_Driver/Src/stm32f4xx_hal_spi.o
 .debug_info    0x0000000000015166     0x2a90 ./Drivers/STM32F4xx_HAL_Driver/Src/stm32f4xx_hal_tim.o
 .debug_info    0x0000000000017bf6     0x1522 ./Drivers/STM32F4xx_HAL_Driver/Src/stm32f4xx_hal_tim_ex.o
 .debug_info    0x0000000000019118     0x1665 ./Drivers/STM32F4xx_HAL_Driver/Src/stm32f4xx_hal_uart.o

.debug_abbrev   0x0000000000000000     0x32df
 .debug_abbrev  0x0000000000000000      0x266 ./Core/Src/autosequence.o
 .debug_abbrev  0x0000000000000266      0x1ad ./Core/Src/calibrations.o
 .debug_abbrev  0x0000000000000413       0xa4 ./Core/Src/globals.o
 .debug_abbrev  0x00000000000004b7      0x38c ./Core/Src/main.o
 .debug_abbrev  0x0000000000000843      0x223 ./Core/Src/nonvolatile_memory.o
 .debug_abbrev  0x0000000000000a66      0x2e3 ./Core/Src/serial_data.o
 .debug_abbrev  0x0000000000000d49      0x206 ./Core/Src/stm32f4xx_hal_msp.o
 .debug_abbrev  0x0000000000000f4f      0x176 ./Core/Src/stm32f4xx_it.o
 .debug_abbrev  0x00000000000010c5      0x145 ./Core/Src/system_stm32f4xx.o
 .debug_abbrev  0x000000000000120a       0x12 ./Core/Startup/startup_stm32f446vetx.o
 .debug_abbrev  0x000000000000121c      0x294 ./Core/firmware-libraries/L6470/src/L6470.o
 .debug_abbrev  0x00000000000014b0      0x3a1 ./Core/firmware-libraries/SerialComms/src/comms.o
 .debug_abbrev  0x0000000000001851      0x307 ./Core/firmware-libraries/W25N01GV/src/W25N01GV.o
 .debug_abbrev  0x0000000000001b58      0x1ed ./Drivers/STM32F4xx_HAL_Driver/Src/stm32f4xx_hal.o
 .debug_abbrev  0x0000000000001d45      0x33c ./Drivers/STM32F4xx_HAL_Driver/Src/stm32f4xx_hal_cortex.o
 .debug_abbrev  0x0000000000002081      0x259 ./Drivers/STM32F4xx_HAL_Driver/Src/stm32f4xx_hal_dma.o
 .debug_abbrev  0x00000000000022da      0x1f1 ./Drivers/STM32F4xx_HAL_Driver/Src/stm32f4xx_hal_gpio.o
 .debug_abbrev  0x00000000000024cb      0x275 ./Drivers/STM32F4xx_HAL_Driver/Src/stm32f4xx_hal_rcc.o
 .debug_abbrev  0x0000000000002740      0x1e2 ./Drivers/STM32F4xx_HAL_Driver/Src/stm32f4xx_hal_rcc_ex.o
 .debug_abbrev  0x0000000000002922      0x26e ./Drivers/STM32F4xx_HAL_Driver/Src/stm32f4xx_hal_spi.o
 .debug_abbrev  0x0000000000002b90      0x25e ./Drivers/STM32F4xx_HAL_Driver/Src/stm32f4xx_hal_tim.o
 .debug_abbrev  0x0000000000002dee      0x266 ./Drivers/STM32F4xx_HAL_Driver/Src/stm32f4xx_hal_tim_ex.o
 .debug_abbrev  0x0000000000003054      0x28b ./Drivers/STM32F4xx_HAL_Driver/Src/stm32f4xx_hal_uart.o

.debug_aranges  0x0000000000000000     0x1268
 .debug_aranges
                0x0000000000000000       0x58 ./Core/Src/autosequence.o
 .debug_aranges
                0x0000000000000058       0x28 ./Core/Src/calibrations.o
 .debug_aranges
                0x0000000000000080       0x18 ./Core/Src/globals.o
 .debug_aranges
                0x0000000000000098       0x98 ./Core/Src/main.o
 .debug_aranges
                0x0000000000000130       0x28 ./Core/Src/nonvolatile_memory.o
 .debug_aranges
                0x0000000000000158       0x58 ./Core/Src/serial_data.o
 .debug_aranges
                0x00000000000001b0       0x50 ./Core/Src/stm32f4xx_hal_msp.o
 .debug_aranges
                0x0000000000000200       0x80 ./Core/Src/stm32f4xx_it.o
 .debug_aranges
                0x0000000000000280       0x28 ./Core/Src/system_stm32f4xx.o
 .debug_aranges
                0x00000000000002a8       0x28 ./Core/Startup/startup_stm32f446vetx.o
 .debug_aranges
                0x00000000000002d0       0xa8 ./Core/firmware-libraries/L6470/src/L6470.o
 .debug_aranges
                0x0000000000000378       0x98 ./Core/firmware-libraries/SerialComms/src/comms.o
 .debug_aranges
                0x0000000000000410      0x160 ./Core/firmware-libraries/W25N01GV/src/W25N01GV.o
 .debug_aranges
                0x0000000000000570       0xf0 ./Drivers/STM32F4xx_HAL_Driver/Src/stm32f4xx_hal.o
 .debug_aranges
                0x0000000000000660      0x118 ./Drivers/STM32F4xx_HAL_Driver/Src/stm32f4xx_hal_cortex.o
 .debug_aranges
                0x0000000000000778       0x90 ./Drivers/STM32F4xx_HAL_Driver/Src/stm32f4xx_hal_dma.o
 .debug_aranges
                0x0000000000000808       0x58 ./Drivers/STM32F4xx_HAL_Driver/Src/stm32f4xx_hal_gpio.o
 .debug_aranges
                0x0000000000000860       0x88 ./Drivers/STM32F4xx_HAL_Driver/Src/stm32f4xx_hal_rcc.o
 .debug_aranges
                0x00000000000008e8       0x78 ./Drivers/STM32F4xx_HAL_Driver/Src/stm32f4xx_hal_rcc_ex.o
 .debug_aranges
                0x0000000000000960      0x1d0 ./Drivers/STM32F4xx_HAL_Driver/Src/stm32f4xx_hal_spi.o
 .debug_aranges
                0x0000000000000b30      0x3d0 ./Drivers/STM32F4xx_HAL_Driver/Src/stm32f4xx_hal_tim.o
 .debug_aranges
                0x0000000000000f00      0x168 ./Drivers/STM32F4xx_HAL_Driver/Src/stm32f4xx_hal_tim_ex.o
 .debug_aranges
                0x0000000000001068      0x200 ./Drivers/STM32F4xx_HAL_Driver/Src/stm32f4xx_hal_uart.o

.debug_ranges   0x0000000000000000     0x1140
 .debug_ranges  0x0000000000000000       0x60 ./Core/Src/autosequence.o
 .debug_ranges  0x0000000000000060       0x18 ./Core/Src/calibrations.o
 .debug_ranges  0x0000000000000078       0x88 ./Core/Src/main.o
 .debug_ranges  0x0000000000000100       0x18 ./Core/Src/nonvolatile_memory.o
 .debug_ranges  0x0000000000000118       0x48 ./Core/Src/serial_data.o
 .debug_ranges  0x0000000000000160       0x40 ./Core/Src/stm32f4xx_hal_msp.o
 .debug_ranges  0x00000000000001a0       0x70 ./Core/Src/stm32f4xx_it.o
 .debug_ranges  0x0000000000000210       0x18 ./Core/Src/system_stm32f4xx.o
 .debug_ranges  0x0000000000000228       0x20 ./Core/Startup/startup_stm32f446vetx.o
 .debug_ranges  0x0000000000000248       0x98 ./Core/firmware-libraries/L6470/src/L6470.o
 .debug_ranges  0x00000000000002e0       0x88 ./Core/firmware-libraries/SerialComms/src/comms.o
 .debug_ranges  0x0000000000000368      0x150 ./Core/firmware-libraries/W25N01GV/src/W25N01GV.o
 .debug_ranges  0x00000000000004b8       0xe0 ./Drivers/STM32F4xx_HAL_Driver/Src/stm32f4xx_hal.o
 .debug_ranges  0x0000000000000598      0x108 ./Drivers/STM32F4xx_HAL_Driver/Src/stm32f4xx_hal_cortex.o
 .debug_ranges  0x00000000000006a0       0x80 ./Drivers/STM32F4xx_HAL_Driver/Src/stm32f4xx_hal_dma.o
 .debug_ranges  0x0000000000000720       0x48 ./Drivers/STM32F4xx_HAL_Driver/Src/stm32f4xx_hal_gpio.o
 .debug_ranges  0x0000000000000768       0x78 ./Drivers/STM32F4xx_HAL_Driver/Src/stm32f4xx_hal_rcc.o
 .debug_ranges  0x00000000000007e0       0x68 ./Drivers/STM32F4xx_HAL_Driver/Src/stm32f4xx_hal_rcc_ex.o
 .debug_ranges  0x0000000000000848      0x1c0 ./Drivers/STM32F4xx_HAL_Driver/Src/stm32f4xx_hal_spi.o
 .debug_ranges  0x0000000000000a08      0x3c0 ./Drivers/STM32F4xx_HAL_Driver/Src/stm32f4xx_hal_tim.o
 .debug_ranges  0x0000000000000dc8      0x158 ./Drivers/STM32F4xx_HAL_Driver/Src/stm32f4xx_hal_tim_ex.o
 .debug_ranges  0x0000000000000f20      0x220 ./Drivers/STM32F4xx_HAL_Driver/Src/stm32f4xx_hal_uart.o

.debug_macro    0x0000000000000000    0x24a47
 .debug_macro   0x0000000000000000      0x249 ./Core/Src/autosequence.o
 .debug_macro   0x0000000000000249      0xaa8 ./Core/Src/autosequence.o
 .debug_macro   0x0000000000000cf1       0x22 ./Core/Src/autosequence.o
 .debug_macro   0x0000000000000d13       0x8e ./Core/Src/autosequence.o
 .debug_macro   0x0000000000000da1       0x51 ./Core/Src/autosequence.o
 .debug_macro   0x0000000000000df2      0x103 ./Core/Src/autosequence.o
 .debug_macro   0x0000000000000ef5       0x6a ./Core/Src/autosequence.o
 .debug_macro   0x0000000000000f5f      0x1df ./Core/Src/autosequence.o
 .debug_macro   0x000000000000113e       0x2e ./Core/Src/autosequence.o
 .debug_macro   0x000000000000116c       0x28 ./Core/Src/autosequence.o
 .debug_macro   0x0000000000001194       0x1c ./Core/Src/autosequence.o
 .debug_macro   0x00000000000011b0       0x22 ./Core/Src/autosequence.o
 .debug_macro   0x00000000000011d2       0xdf ./Core/Src/autosequence.o
 .debug_macro   0x00000000000012b1     0x102d ./Core/Src/autosequence.o
 .debug_macro   0x00000000000022de      0x11f ./Core/Src/autosequence.o
 .debug_macro   0x00000000000023fd    0x1672d ./Core/Src/autosequence.o
 .debug_macro   0x0000000000018b2a       0x43 ./Core/Src/autosequence.o
 .debug_macro   0x0000000000018b6d      0x2a1 ./Core/Src/autosequence.o
 .debug_macro   0x0000000000018e0e     0x3659 ./Core/Src/autosequence.o
 .debug_macro   0x000000000001c467      0x174 ./Core/Src/autosequence.o
 .debug_macro   0x000000000001c5db       0x5c ./Core/Src/autosequence.o
 .debug_macro   0x000000000001c637      0xc90 ./Core/Src/autosequence.o
 .debug_macro   0x000000000001d2c7      0x9fe ./Core/Src/autosequence.o
 .debug_macro   0x000000000001dcc5      0x117 ./Core/Src/autosequence.o
 .debug_macro   0x000000000001dddc      0x1a0 ./Core/Src/autosequence.o
 .debug_macro   0x000000000001df7c       0x82 ./Core/Src/autosequence.o
 .debug_macro   0x000000000001dffe      0x16d ./Core/Src/autosequence.o
 .debug_macro   0x000000000001e16b      0x287 ./Core/Src/autosequence.o
 .debug_macro   0x000000000001e3f2       0x5f ./Core/Src/autosequence.o
 .debug_macro   0x000000000001e451      0x236 ./Core/Src/autosequence.o
 .debug_macro   0x000000000001e687      0x132 ./Core/Src/autosequence.o
 .debug_macro   0x000000000001e7b9      0x29c ./Core/Src/autosequence.o
 .debug_macro   0x000000000001ea55       0x2e ./Core/Src/autosequence.o
 .debug_macro   0x000000000001ea83      0x11a ./Core/Src/autosequence.o
 .debug_macro   0x000000000001eb9d       0xe8 ./Core/Src/autosequence.o
 .debug_macro   0x000000000001ec85       0x89 ./Core/Src/autosequence.o
 .debug_macro   0x000000000001ed0e      0x225 ./Core/Src/autosequence.o
 .debug_macro   0x000000000001ef33      0x8d1 ./Core/Src/autosequence.o
 .debug_macro   0x000000000001f804       0x4d ./Core/Src/autosequence.o
 .debug_macro   0x000000000001f851      0x295 ./Core/Src/autosequence.o
 .debug_macro   0x000000000001fae6      0x126 ./Core/Src/autosequence.o
 .debug_macro   0x000000000001fc0c      0x1cd ./Core/Src/autosequence.o
 .debug_macro   0x000000000001fdd9      0x1be ./Core/Src/autosequence.o
 .debug_macro   0x000000000001ff97       0xa0 ./Core/Src/autosequence.o
 .debug_macro   0x0000000000020037       0x10 ./Core/Src/autosequence.o
 .debug_macro   0x0000000000020047       0x76 ./Core/Src/autosequence.o
 .debug_macro   0x00000000000200bd      0x282 ./Core/Src/calibrations.o
 .debug_macro   0x000000000002033f       0x6d ./Core/Src/globals.o
 .debug_macro   0x00000000000203ac      0x386 ./Core/Src/main.o
 .debug_macro   0x0000000000020732      0x1c7 ./Core/Src/main.o
 .debug_macro   0x00000000000208f9       0x1c ./Core/Src/main.o
 .debug_macro   0x0000000000020915       0x52 ./Core/Src/main.o
 .debug_macro   0x0000000000020967       0x18 ./Core/Src/main.o
 .debug_macro   0x000000000002097f       0x3c ./Core/Src/main.o
 .debug_macro   0x00000000000209bb       0x34 ./Core/Src/main.o
 .debug_macro   0x00000000000209ef       0x16 ./Core/Src/main.o
 .debug_macro   0x0000000000020a05       0x43 ./Core/Src/main.o
 .debug_macro   0x0000000000020a48       0x34 ./Core/Src/main.o
 .debug_macro   0x0000000000020a7c       0x10 ./Core/Src/main.o
 .debug_macro   0x0000000000020a8c       0x58 ./Core/Src/main.o
 .debug_macro   0x0000000000020ae4       0x71 ./Core/Src/main.o
 .debug_macro   0x0000000000020b55       0x1c ./Core/Src/main.o
 .debug_macro   0x0000000000020b71      0x12a ./Core/Src/main.o
 .debug_macro   0x0000000000020c9b      0x333 ./Core/Src/main.o
 .debug_macro   0x0000000000020fce      0x1a9 ./Core/Src/main.o
 .debug_macro   0x0000000000021177       0x16 ./Core/Src/main.o
 .debug_macro   0x000000000002118d      0x631 ./Core/Src/main.o
 .debug_macro   0x00000000000217be      0x333 ./Core/Src/main.o
 .debug_macro   0x0000000000021af1       0x16 ./Core/Src/main.o
 .debug_macro   0x0000000000021b07       0x16 ./Core/Src/main.o
 .debug_macro   0x0000000000021b1d       0x16 ./Core/Src/main.o
 .debug_macro   0x0000000000021b33       0x35 ./Core/Src/main.o
 .debug_macro   0x0000000000021b68       0x20 ./Core/Src/main.o
 .debug_macro   0x0000000000021b88      0x32a ./Core/Src/nonvolatile_memory.o
 .debug_macro   0x0000000000021eb2      0x35c ./Core/Src/serial_data.o
 .debug_macro   0x000000000002220e       0x4c ./Core/Src/serial_data.o
 .debug_macro   0x000000000002225a       0x94 ./Core/Src/serial_data.o
 .debug_macro   0x00000000000222ee       0x57 ./Core/Src/serial_data.o
 .debug_macro   0x0000000000022345      0x339 ./Core/Src/serial_data.o
 .debug_macro   0x000000000002267e       0x10 ./Core/Src/serial_data.o
 .debug_macro   0x000000000002268e       0xd9 ./Core/Src/serial_data.o
 .debug_macro   0x0000000000022767       0x56 ./Core/Src/serial_data.o
 .debug_macro   0x00000000000227bd       0x16 ./Core/Src/serial_data.o
 .debug_macro   0x00000000000227d3      0x1e7 ./Core/Src/stm32f4xx_hal_msp.o
 .debug_macro   0x00000000000229ba      0x1f1 ./Core/Src/stm32f4xx_it.o
 .debug_macro   0x0000000000022bab      0x1de ./Core/Src/system_stm32f4xx.o
 .debug_macro   0x0000000000022d89      0x2ce ./Core/firmware-libraries/L6470/src/L6470.o
 .debug_macro   0x0000000000023057       0x9a ./Core/firmware-libraries/L6470/src/L6470.o
 .debug_macro   0x00000000000230f1       0x22 ./Core/firmware-libraries/L6470/src/L6470.o
 .debug_macro   0x0000000000023113      0x30a ./Core/firmware-libraries/SerialComms/src/comms.o
 .debug_macro   0x000000000002341d      0x319 ./Core/firmware-libraries/W25N01GV/src/W25N01GV.o
 .debug_macro   0x0000000000023736      0x238 ./Drivers/STM32F4xx_HAL_Driver/Src/stm32f4xx_hal.o
 .debug_macro   0x000000000002396e      0x1d8 ./Drivers/STM32F4xx_HAL_Driver/Src/stm32f4xx_hal_cortex.o
 .debug_macro   0x0000000000023b46      0x1de ./Drivers/STM32F4xx_HAL_Driver/Src/stm32f4xx_hal_dma.o
 .debug_macro   0x0000000000023d24      0x1de ./Drivers/STM32F4xx_HAL_Driver/Src/stm32f4xx_hal_gpio.o
 .debug_macro   0x0000000000023f02      0x1fc ./Drivers/STM32F4xx_HAL_Driver/Src/stm32f4xx_hal_rcc.o
 .debug_macro   0x00000000000240fe      0x1d8 ./Drivers/STM32F4xx_HAL_Driver/Src/stm32f4xx_hal_rcc_ex.o
 .debug_macro   0x00000000000242d6      0x1e7 ./Drivers/STM32F4xx_HAL_Driver/Src/stm32f4xx_hal_spi.o
 .debug_macro   0x00000000000244bd      0x1d9 ./Drivers/STM32F4xx_HAL_Driver/Src/stm32f4xx_hal_tim.o
 .debug_macro   0x0000000000024696      0x1d8 ./Drivers/STM32F4xx_HAL_Driver/Src/stm32f4xx_hal_tim_ex.o
 .debug_macro   0x000000000002486e      0x1d9 ./Drivers/STM32F4xx_HAL_Driver/Src/stm32f4xx_hal_uart.o

.debug_line     0x0000000000000000    0x15a77
 .debug_line    0x0000000000000000      0xa78 ./Core/Src/autosequence.o
 .debug_line    0x0000000000000a78      0x73a ./Core/Src/calibrations.o
 .debug_line    0x00000000000011b2      0x38e ./Core/Src/globals.o
 .debug_line    0x0000000000001540      0xdfb ./Core/Src/main.o
 .debug_line    0x000000000000233b     0x10c0 ./Core/Src/nonvolatile_memory.o
 .debug_line    0x00000000000033fb      0xbaf ./Core/Src/serial_data.o
 .debug_line    0x0000000000003faa      0x8b5 ./Core/Src/stm32f4xx_hal_msp.o
 .debug_line    0x000000000000485f      0x800 ./Core/Src/stm32f4xx_it.o
 .debug_line    0x000000000000505f      0x765 ./Core/Src/system_stm32f4xx.o
 .debug_line    0x00000000000057c4       0x85 ./Core/Startup/startup_stm32f446vetx.o
 .debug_line    0x0000000000005849      0xc1e ./Core/firmware-libraries/L6470/src/L6470.o
 .debug_line    0x0000000000006467      0xdb5 ./Core/firmware-libraries/SerialComms/src/comms.o
 .debug_line    0x000000000000721c     0x1056 ./Core/firmware-libraries/W25N01GV/src/W25N01GV.o
 .debug_line    0x0000000000008272      0x9c5 ./Drivers/STM32F4xx_HAL_Driver/Src/stm32f4xx_hal.o
 .debug_line    0x0000000000008c37      0xc74 ./Drivers/STM32F4xx_HAL_Driver/Src/stm32f4xx_hal_cortex.o
 .debug_line    0x00000000000098ab      0xf2e ./Drivers/STM32F4xx_HAL_Driver/Src/stm32f4xx_hal_dma.o
 .debug_line    0x000000000000a7d9      0xb29 ./Drivers/STM32F4xx_HAL_Driver/Src/stm32f4xx_hal_gpio.o
 .debug_line    0x000000000000b302      0xd4b ./Drivers/STM32F4xx_HAL_Driver/Src/stm32f4xx_hal_rcc.o
 .debug_line    0x000000000000c04d     0x13cf ./Drivers/STM32F4xx_HAL_Driver/Src/stm32f4xx_hal_rcc_ex.o
 .debug_line    0x000000000000d41c     0x1c4d ./Drivers/STM32F4xx_HAL_Driver/Src/stm32f4xx_hal_spi.o
 .debug_line    0x000000000000f069     0x35f1 ./Drivers/STM32F4xx_HAL_Driver/Src/stm32f4xx_hal_tim.o
 .debug_line    0x000000000001265a     0x1992 ./Drivers/STM32F4xx_HAL_Driver/Src/stm32f4xx_hal_tim_ex.o
 .debug_line    0x0000000000013fec     0x1a8b ./Drivers/STM32F4xx_HAL_Driver/Src/stm32f4xx_hal_uart.o

.debug_str      0x0000000000000000    0xdba5e
 .debug_str     0x0000000000000000    0xcc04a ./Core/Src/autosequence.o
                                      0xcc449 (size before relaxing)
 .debug_str     0x00000000000cc04a      0x397 ./Core/Src/calibrations.o
                                      0xcb838 (size before relaxing)
 .debug_str     0x00000000000cc3e1       0x16 ./Core/Src/globals.o
                                       0x3e71 (size before relaxing)
 .debug_str     0x00000000000cc3f7     0x9768 ./Core/Src/main.o
                                      0xd597a (size before relaxing)
 .debug_str     0x00000000000d5b5f      0xac6 ./Core/Src/nonvolatile_memory.o
                                      0xccd7b (size before relaxing)
 .debug_str     0x00000000000d6625      0x1cb ./Core/Src/serial_data.o
                                      0xd5621 (size before relaxing)
 .debug_str     0x00000000000d67f0      0x5aa ./Core/Src/stm32f4xx_hal_msp.o
                                      0xcb58c (size before relaxing)
 .debug_str     0x00000000000d6d9a      0x11f ./Core/Src/stm32f4xx_it.o
                                      0xcadcb (size before relaxing)
 .debug_str     0x00000000000d6eb9       0xc4 ./Core/Src/system_stm32f4xx.o
                                      0xca064 (size before relaxing)
 .debug_str     0x00000000000d6f7d       0x36 ./Core/Startup/startup_stm32f446vetx.o
                                         0x81 (size before relaxing)
 .debug_str     0x00000000000d6fb3      0x8de ./Core/firmware-libraries/L6470/src/L6470.o
                                      0xcb2c2 (size before relaxing)
 .debug_str     0x00000000000d7891      0x273 ./Core/firmware-libraries/SerialComms/src/comms.o
                                      0xd5414 (size before relaxing)
 .debug_str     0x00000000000d7b04      0xe88 ./Core/firmware-libraries/W25N01GV/src/W25N01GV.o
                                      0xcb474 (size before relaxing)
 .debug_str     0x00000000000d898c      0x571 ./Drivers/STM32F4xx_HAL_Driver/Src/stm32f4xx_hal.o
                                      0xcab72 (size before relaxing)
 .debug_str     0x00000000000d8efd      0x390 ./Drivers/STM32F4xx_HAL_Driver/Src/stm32f4xx_hal_cortex.o
                                      0xca93c (size before relaxing)
 .debug_str     0x00000000000d928d      0x315 ./Drivers/STM32F4xx_HAL_Driver/Src/stm32f4xx_hal_dma.o
                                      0xca454 (size before relaxing)
 .debug_str     0x00000000000d95a2      0x15a ./Drivers/STM32F4xx_HAL_Driver/Src/stm32f4xx_hal_gpio.o
                                      0xca1f6 (size before relaxing)
 .debug_str     0x00000000000d96fc      0x259 ./Drivers/STM32F4xx_HAL_Driver/Src/stm32f4xx_hal_rcc.o
                                      0xca456 (size before relaxing)
 .debug_str     0x00000000000d9955      0x324 ./Drivers/STM32F4xx_HAL_Driver/Src/stm32f4xx_hal_rcc_ex.o
                                      0xca4b3 (size before relaxing)
 .debug_str     0x00000000000d9c79      0x574 ./Drivers/STM32F4xx_HAL_Driver/Src/stm32f4xx_hal_spi.o
                                      0xca8ce (size before relaxing)
 .debug_str     0x00000000000da1ed      0xdbd ./Drivers/STM32F4xx_HAL_Driver/Src/stm32f4xx_hal_tim.o
                                      0xcb352 (size before relaxing)
 .debug_str     0x00000000000dafaa      0x4ee ./Drivers/STM32F4xx_HAL_Driver/Src/stm32f4xx_hal_tim_ex.o
                                      0xcab03 (size before relaxing)
 .debug_str     0x00000000000db498      0x5c6 ./Drivers/STM32F4xx_HAL_Driver/Src/stm32f4xx_hal_uart.o
                                      0xca98e (size before relaxing)

.comment        0x0000000000000000       0x53
 .comment       0x0000000000000000       0x53 ./Core/Src/autosequence.o
                                         0x54 (size before relaxing)
 .comment       0x0000000000000053       0x54 ./Core/Src/calibrations.o
 .comment       0x0000000000000053       0x54 ./Core/Src/globals.o
 .comment       0x0000000000000053       0x54 ./Core/Src/main.o
 .comment       0x0000000000000053       0x54 ./Core/Src/nonvolatile_memory.o
 .comment       0x0000000000000053       0x54 ./Core/Src/serial_data.o
 .comment       0x0000000000000053       0x54 ./Core/Src/stm32f4xx_hal_msp.o
 .comment       0x0000000000000053       0x54 ./Core/Src/stm32f4xx_it.o
 .comment       0x0000000000000053       0x54 ./Core/Src/system_stm32f4xx.o
 .comment       0x0000000000000053       0x54 ./Core/firmware-libraries/L6470/src/L6470.o
 .comment       0x0000000000000053       0x54 ./Core/firmware-libraries/SerialComms/src/comms.o
 .comment       0x0000000000000053       0x54 ./Core/firmware-libraries/W25N01GV/src/W25N01GV.o
 .comment       0x0000000000000053       0x54 ./Drivers/STM32F4xx_HAL_Driver/Src/stm32f4xx_hal.o
 .comment       0x0000000000000053       0x54 ./Drivers/STM32F4xx_HAL_Driver/Src/stm32f4xx_hal_cortex.o
 .comment       0x0000000000000053       0x54 ./Drivers/STM32F4xx_HAL_Driver/Src/stm32f4xx_hal_dma.o
 .comment       0x0000000000000053       0x54 ./Drivers/STM32F4xx_HAL_Driver/Src/stm32f4xx_hal_gpio.o
 .comment       0x0000000000000053       0x54 ./Drivers/STM32F4xx_HAL_Driver/Src/stm32f4xx_hal_rcc.o
 .comment       0x0000000000000053       0x54 ./Drivers/STM32F4xx_HAL_Driver/Src/stm32f4xx_hal_rcc_ex.o
 .comment       0x0000000000000053       0x54 ./Drivers/STM32F4xx_HAL_Driver/Src/stm32f4xx_hal_spi.o
 .comment       0x0000000000000053       0x54 ./Drivers/STM32F4xx_HAL_Driver/Src/stm32f4xx_hal_tim.o
 .comment       0x0000000000000053       0x54 ./Drivers/STM32F4xx_HAL_Driver/Src/stm32f4xx_hal_tim_ex.o
 .comment       0x0000000000000053       0x54 ./Drivers/STM32F4xx_HAL_Driver/Src/stm32f4xx_hal_uart.o

.debug_frame    0x0000000000000000     0x4d60
 .debug_frame   0x0000000000000000      0x118 ./Core/Src/autosequence.o
 .debug_frame   0x0000000000000118       0x60 ./Core/Src/calibrations.o
 .debug_frame   0x0000000000000178      0x1fc ./Core/Src/main.o
 .debug_frame   0x0000000000000374       0x60 ./Core/Src/nonvolatile_memory.o
 .debug_frame   0x00000000000003d4      0x134 ./Core/Src/serial_data.o
 .debug_frame   0x0000000000000508      0x110 ./Core/Src/stm32f4xx_hal_msp.o
 .debug_frame   0x0000000000000618      0x174 ./Core/Src/stm32f4xx_it.o
 .debug_frame   0x000000000000078c       0x58 ./Core/Src/system_stm32f4xx.o
 .debug_frame   0x00000000000007e4      0x2a0 ./Core/firmware-libraries/L6470/src/L6470.o
 .debug_frame   0x0000000000000a84      0x274 ./Core/firmware-libraries/SerialComms/src/comms.o
 .debug_frame   0x0000000000000cf8      0x5e8 ./Core/firmware-libraries/W25N01GV/src/W25N01GV.o
 .debug_frame   0x00000000000012e0      0x374 ./Drivers/STM32F4xx_HAL_Driver/Src/stm32f4xx_hal.o
 .debug_frame   0x0000000000001654      0x498 ./Drivers/STM32F4xx_HAL_Driver/Src/stm32f4xx_hal_cortex.o
 .debug_frame   0x0000000000001aec      0x250 ./Drivers/STM32F4xx_HAL_Driver/Src/stm32f4xx_hal_dma.o
 .debug_frame   0x0000000000001d3c      0x14c ./Drivers/STM32F4xx_HAL_Driver/Src/stm32f4xx_hal_gpio.o
 .debug_frame   0x0000000000001e88      0x1ec ./Drivers/STM32F4xx_HAL_Driver/Src/stm32f4xx_hal_rcc.o
 .debug_frame   0x0000000000002074      0x1e4 ./Drivers/STM32F4xx_HAL_Driver/Src/stm32f4xx_hal_rcc_ex.o
 .debug_frame   0x0000000000002258      0x824 ./Drivers/STM32F4xx_HAL_Driver/Src/stm32f4xx_hal_spi.o
 .debug_frame   0x0000000000002a7c     0x11bc ./Drivers/STM32F4xx_HAL_Driver/Src/stm32f4xx_hal_tim.o
 .debug_frame   0x0000000000003c38      0x638 ./Drivers/STM32F4xx_HAL_Driver/Src/stm32f4xx_hal_tim_ex.o
 .debug_frame   0x0000000000004270      0x924 ./Drivers/STM32F4xx_HAL_Driver/Src/stm32f4xx_hal_uart.o
 .debug_frame   0x0000000000004b94       0x2c c:/st/stm32cubeide_1.7.0/stm32cubeide/plugins/com.st.stm32cube.ide.mcu.externaltools.gnu-tools-for-stm32.9-2020-q2-update.win32_2.0.0.202105311346/tools/bin/../lib/gcc/arm-none-eabi/9.3.1/../../../../arm-none-eabi/lib/thumb/v7e-m+fp/hard\libc_nano.a(lib_a-init.o)
 .debug_frame   0x0000000000004bc0       0x20 c:/st/stm32cubeide_1.7.0/stm32cubeide/plugins/com.st.stm32cube.ide.mcu.externaltools.gnu-tools-for-stm32.9-2020-q2-update.win32_2.0.0.202105311346/tools/bin/../lib/gcc/arm-none-eabi/9.3.1/../../../../arm-none-eabi/lib/thumb/v7e-m+fp/hard\libc_nano.a(lib_a-memset.o)
 .debug_frame   0x0000000000004be0       0xac c:/st/stm32cubeide_1.7.0/stm32cubeide/plugins/com.st.stm32cube.ide.mcu.externaltools.gnu-tools-for-stm32.9-2020-q2-update.win32_2.0.0.202105311346/tools/bin/../lib/gcc/arm-none-eabi/9.3.1/thumb/v7e-m+fp/hard\libgcc.a(_arm_addsubdf3.o)
 .debug_frame   0x0000000000004c8c       0x50 c:/st/stm32cubeide_1.7.0/stm32cubeide/plugins/com.st.stm32cube.ide.mcu.externaltools.gnu-tools-for-stm32.9-2020-q2-update.win32_2.0.0.202105311346/tools/bin/../lib/gcc/arm-none-eabi/9.3.1/thumb/v7e-m+fp/hard\libgcc.a(_arm_muldivdf3.o)
 .debug_frame   0x0000000000004cdc       0x24 c:/st/stm32cubeide_1.7.0/stm32cubeide/plugins/com.st.stm32cube.ide.mcu.externaltools.gnu-tools-for-stm32.9-2020-q2-update.win32_2.0.0.202105311346/tools/bin/../lib/gcc/arm-none-eabi/9.3.1/thumb/v7e-m+fp/hard\libgcc.a(_arm_fixunsdfsi.o)
 .debug_frame   0x0000000000004d00       0x2c c:/st/stm32cubeide_1.7.0/stm32cubeide/plugins/com.st.stm32cube.ide.mcu.externaltools.gnu-tools-for-stm32.9-2020-q2-update.win32_2.0.0.202105311346/tools/bin/../lib/gcc/arm-none-eabi/9.3.1/thumb/v7e-m+fp/hard\libgcc.a(_aeabi_uldivmod.o)
 .debug_frame   0x0000000000004d2c       0x34 c:/st/stm32cubeide_1.7.0/stm32cubeide/plugins/com.st.stm32cube.ide.mcu.externaltools.gnu-tools-for-stm32.9-2020-q2-update.win32_2.0.0.202105311346/tools/bin/../lib/gcc/arm-none-eabi/9.3.1/thumb/v7e-m+fp/hard\libgcc.a(_udivmoddi4.o)
